###############################################################################
#
# IAR ELF Linker V8.40.1.212/W32 for ARM                  04/Oct/2024  16:11:02
# Copyright 2007-2019 IAR Systems AB.
#
#    Output file  =
#        C:\Users\User\Desktop\Work\IMPULSE\Intergrated_Impulse_Receiver_iar8.4
#        (2)\Debug\Exe\Impulse_Receiver.out
#    Map file     =
#        C:\Users\User\Desktop\Work\IMPULSE\Intergrated_Impulse_Receiver_iar8.4
#        (2)\Debug\List\Impulse_Receiver.map
#    Command line =
#        -f C:\Users\User\AppData\Local\Temp\EWE833.tmp
#        ("C:\Users\User\Desktop\Work\IMPULSE\Intergrated_Impulse_Receiver_iar8.4
#        (2)\Debug\Obj\bfifo.o"
#        "C:\Users\User\Desktop\Work\IMPULSE\Intergrated_Impulse_Receiver_iar8.4
#        (2)\Debug\Obj\bsb.o"
#        "C:\Users\User\Desktop\Work\IMPULSE\Intergrated_Impulse_Receiver_iar8.4
#        (2)\Debug\Obj\checksum.o"
#        "C:\Users\User\Desktop\Work\IMPULSE\Intergrated_Impulse_Receiver_iar8.4
#        (2)\Debug\Obj\main.o"
#        "C:\Users\User\Desktop\Work\IMPULSE\Intergrated_Impulse_Receiver_iar8.4
#        (2)\Debug\Obj\mcu_application.o"
#        "C:\Users\User\Desktop\Work\IMPULSE\Intergrated_Impulse_Receiver_iar8.4
#        (2)\Debug\Obj\mcu_com.o"
#        "C:\Users\User\Desktop\Work\IMPULSE\Intergrated_Impulse_Receiver_iar8.4
#        (2)\Debug\Obj\mcu_config.o"
#        "C:\Users\User\Desktop\Work\IMPULSE\Intergrated_Impulse_Receiver_iar8.4
#        (2)\Debug\Obj\mcu_control_analog.o"
#        "C:\Users\User\Desktop\Work\IMPULSE\Intergrated_Impulse_Receiver_iar8.4
#        (2)\Debug\Obj\mcu_debug.o"
#        "C:\Users\User\Desktop\Work\IMPULSE\Intergrated_Impulse_Receiver_iar8.4
#        (2)\Debug\Obj\mcu_debug_shell.o"
#        "C:\Users\User\Desktop\Work\IMPULSE\Intergrated_Impulse_Receiver_iar8.4
#        (2)\Debug\Obj\mcu_equipment.o"
#        "C:\Users\User\Desktop\Work\IMPULSE\Intergrated_Impulse_Receiver_iar8.4
#        (2)\Debug\Obj\mcu_istream.o"
#        "C:\Users\User\Desktop\Work\IMPULSE\Intergrated_Impulse_Receiver_iar8.4
#        (2)\Debug\Obj\mcu_nb_packet.o"
#        "C:\Users\User\Desktop\Work\IMPULSE\Intergrated_Impulse_Receiver_iar8.4
#        (2)\Debug\Obj\mcu_peer.o"
#        "C:\Users\User\Desktop\Work\IMPULSE\Intergrated_Impulse_Receiver_iar8.4
#        (2)\Debug\Obj\message_queue.o"
#        "C:\Users\User\Desktop\Work\IMPULSE\Intergrated_Impulse_Receiver_iar8.4
#        (2)\Debug\Obj\misc.o"
#        "C:\Users\User\Desktop\Work\IMPULSE\Intergrated_Impulse_Receiver_iar8.4
#        (2)\Debug\Obj\ringbuf.o"
#        "C:\Users\User\Desktop\Work\IMPULSE\Intergrated_Impulse_Receiver_iar8.4
#        (2)\Debug\Obj\startup_stm32f10x_hd.o"
#        "C:\Users\User\Desktop\Work\IMPULSE\Intergrated_Impulse_Receiver_iar8.4
#        (2)\Debug\Obj\stm32f10x_adc.o"
#        "C:\Users\User\Desktop\Work\IMPULSE\Intergrated_Impulse_Receiver_iar8.4
#        (2)\Debug\Obj\stm32f10x_crc.o"
#        "C:\Users\User\Desktop\Work\IMPULSE\Intergrated_Impulse_Receiver_iar8.4
#        (2)\Debug\Obj\stm32f10x_dbgmcu.o"
#        "C:\Users\User\Desktop\Work\IMPULSE\Intergrated_Impulse_Receiver_iar8.4
#        (2)\Debug\Obj\stm32f10x_dma.o"
#        "C:\Users\User\Desktop\Work\IMPULSE\Intergrated_Impulse_Receiver_iar8.4
#        (2)\Debug\Obj\stm32f10x_exti.o"
#        "C:\Users\User\Desktop\Work\IMPULSE\Intergrated_Impulse_Receiver_iar8.4
#        (2)\Debug\Obj\stm32f10x_flash.o"
#        "C:\Users\User\Desktop\Work\IMPULSE\Intergrated_Impulse_Receiver_iar8.4
#        (2)\Debug\Obj\stm32f10x_gpio.o"
#        "C:\Users\User\Desktop\Work\IMPULSE\Intergrated_Impulse_Receiver_iar8.4
#        (2)\Debug\Obj\stm32f10x_i2c.o"
#        "C:\Users\User\Desktop\Work\IMPULSE\Intergrated_Impulse_Receiver_iar8.4
#        (2)\Debug\Obj\stm32f10x_init.o"
#        "C:\Users\User\Desktop\Work\IMPULSE\Intergrated_Impulse_Receiver_iar8.4
#        (2)\Debug\Obj\stm32f10x_it.o"
#        "C:\Users\User\Desktop\Work\IMPULSE\Intergrated_Impulse_Receiver_iar8.4
#        (2)\Debug\Obj\stm32f10x_iwdg.o"
#        "C:\Users\User\Desktop\Work\IMPULSE\Intergrated_Impulse_Receiver_iar8.4
#        (2)\Debug\Obj\stm32f10x_rcc.o"
#        "C:\Users\User\Desktop\Work\IMPULSE\Intergrated_Impulse_Receiver_iar8.4
#        (2)\Debug\Obj\stm32f10x_spi.o"
#        "C:\Users\User\Desktop\Work\IMPULSE\Intergrated_Impulse_Receiver_iar8.4
#        (2)\Debug\Obj\stm32f10x_tim.o"
#        "C:\Users\User\Desktop\Work\IMPULSE\Intergrated_Impulse_Receiver_iar8.4
#        (2)\Debug\Obj\stm32f10x_usart.o"
#        "C:\Users\User\Desktop\Work\IMPULSE\Intergrated_Impulse_Receiver_iar8.4
#        (2)\Debug\Obj\stm32f10x_wwdg.o"
#        "C:\Users\User\Desktop\Work\IMPULSE\Intergrated_Impulse_Receiver_iar8.4
#        (2)\Debug\Obj\system_stm32f10x.o" --no_out_extension -o
#        "C:\Users\User\Desktop\Work\IMPULSE\Intergrated_Impulse_Receiver_iar8.4
#        (2)\Debug\Exe\Impulse_Receiver.out" --map
#        "C:\Users\User\Desktop\Work\IMPULSE\Intergrated_Impulse_Receiver_iar8.4
#        (2)\Debug\List\Impulse_Receiver.map" --config
#        "C:\Users\User\Desktop\Work\IMPULSE\Intergrated_Impulse_Receiver_iar8.4
#        (2)\stm32f10x_flash.icf" --semihosting --entry __iar_program_start
#        --vfe --text_out locale)
#
###############################################################################

*******************************************************************************
*** RUNTIME MODEL ATTRIBUTES
***

CppFlavor       = *
__SystemLibrary = DLib
__dlib_version  = 6


*******************************************************************************
*** HEAP SELECTION
***

The basic heap was selected because no calls to memory allocation
functions were found in the application outside of system library
functions, and there are calls to deallocation functions in the
application.


*******************************************************************************
*** PLACEMENT SUMMARY
***

"A0":  place at address 0x800'0000 { ro section .intvec };
"P1":  place in [from 0x800'0000 to 0x80f'ffff] { ro };
define block CSTACK with size = 2K, alignment = 8 { };
define block HEAP with size = 512, alignment = 8 { };
"P2":  place in [from 0x2000'0000 to 0x2001'7fff] {
          rw, block CSTACK, block HEAP };
initialize by copy { rw };

  Section            Kind         Address    Size  Object
  -------            ----         -------    ----  ------
"A0":                                       0x130
  .intvec            ro code   0x800'0000   0x130  startup_stm32f10x_hd.o [1]
                             - 0x800'0130   0x130

"P1":                                      0x96d0
  .text              ro code   0x800'0130  0x1914  mcu_application.o [1]
  .text              ro code   0x800'1a44   0x210  stm32f10x_gpio.o [1]
  .text              ro code   0x800'1c54   0x434  mcu_peer.o [1]
  .text              ro code   0x800'2088   0x21e  mcu_istream.o [1]
  .text              ro code   0x800'22a6    0x3a  zero_init3.o [4]
  .text              ro code   0x800'22e0   0xa90  mcu_control_analog.o [1]
  .text              ro code   0x800'2d70   0x3e4  stm32f10x_tim.o [1]
  .text              ro code   0x800'3154    0x1c  U32ToFlt.o [3]
  .text              ro code   0x800'3170    0xfc  FltDiv.o [3]
  .text              ro code   0x800'326c    0xa6  ABImemcpy.o [4]
  .text              ro code   0x800'3312    0x2e  copy_init3.o [4]
  .text              ro code   0x800'3340    0x66  ABImemset.o [4]
  .text              ro code   0x800'33a6    0x1a  xsnprout.o [2]
  .text              ro code   0x800'33c0   0x236  stm32f10x_usart.o [1]
  .text              ro code   0x800'35f6     0xa  xsprout.o [2]
  .text              ro code   0x800'3600    0x36  strlen.o [4]
  .rodata            const     0x800'3636     0x2  mcu_debug_shell.o [1]
  .text              ro code   0x800'3638   0x4b0  mcu_debug.o [1]
  .text              ro code   0x800'3ae8   0x19c  mcu_config.o [1]
  .text              ro code   0x800'3c84    0xd8  FltMul.o [3]
  .text              ro code   0x800'3d5c    0x22  FltToU32.o [3]
  .text              ro code   0x800'3d80   0x800  mcu_equipment.o [1]
  .text              ro code   0x800'4580   0x12c  mcu_com.o [1]
  .text              ro code   0x800'46ac    0x40  sprintf.o [2]
  .text              ro code   0x800'46ec    0x48  FltToDbl.o [3]
  .text              ro code   0x800'4734    0x9a  bfifo.o [1]
  .text              ro code   0x800'47d0   0x1bc  mcu_debug_shell.o [1]
  .text              ro code   0x800'498c    0x3e  message_queue.o [1]
  .text              ro code   0x800'49cc   0x23a  mcu_nb_packet.o [1]
  .text              ro code   0x800'4c06   0x11e  bsb.o [1]
  .text              ro code   0x800'4d24   0x260  stm32f10x_rcc.o [1]
  .text              ro code   0x800'4f84   0x1d8  stm32f10x_dma.o [1]
  .text              ro code   0x800'515c    0x1a  U32ToDbl.o [3]
  .text              ro code   0x800'5178   0x1a2  DblMul.o [3]
  .text              ro code   0x800'531c   0x246  DblDiv.o [3]
  .text              ro code   0x800'5564    0x68  DblToFlt.o [3]
  .text              ro code   0x800'55cc   0x17a  DblAdd.o [3]
  .text              ro code   0x800'5748    0xe2  FltAdd.o [3]
  .text              ro code   0x800'582c    0x24  S32ToFlt.o [3]
  .text              ro code   0x800'5850    0x3c  vsnprint.o [2]
  .text              ro code   0x800'588c    0x68  memcmp.o [4]
  .text              ro code   0x800'58f4   0xfaa  xprintffull_nomb.o [2]
  .text              ro code   0x800'689e    0x28  strncmp.o [2]
  .text              ro code   0x800'68c8    0x3c  checksum.o [1]
  .text              ro code   0x800'6904    0x96  ABImemmove.o [4]
  .text              ro code   0x800'699c    0xe2  DblSub.o [3]
  .text              ro code   0x800'6a80    0x74  FltSub.o [3]
  .text              ro code   0x800'6af4    0x16  strchr.o [4]
  .text              ro code   0x800'6b0c    0x40  xfail_s.o [2]
  .text              ro code   0x800'6b4c    0x58  memchr.o [4]
  .text              ro code   0x800'6ba4    0x70  frexp.o [3]
  .text              ro code   0x800'6c14    0x2e  DblCmpLe.o [3]
  .text              ro code   0x800'6c44    0x2e  DblCmpGe.o [3]
  .text              ro code   0x800'6c74   0x13a  ldexp.o [3]
  .text              ro code   0x800'6db0    0x3a  DblToS32.o [3]
  .text              ro code   0x800'6dec    0x22  S32ToDbl.o [3]
  .text              ro code   0x800'6e10    0x28  DblToU32.o [3]
  .text              ro code   0x800'6e38   0x230  I64DivMod.o [4]
  .text              ro code   0x800'7068     0x6  abort.o [2]
  .text              ro code   0x800'7070     0x2  I64DivZer.o [4]
  .text              ro code   0x800'7074    0x14  exit.o [5]
  .text              ro code   0x800'7088   0x814  stm32f10x_init.o [1]
  .text              ro code   0x800'789c    0x18  stm32f10x_flash.o [1]
  .text              ro code   0x800'78b4    0x78  misc.o [1]
  .text              ro code   0x800'792c   0x1f8  stm32f10x_adc.o [1]
  .text              ro code   0x800'7b24    0xbc  stm32f10x_exti.o [1]
  .text              ro code   0x800'7be0   0x258  stm32f10x_it.o [1]
  .rodata            const     0x800'7e38   0x200  checksum.o [1]
  .text              ro code   0x800'8038   0x118  system_stm32f10x.o [1]
  .text              ro code   0x800'8150    0xa8  main.o [1]
  .rodata            const     0x800'81f8    0x98  mcu_equipment.o [1]
  .rodata            const     0x800'8290    0x98  mcu_equipment.o [1]
  Initializer bytes  const     0x800'8328    0x98  <for P2-1>
  .rodata            const     0x800'83c0    0x50  mcu_debug.o [1]
  .rodata            const     0x800'8410    0x48  mcu_control_analog.o [1]
  .rodata            const     0x800'8458    0x44  mcu_debug.o [1]
  .rodata            const     0x800'849c    0x40  mcu_peer.o [1]
  .rodata            const     0x800'84dc    0x38  mcu_debug.o [1]
  .rodata            const     0x800'8514    0x34  mcu_application.o [1]
  .rodata            const     0x800'8548    0x30  mcu_application.o [1]
  .rodata            const     0x800'8578    0x30  mcu_peer.o [1]
  .rodata            const     0x800'85a8    0x2c  mcu_debug.o [1]
  .rodata            const     0x800'85d4    0x2c  mcu_istream.o [1]
  .rodata            const     0x800'8600    0x2c  mcu_peer.o [1]
  .rodata            const     0x800'862c    0x28  mcu_application.o [1]
  .rodata            const     0x800'8654    0x28  mcu_application.o [1]
  .rodata            const     0x800'867c    0x28  mcu_application.o [1]
  .rodata            const     0x800'86a4    0x28  mcu_application.o [1]
  .rodata            const     0x800'86cc    0x28  mcu_application.o [1]
  .rodata            const     0x800'86f4    0x28  mcu_application.o [1]
  .rodata            const     0x800'871c    0x28  mcu_application.o [1]
  .rodata            const     0x800'8744    0x28  mcu_application.o [1]
  .rodata            const     0x800'876c    0x28  mcu_application.o [1]
  .rodata            const     0x800'8794    0x28  mcu_application.o [1]
  .rodata            const     0x800'87bc    0x28  mcu_application.o [1]
  .rodata            const     0x800'87e4    0x28  mcu_application.o [1]
  .rodata            const     0x800'880c    0x28  mcu_application.o [1]
  .rodata            const     0x800'8834    0x28  mcu_application.o [1]
  .rodata            const     0x800'885c    0x28  mcu_application.o [1]
  .rodata            const     0x800'8884    0x28  mcu_application.o [1]
  .rodata            const     0x800'88ac    0x28  mcu_application.o [1]
  .rodata            const     0x800'88d4    0x28  mcu_application.o [1]
  .rodata            const     0x800'88fc    0x28  mcu_application.o [1]
  .rodata            const     0x800'8924    0x28  mcu_application.o [1]
  .rodata            const     0x800'894c    0x28  mcu_application.o [1]
  .rodata            const     0x800'8974    0x28  mcu_control_analog.o [1]
  .rodata            const     0x800'899c    0x28  mcu_debug.o [1]
  .rodata            const     0x800'89c4    0x28  mcu_debug.o [1]
  .rodata            const     0x800'89ec    0x28  mcu_debug.o [1]
  .rodata            const     0x800'8a14    0x28  mcu_debug.o [1]
  .rodata            const     0x800'8a3c    0x28  mcu_debug.o [1]
  .rodata            const     0x800'8a64    0x28  mcu_debug.o [1]
  .rodata            const     0x800'8a8c    0x28  mcu_debug.o [1]
  .rodata            const     0x800'8ab4    0x28  mcu_debug.o [1]
  .rodata            const     0x800'8adc    0x28  mcu_debug.o [1]
  .text              ro code   0x800'8b04    0x28  data_init.o [4]
  .rodata            const     0x800'8b2c    0x24  mcu_application.o [1]
  .rodata            const     0x800'8b50    0x24  mcu_application.o [1]
  .rodata            const     0x800'8b74    0x24  mcu_config.o [1]
  .rodata            const     0x800'8b98    0x24  mcu_control_analog.o [1]
  .rodata            const     0x800'8bbc    0x24  mcu_control_analog.o [1]
  .rodata            const     0x800'8be0    0x24  mcu_control_analog.o [1]
  .rodata            const     0x800'8c04    0x24  mcu_debug.o [1]
  .rodata            const     0x800'8c28    0x24  mcu_debug.o [1]
  .rodata            const     0x800'8c4c    0x24  mcu_debug.o [1]
  .rodata            const     0x800'8c70    0x24  mcu_debug.o [1]
  .rodata            const     0x800'8c94    0x24  mcu_debug.o [1]
  .rodata            const     0x800'8cb8    0x24  mcu_debug.o [1]
  .rodata            const     0x800'8cdc    0x24  mcu_debug.o [1]
  .rodata            const     0x800'8d00    0x24  mcu_debug.o [1]
  .rodata            const     0x800'8d24    0x24  mcu_debug.o [1]
  .rodata            const     0x800'8d48    0x24  mcu_debug.o [1]
  .rodata            const     0x800'8d6c    0x24  mcu_debug.o [1]
  .rodata            const     0x800'8d90    0x24  mcu_debug.o [1]
  .rodata            const     0x800'8db4    0x24  mcu_debug.o [1]
  .rodata            const     0x800'8dd8    0x24  mcu_debug.o [1]
  .rodata            const     0x800'8dfc    0x24  mcu_debug.o [1]
  .rodata            const     0x800'8e20    0x24  mcu_debug.o [1]
  .rodata            const     0x800'8e44    0x24  mcu_debug.o [1]
  .rodata            const     0x800'8e68    0x24  mcu_debug.o [1]
  .rodata            const     0x800'8e8c    0x24  mcu_debug.o [1]
  .rodata            const     0x800'8eb0    0x24  mcu_debug.o [1]
  .rodata            const     0x800'8ed4    0x24  mcu_debug.o [1]
  .rodata            const     0x800'8ef8    0x24  mcu_debug.o [1]
  .rodata            const     0x800'8f1c    0x24  mcu_debug.o [1]
  .rodata            const     0x800'8f40    0x24  mcu_debug.o [1]
  .rodata            const     0x800'8f64    0x24  mcu_debug.o [1]
  .rodata            const     0x800'8f88    0x24  mcu_debug.o [1]
  .rodata            const     0x800'8fac    0x24  mcu_debug.o [1]
  .rodata            const     0x800'8fd0    0x24  mcu_debug.o [1]
  .rodata            const     0x800'8ff4    0x24  mcu_peer.o [1]
  .iar.init_table    const     0x800'9018    0x24  - Linker created -
  .rodata            const     0x800'903c    0x20  mcu_application.o [1]
  .rodata            const     0x800'905c    0x20  mcu_application.o [1]
  .rodata            const     0x800'907c    0x20  mcu_config.o [1]
  .rodata            const     0x800'909c    0x20  mcu_control_analog.o [1]
  .rodata            const     0x800'90bc    0x20  mcu_control_analog.o [1]
  .rodata            const     0x800'90dc    0x20  mcu_control_analog.o [1]
  .rodata            const     0x800'90fc    0x20  mcu_control_analog.o [1]
  .rodata            const     0x800'911c    0x20  mcu_control_analog.o [1]
  .rodata            const     0x800'913c    0x20  mcu_control_analog.o [1]
  .rodata            const     0x800'915c    0x20  mcu_debug.o [1]
  .rodata            const     0x800'917c    0x20  mcu_debug.o [1]
  .rodata            const     0x800'919c    0x20  mcu_debug.o [1]
  .rodata            const     0x800'91bc    0x20  mcu_debug.o [1]
  .rodata            const     0x800'91dc    0x20  mcu_debug.o [1]
  .rodata            const     0x800'91fc    0x20  mcu_debug.o [1]
  .rodata            const     0x800'921c    0x20  mcu_debug.o [1]
  .rodata            const     0x800'923c    0x20  mcu_debug.o [1]
  .rodata            const     0x800'925c    0x20  mcu_peer.o [1]
  .text              ro code   0x800'927c    0x1e  cmain.o [4]
  .text              ro code   0x800'929a     0x4  low_level_init.o [2]
  .text              ro code   0x800'929e     0x4  exit.o [2]
  .text              ro code   0x800'92a4     0xa  cexit.o [4]
  .rodata            const     0x800'92b0    0x1c  mcu_application.o [1]
  .rodata            const     0x800'92cc    0x1c  mcu_config.o [1]
  .rodata            const     0x800'92e8    0x1c  mcu_config.o [1]
  .rodata            const     0x800'9304    0x1c  mcu_control_analog.o [1]
  .rodata            const     0x800'9320    0x1c  mcu_control_analog.o [1]
  .rodata            const     0x800'933c    0x1c  mcu_control_analog.o [1]
  .rodata            const     0x800'9358    0x1c  mcu_debug.o [1]
  .rodata            const     0x800'9374    0x1c  mcu_debug.o [1]
  .rodata            const     0x800'9390    0x1c  mcu_debug.o [1]
  .rodata            const     0x800'93ac    0x1c  mcu_debug.o [1]
  .rodata            const     0x800'93c8    0x1c  mcu_equipment.o [1]
  .rodata            const     0x800'93e4    0x1c  mcu_istream.o [1]
  .rodata            const     0x800'9400    0x18  mcu_application.o [1]
  .rodata            const     0x800'9418    0x18  mcu_application.o [1]
  .rodata            const     0x800'9430    0x18  mcu_application.o [1]
  .rodata            const     0x800'9448    0x18  mcu_control_analog.o [1]
  .rodata            const     0x800'9460    0x18  mcu_debug.o [1]
  .rodata            const     0x800'9478    0x18  mcu_debug.o [1]
  .rodata            const     0x800'9490    0x18  mcu_debug.o [1]
  .rodata            const     0x800'94a8    0x18  mcu_debug.o [1]
  .rodata            const     0x800'94c0    0x18  mcu_debug.o [1]
  .rodata            const     0x800'94d8    0x18  mcu_debug.o [1]
  .rodata            const     0x800'94f0    0x18  mcu_equipment.o [1]
  .rodata            const     0x800'9508    0x18  mcu_istream.o [1]
  .rodata            const     0x800'9520    0x14  mcu_application.o [1]
  .rodata            const     0x800'9534    0x14  mcu_config.o [1]
  .rodata            const     0x800'9548    0x14  mcu_control_analog.o [1]
  .rodata            const     0x800'955c    0x14  mcu_debug_shell.o [1]
  .rodata            const     0x800'9570    0x14  mcu_equipment.o [1]
  .rodata            const     0x800'9584    0x14  mcu_nb_packet.o [1]
  .rodata            const     0x800'9598    0x14  mcu_peer.o [1]
  .rodata            const     0x800'95ac    0x10  mcu_application.o [1]
  .rodata            const     0x800'95bc    0x10  mcu_application.o [1]
  .rodata            const     0x800'95cc    0x10  mcu_application.o [1]
  .rodata            const     0x800'95dc    0x10  mcu_debug.o [1]
  .rodata            const     0x800'95ec    0x10  mcu_debug.o [1]
  .rodata            const     0x800'95fc    0x10  mcu_debug.o [1]
  .text              ro code   0x800'960c    0x10  startup_stm32f10x_hd.o [1]
  .rodata            const     0x800'961c     0xc  mcu_application.o [1]
  .rodata            const     0x800'9628     0xc  mcu_application.o [1]
  .rodata            const     0x800'9634     0xc  mcu_application.o [1]
  .rodata            const     0x800'9640     0xc  mcu_application.o [1]
  .rodata            const     0x800'964c     0xc  mcu_application.o [1]
  .rodata            const     0x800'9658     0xc  mcu_debug_shell.o [1]
  .rodata            const     0x800'9664     0xc  mcu_debug_shell.o [1]
  .rodata            const     0x800'9670     0xc  mcu_equipment.o [1]
  .rodata            const     0x800'967c     0xc  mcu_equipment.o [1]
  .rodata            const     0x800'9688     0xc  mcu_equipment.o [1]
  .rodata            const     0x800'9694     0xc  mcu_equipment.o [1]
  .text              ro code   0x800'96a0     0xc  cstartup_M.o [4]
  .rodata            const     0x800'96ac     0x8  mcu_application.o [1]
  .rodata            const     0x800'96b4     0x8  mcu_application.o [1]
  .rodata            const     0x800'96bc     0x8  mcu_application.o [1]
  .rodata            const     0x800'96c4     0x8  mcu_application.o [1]
  .rodata            const     0x800'96cc     0x8  mcu_debug_shell.o [1]
  .rodata            const     0x800'96d4     0x8  mcu_debug_shell.o [1]
  .rodata            const     0x800'96dc     0x8  mcu_debug_shell.o [1]
  .rodata            const     0x800'96e4     0x8  mcu_debug_shell.o [1]
  .rodata            const     0x800'96ec     0x8  mcu_debug_shell.o [1]
  .rodata            const     0x800'96f4     0x8  mcu_debug_shell.o [1]
  .rodata            const     0x800'96fc     0x8  mcu_debug_shell.o [1]
  .rodata            const     0x800'9704     0x8  mcu_debug_shell.o [1]
  .rodata            const     0x800'970c     0x8  mcu_debug_shell.o [1]
  .rodata            const     0x800'9714     0x8  mcu_debug_shell.o [1]
  .rodata            const     0x800'971c     0x8  mcu_equipment.o [1]
  .rodata            const     0x800'9724     0x8  xprintffull_nomb.o [2]
  .rodata            const     0x800'972c     0x4  mcu_debug.o [1]
  .rodata            const     0x800'9730     0x4  mcu_debug.o [1]
  .rodata            const     0x800'9734     0x4  mcu_nb_packet.o [1]
  .rodata            const     0x800'9738     0x4  mcu_nb_packet.o [1]
  .text              ro code   0x800'973c     0x4  startup_stm32f10x_hd.o [1]
  .text              ro code   0x800'9740     0x4  startup_stm32f10x_hd.o [1]
  .text              ro code   0x800'9744     0x4  startup_stm32f10x_hd.o [1]
  .text              ro code   0x800'9748     0x4  startup_stm32f10x_hd.o [1]
  .text              ro code   0x800'974c     0x4  startup_stm32f10x_hd.o [1]
  .text              ro code   0x800'9750     0x4  startup_stm32f10x_hd.o [1]
  .text              ro code   0x800'9754     0x4  startup_stm32f10x_hd.o [1]
  .text              ro code   0x800'9758     0x4  startup_stm32f10x_hd.o [1]
  .text              ro code   0x800'975c     0x4  startup_stm32f10x_hd.o [1]
  .text              ro code   0x800'9760     0x4  startup_stm32f10x_hd.o [1]
  .text              ro code   0x800'9764     0x4  startup_stm32f10x_hd.o [1]
  .text              ro code   0x800'9768     0x4  startup_stm32f10x_hd.o [1]
  .text              ro code   0x800'976c     0x4  startup_stm32f10x_hd.o [1]
  .text              ro code   0x800'9770     0x4  startup_stm32f10x_hd.o [1]
  .text              ro code   0x800'9774     0x4  startup_stm32f10x_hd.o [1]
  .text              ro code   0x800'9778     0x4  startup_stm32f10x_hd.o [1]
  .text              ro code   0x800'977c     0x4  startup_stm32f10x_hd.o [1]
  .text              ro code   0x800'9780     0x4  startup_stm32f10x_hd.o [1]
  .text              ro code   0x800'9784     0x4  startup_stm32f10x_hd.o [1]
  .text              ro code   0x800'9788     0x4  startup_stm32f10x_hd.o [1]
  .text              ro code   0x800'978c     0x4  startup_stm32f10x_hd.o [1]
  .text              ro code   0x800'9790     0x4  startup_stm32f10x_hd.o [1]
  .text              ro code   0x800'9794     0x4  startup_stm32f10x_hd.o [1]
  .text              ro code   0x800'9798     0x4  startup_stm32f10x_hd.o [1]
  .text              ro code   0x800'979c     0x4  startup_stm32f10x_hd.o [1]
  .text              ro code   0x800'97a0     0x4  startup_stm32f10x_hd.o [1]
  .text              ro code   0x800'97a4     0x4  startup_stm32f10x_hd.o [1]
  .text              ro code   0x800'97a8     0x4  startup_stm32f10x_hd.o [1]
  .text              ro code   0x800'97ac     0x4  startup_stm32f10x_hd.o [1]
  .text              ro code   0x800'97b0     0x4  startup_stm32f10x_hd.o [1]
  .text              ro code   0x800'97b4     0x4  startup_stm32f10x_hd.o [1]
  .text              ro code   0x800'97b8     0x4  startup_stm32f10x_hd.o [1]
  .text              ro code   0x800'97bc     0x4  startup_stm32f10x_hd.o [1]
  .text              ro code   0x800'97c0     0x4  startup_stm32f10x_hd.o [1]
  .text              ro code   0x800'97c4     0x4  startup_stm32f10x_hd.o [1]
  .text              ro code   0x800'97c8     0x4  startup_stm32f10x_hd.o [1]
  .text              ro code   0x800'97cc     0x4  startup_stm32f10x_hd.o [1]
  .text              ro code   0x800'97d0     0x4  startup_stm32f10x_hd.o [1]
  .text              ro code   0x800'97d4     0x4  startup_stm32f10x_hd.o [1]
  .text              ro code   0x800'97d8     0x4  startup_stm32f10x_hd.o [1]
  .text              ro code   0x800'97dc     0x4  startup_stm32f10x_hd.o [1]
  .text              ro code   0x800'97e0     0x4  startup_stm32f10x_hd.o [1]
  .text              ro code   0x800'97e4     0x4  startup_stm32f10x_hd.o [1]
  .text              ro code   0x800'97e8     0x4  startup_stm32f10x_hd.o [1]
  .text              ro code   0x800'97ec     0x4  startup_stm32f10x_hd.o [1]
  .text              ro code   0x800'97f0     0x4  startup_stm32f10x_hd.o [1]
  .text              ro code   0x800'97f4     0x4  startup_stm32f10x_hd.o [1]
  .text              ro code   0x800'97f8     0x4  startup_stm32f10x_hd.o [1]
  .text              ro code   0x800'97fc     0x4  startup_stm32f10x_hd.o [1]
  .rodata            const     0x800'9800     0x0  zero_init3.o [4]
  .rodata            const     0x800'9800     0x0  copy_init3.o [4]
                             - 0x800'9800  0x96d0

"P2", part 1 of 3:                           0x98
  P2-1                        0x2000'0000    0x96  <Init block>
    .data            inited   0x2000'0000     0x4  mcu_application.o [1]
    .data            inited   0x2000'0004     0x4  mcu_application.o [1]
    .data            inited   0x2000'0008     0x4  mcu_application.o [1]
    .data            inited   0x2000'000c     0x4  mcu_application.o [1]
    .data            inited   0x2000'0010     0x4  mcu_application.o [1]
    .data            inited   0x2000'0014    0x10  mcu_com.o [1]
    .data            inited   0x2000'0024    0x58  mcu_debug_shell.o [1]
    .data            inited   0x2000'007c    0x10  stm32f10x_rcc.o [1]
    .data            inited   0x2000'008c     0x4  stm32f10x_rcc.o [1]
    .data            inited   0x2000'0090     0x4  system_stm32f10x.o [1]
    .data            inited   0x2000'0094     0x1  mcu_application.o [1]
    .data            inited   0x2000'0095     0x1  mcu_application.o [1]
                            - 0x2000'0096    0x96

"P2", part 2 of 3:                         0x2e40
  .bss               zero     0x2000'0098  0x1000  mcu_application.o [1]
  .bss               zero     0x2000'1098   0x528  mcu_control_analog.o [1]
  .bss               zero     0x2000'15c0   0x528  mcu_control_analog.o [1]
  .bss               zero     0x2000'1ae8   0x1f8  mcu_application.o [1]
  .bss               zero     0x2000'1ce0   0x1f8  mcu_application.o [1]
  .bss               zero     0x2000'1ed8   0x1f8  mcu_application.o [1]
  .bss               zero     0x2000'20d0   0x17c  mcu_control_analog.o [1]
  .bss               zero     0x2000'224c   0x17c  mcu_control_analog.o [1]
  .bss               zero     0x2000'23c8    0xfc  mcu_application.o [1]
  .bss               zero     0x2000'24c4    0xfc  mcu_application.o [1]
  .bss               zero     0x2000'25c0    0xfc  mcu_application.o [1]
  .bss               zero     0x2000'26bc    0xfc  mcu_application.o [1]
  .bss               zero     0x2000'27b8    0xb0  mcu_equipment.o [1]
  .bss               zero     0x2000'2868    0xa0  mcu_com.o [1]
  .bss               zero     0x2000'2908    0x90  mcu_peer.o [1]
  .bss               zero     0x2000'2998    0x80  mcu_debug_shell.o [1]
  .bss               zero     0x2000'2a18    0x64  mcu_control_analog.o [1]
  .bss               zero     0x2000'2a7c    0x40  mcu_application.o [1]
  .bss               zero     0x2000'2abc    0x40  mcu_application.o [1]
  .bss               zero     0x2000'2afc    0x34  mcu_application.o [1]
  .bss               zero     0x2000'2b30    0x30  mcu_application.o [1]
  .bss               zero     0x2000'2b60    0x2c  mcu_application.o [1]
  .bss               zero     0x2000'2b8c    0x2c  mcu_application.o [1]
  .bss               zero     0x2000'2bb8    0x2c  mcu_application.o [1]
  .bss               zero     0x2000'2be4    0x2c  mcu_control_analog.o [1]
  .bss               zero     0x2000'2c10    0x20  mcu_application.o [1]
  .bss               zero     0x2000'2c30    0x20  mcu_control_analog.o [1]
  .bss               zero     0x2000'2c50    0x1c  mcu_application.o [1]
  .bss               zero     0x2000'2c6c    0x1c  mcu_application.o [1]
  .bss               zero     0x2000'2c88    0x1c  mcu_application.o [1]
  .bss               zero     0x2000'2ca4    0x1c  mcu_istream.o [1]
  .bss               zero     0x2000'2cc0    0x1c  mcu_istream.o [1]
  .bss               zero     0x2000'2cdc    0x1c  mcu_istream.o [1]
  .bss               zero     0x2000'2cf8    0x18  mcu_application.o [1]
  .bss               zero     0x2000'2d10    0x14  mcu_application.o [1]
  .bss               zero     0x2000'2d24    0x14  mcu_config.o [1]
  .bss               zero     0x2000'2d38    0x14  stm32f10x_init.o [1]
  .bss               zero     0x2000'2d4c    0x14  stm32f10x_init.o [1]
  .bss               zero     0x2000'2d60    0x10  mcu_application.o [1]
  .bss               zero     0x2000'2d70    0x10  stm32f10x_init.o [1]
  .bss               zero     0x2000'2d80     0xc  mcu_control_analog.o [1]
  .bss               zero     0x2000'2d8c     0xc  mcu_debug_shell.o [1]
  .bss               zero     0x2000'2d98     0xc  stm32f10x_init.o [1]
  .bss               zero     0x2000'2da4     0xc  stm32f10x_init.o [1]
  .bss               zero     0x2000'2db0     0x8  mcu_application.o [1]
  .bss               zero     0x2000'2db8     0x8  mcu_application.o [1]
  .bss               zero     0x2000'2dc0     0x8  stm32f10x_init.o [1]
  .bss               zero     0x2000'2dc8     0x4  mcu_application.o [1]
  .bss               zero     0x2000'2dcc     0x4  mcu_application.o [1]
  .bss               zero     0x2000'2dd0     0x4  mcu_application.o [1]
  .bss               zero     0x2000'2dd4     0x4  mcu_application.o [1]
  .bss               zero     0x2000'2dd8     0x4  mcu_application.o [1]
  .bss               zero     0x2000'2ddc     0x4  mcu_application.o [1]
  .bss               zero     0x2000'2de0     0x4  mcu_application.o [1]
  .bss               zero     0x2000'2de4     0x4  mcu_application.o [1]
  .bss               zero     0x2000'2de8     0x4  mcu_application.o [1]
  .bss               zero     0x2000'2dec     0x4  mcu_application.o [1]
  .bss               zero     0x2000'2df0     0x4  mcu_application.o [1]
  .bss               zero     0x2000'2df4     0x4  mcu_application.o [1]
  .bss               zero     0x2000'2df8     0x4  mcu_application.o [1]
  .bss               zero     0x2000'2dfc     0x4  mcu_application.o [1]
  .bss               zero     0x2000'2e00     0x4  mcu_application.o [1]
  .bss               zero     0x2000'2e04     0x4  mcu_application.o [1]
  .bss               zero     0x2000'2e08     0x4  mcu_application.o [1]
  .bss               zero     0x2000'2e0c     0x4  mcu_application.o [1]
  .bss               zero     0x2000'2e10     0x4  mcu_application.o [1]
  .bss               zero     0x2000'2e14     0x4  mcu_application.o [1]
  .bss               zero     0x2000'2e18     0x4  mcu_application.o [1]
  .bss               zero     0x2000'2e1c     0x4  mcu_application.o [1]
  .bss               zero     0x2000'2e20     0x4  mcu_application.o [1]
  .bss               zero     0x2000'2e24     0x4  mcu_application.o [1]
  .bss               zero     0x2000'2e28     0x4  mcu_application.o [1]
  .bss               zero     0x2000'2e2c     0x4  mcu_application.o [1]
  .bss               zero     0x2000'2e30     0x4  mcu_application.o [1]
  .bss               zero     0x2000'2e34     0x4  mcu_application.o [1]
  .bss               zero     0x2000'2e38     0x4  mcu_application.o [1]
  .bss               zero     0x2000'2e3c     0x4  mcu_application.o [1]
  .bss               zero     0x2000'2e40     0x4  mcu_application.o [1]
  .bss               zero     0x2000'2e44     0x4  mcu_application.o [1]
  .bss               zero     0x2000'2e48     0x4  mcu_application.o [1]
  .bss               zero     0x2000'2e4c     0x4  mcu_application.o [1]
  .bss               zero     0x2000'2e50     0x4  mcu_application.o [1]
  .bss               zero     0x2000'2e54     0x4  mcu_application.o [1]
  .bss               zero     0x2000'2e58     0x4  mcu_control_analog.o [1]
  .bss               zero     0x2000'2e5c     0x4  mcu_control_analog.o [1]
  .bss               zero     0x2000'2e60     0x4  mcu_control_analog.o [1]
  .bss               zero     0x2000'2e64     0x4  mcu_control_analog.o [1]
  .bss               zero     0x2000'2e68     0x4  mcu_control_analog.o [1]
  .bss               zero     0x2000'2e6c     0x4  mcu_control_analog.o [1]
  .bss               zero     0x2000'2e70     0x4  mcu_control_analog.o [1]
  .bss               zero     0x2000'2e74     0x4  mcu_control_analog.o [1]
  .bss               zero     0x2000'2e78     0x4  mcu_control_analog.o [1]
  .bss               zero     0x2000'2e7c     0x4  mcu_control_analog.o [1]
  .bss               zero     0x2000'2e80     0x4  mcu_control_analog.o [1]
  .bss               zero     0x2000'2e84     0x4  mcu_control_analog.o [1]
  .bss               zero     0x2000'2e88     0x4  mcu_control_analog.o [1]
  .bss               zero     0x2000'2e8c     0x4  mcu_control_analog.o [1]
  .bss               zero     0x2000'2e90     0x4  mcu_control_analog.o [1]
  .bss               zero     0x2000'2e94     0x4  mcu_control_analog.o [1]
  .bss               zero     0x2000'2e98     0x4  mcu_control_analog.o [1]
  .bss               zero     0x2000'2e9c     0x4  mcu_control_analog.o [1]
  .bss               zero     0x2000'2ea0     0x4  mcu_control_analog.o [1]
  .bss               zero     0x2000'2ea4     0x4  mcu_control_analog.o [1]
  .bss               zero     0x2000'2ea8     0x4  mcu_control_analog.o [1]
  .bss               zero     0x2000'2eac     0x4  stm32f10x_init.o [1]
  .bss               zero     0x2000'2eb0     0x4  stm32f10x_init.o [1]
  .bss               zero     0x2000'2eb4     0x4  xfail_s.o [2]
  .bss               zero     0x2000'2eb8     0x2  mcu_application.o [1]
  .bss               zero     0x2000'2eba     0x2  mcu_application.o [1]
  .bss               zero     0x2000'2ebc     0x2  mcu_application.o [1]
  .bss               zero     0x2000'2ebe     0x1  mcu_application.o [1]
  .bss               zero     0x2000'2ebf     0x1  mcu_application.o [1]
  .bss               zero     0x2000'2ec0     0x1  mcu_application.o [1]
  .bss               zero     0x2000'2ec1     0x1  mcu_application.o [1]
  .bss               zero     0x2000'2ec2     0x1  mcu_application.o [1]
  .bss               zero     0x2000'2ec3     0x1  mcu_application.o [1]
  .bss               zero     0x2000'2ec4     0x1  mcu_application.o [1]
  .bss               zero     0x2000'2ec5     0x1  mcu_application.o [1]
  .bss               zero     0x2000'2ec6     0x1  mcu_application.o [1]
  .bss               zero     0x2000'2ec7     0x1  mcu_application.o [1]
  .bss               zero     0x2000'2ec8     0x1  mcu_application.o [1]
  .bss               zero     0x2000'2ec9     0x1  mcu_application.o [1]
  .bss               zero     0x2000'2eca     0x1  mcu_application.o [1]
  .bss               zero     0x2000'2ecb     0x1  mcu_application.o [1]
  .bss               zero     0x2000'2ecc     0x1  mcu_application.o [1]
  .bss               zero     0x2000'2ecd     0x1  mcu_application.o [1]
  .bss               zero     0x2000'2ece     0x1  mcu_application.o [1]
  .bss               zero     0x2000'2ecf     0x1  mcu_application.o [1]
  .bss               zero     0x2000'2ed0     0x1  mcu_application.o [1]
  .bss               zero     0x2000'2ed1     0x1  mcu_application.o [1]
  .bss               zero     0x2000'2ed2     0x1  mcu_application.o [1]
  .bss               zero     0x2000'2ed3     0x1  mcu_control_analog.o [1]
  .bss               zero     0x2000'2ed4     0x1  mcu_control_analog.o [1]
  .bss               zero     0x2000'2ed5     0x1  mcu_peer.o [1]
                            - 0x2000'2ed6  0x2e3e

"P2", part 3 of 3:                          0x800
  CSTACK                      0x2000'2ed8   0x800  <Block>
    CSTACK           uninit   0x2000'2ed8   0x800  <Block tail>
                            - 0x2000'36d8   0x800

Unused ranges:

         From           To      Size
         ----           --      ----
   0x800'9800   0x80f'ffff  0xf'6800
  0x2000'36d8  0x2001'7fff  0x1'4928


*******************************************************************************
*** INIT TABLE
***

          Address      Size
          -------      ----
Zero (__iar_zero_init3)
    1 destination range, total size 0x2e3e:
          0x2000'0098  0x2e3e

Copy (__iar_copy_init3)
    1 source range, total size 0x98 (101% of destination):
           0x800'8328    0x98
    1 destination range, total size 0x96:
          0x2000'0000    0x96



*******************************************************************************
*** MODULE SUMMARY
***

    Module                  ro code  ro data  rw data
    ------                  -------  -------  -------
command line/config:
    -------------------------------------------------
    Total:

C:\Users\User\Desktop\Work\IMPULSE\Intergrated_Impulse_Receiver_iar8.4 (2)\Debug\Obj: [1]
    bfifo.o                     154
    bsb.o                       286
    checksum.o                   60      512
    main.o                      168
    mcu_application.o         6'420    1'358    7'361
    mcu_com.o                   300       16      176
    mcu_config.o                412      144       20
    mcu_control_analog.o      2'704      540    3'674
    mcu_debug.o               1'200    2'184
    mcu_debug_shell.o           444      214      228
    mcu_equipment.o           2'048      432      176
    mcu_istream.o               542       96       84
    mcu_nb_packet.o             570       28
    mcu_peer.o                1'076      244      145
    message_queue.o              62
    misc.o                      120
    startup_stm32f10x_hd.o      516
    stm32f10x_adc.o             504
    stm32f10x_dma.o             472
    stm32f10x_exti.o            188
    stm32f10x_flash.o            24
    stm32f10x_gpio.o            528
    stm32f10x_init.o          2'068                96
    stm32f10x_it.o              600
    stm32f10x_rcc.o             608       20       20
    stm32f10x_tim.o             996
    stm32f10x_usart.o           566
    system_stm32f10x.o          280        4        4
    -------------------------------------------------
    Total:                   23'916    5'792   11'984

dl7M_tln.a: [2]
    abort.o                       6
    exit.o                        4
    low_level_init.o              4
    sprintf.o                    64
    strncmp.o                    40
    vsnprint.o                   60
    xfail_s.o                    64                 4
    xprintffull_nomb.o        4'010        8
    xsnprout.o                   26
    xsprout.o                    10
    -------------------------------------------------
    Total:                    4'288        8        4

m7M_tl.a: [3]
    DblAdd.o                    378
    DblCmpGe.o                   46
    DblCmpLe.o                   46
    DblDiv.o                    582
    DblMul.o                    418
    DblSub.o                    226
    DblToFlt.o                  104
    DblToS32.o                   58
    DblToU32.o                   40
    FltAdd.o                    226
    FltDiv.o                    252
    FltMul.o                    216
    FltSub.o                    116
    FltToDbl.o                   72
    FltToU32.o                   34
    S32ToDbl.o                   34
    S32ToFlt.o                   36
    U32ToDbl.o                   26
    U32ToFlt.o                   28
    frexp.o                     112
    ldexp.o                     314
    -------------------------------------------------
    Total:                    3'364

rt7M_tl.a: [4]
    ABImemcpy.o                 166
    ABImemmove.o                150
    ABImemset.o                 102
    I64DivMod.o                 560
    I64DivZer.o                   2
    cexit.o                      10
    cmain.o                      30
    copy_init3.o                 46
    cstartup_M.o                 12
    data_init.o                  40
    memchr.o                     88
    memcmp.o                    104
    strchr.o                     22
    strlen.o                     54
    zero_init3.o                 58
    -------------------------------------------------
    Total:                    1'444

shb_l.a: [5]
    exit.o                       20
    -------------------------------------------------
    Total:                       20

    Gaps                         40        2
    Linker created                        38    2'048
-----------------------------------------------------
    Grand Total:             33'072    5'840   14'036


*******************************************************************************
*** ENTRY LIST
***

Entry                       Address    Size  Type      Object
-----                       -------    ----  ----      ------
.iar.init_table$$Base    0x800'9018           --   Gb  - Linker created -
.iar.init_table$$Limit   0x800'903c           --   Gb  - Linker created -
?main                    0x800'927d          Code  Gb  cmain.o [4]
ADCPrescTable           0x2000'008c     0x4  Data  Lc  stm32f10x_rcc.o [1]
ADC_Cmd                  0x800'7979    0x1c  Code  Gb  stm32f10x_adc.o [1]
ADC_DMACmd               0x800'7995    0x1c  Code  Gb  stm32f10x_adc.o [1]
ADC_GetCalibrationStatus
                         0x800'79d9    0x14  Code  Gb  stm32f10x_adc.o [1]
ADC_GetResetCalibrationStatus
                         0x800'79bb    0x14  Code  Gb  stm32f10x_adc.o [1]
ADC_Init                 0x800'792d    0x4c  Code  Gb  stm32f10x_adc.o [1]
ADC_InitStructure       0x2000'2d4c    0x14  Data  Gb  stm32f10x_init.o [1]
ADC_RegularChannelConfig
                         0x800'7a09   0x112  Code  Gb  stm32f10x_adc.o [1]
ADC_ResetCalibration     0x800'79b1     0xa  Code  Gb  stm32f10x_adc.o [1]
ADC_SoftwareStartConvCmd
                         0x800'79ed    0x1c  Code  Gb  stm32f10x_adc.o [1]
ADC_StartCalibration     0x800'79cf     0xa  Code  Gb  stm32f10x_adc.o [1]
ADC_initial              0x800'730d    0xca  Code  Gb  stm32f10x_init.o [1]
APBAHBPrescTable        0x2000'007c    0x10  Data  Lc  stm32f10x_rcc.o [1]
BusFault_Handler         0x800'7c55     0x2  Code  Gb  stm32f10x_it.o [1]
CSTACK$$Base            0x2000'2ed8           --   Gb  - Linker created -
CSTACK$$Limit           0x2000'36d8           --   Gb  - Linker created -
DMA1_Channel1_IRQHandler
                         0x800'7d53    0x18  Code  Gb  stm32f10x_it.o [1]
DMA_ClearITPendingBit    0x800'510b    0x10  Code  Gb  stm32f10x_dma.o [1]
DMA_Cmd                  0x800'50b3    0x1e  Code  Gb  stm32f10x_dma.o [1]
DMA_DeInit               0x800'4f85    0xf2  Code  Gb  stm32f10x_dma.o [1]
DMA_GetITStatus          0x800'50e9    0x22  Code  Gb  stm32f10x_dma.o [1]
DMA_ITConfig             0x800'50d1    0x18  Code  Gb  stm32f10x_dma.o [1]
DMA_Init                 0x800'5077    0x3c  Code  Gb  stm32f10x_dma.o [1]
DMA_InitStructure       0x2000'2be4    0x2c  Data  Gb  mcu_control_analog.o [1]
DMA_initial              0x800'22f7    0x68  Code  Gb  mcu_control_analog.o [1]
DebugMon_Handler         0x800'7c5b     0x2  Code  Gb  stm32f10x_it.o [1]
EXTI15_10_IRQHandler     0x800'7e1d    0x1c  Code  Gb  stm32f10x_it.o [1]
EXTI_ClearITPendingBit   0x800'7bc5     0x6  Code  Gb  stm32f10x_exti.o [1]
EXTI_GetITStatus         0x800'7b9f    0x26  Code  Gb  stm32f10x_exti.o [1]
EXTI_Init                0x800'7b25    0x7a  Code  Gb  stm32f10x_exti.o [1]
EXTI_InitStructure      0x2000'2dc0     0x8  Data  Gb  stm32f10x_init.o [1]
EXTI_initial             0x800'77bb    0x50  Code  Gb  stm32f10x_init.o [1]
FLASH_PrefetchBufferCmd
                         0x800'789d    0x14  Code  Gb  stm32f10x_flash.o [1]
GPIO_EXTILineConfig      0x800'1bf5    0x52  Code  Gb  stm32f10x_gpio.o [1]
GPIO_I_EXTERNAL_WATCHDOG_INPUT
                         0x800'015b     0xe  Code  Lc  mcu_application.o [1]
GPIO_I_MCU_TRANS_1       0x800'0195    0x10  Code  Lc  mcu_application.o [1]
GPIO_I_MCU_TRANS_2       0x800'01a5    0x10  Code  Lc  mcu_application.o [1]
GPIO_I_MCU_TRANS_3       0x800'01b5    0x10  Code  Lc  mcu_application.o [1]
GPIO_I_MCU_TRANS_4       0x800'01c5    0x10  Code  Lc  mcu_application.o [1]
GPIO_I_Track_Relay       0x800'01d5     0xe  Code  Lc  mcu_application.o [1]
GPIO_Init                0x800'1a45    0xea  Code  Gb  stm32f10x_gpio.o [1]
GPIO_InitStructure      0x2000'2eac     0x4  Data  Gb  stm32f10x_init.o [1]
GPIO_O_CPU_LED_STATUS    0x800'0131    0x14  Code  Lc  mcu_application.o [1]
GPIO_O_EXTERNAL_WATCHDOG_CLOCK
                         0x800'0145    0x16  Code  Lc  mcu_application.o [1]
GPIO_O_IMPULSE_CLR1      0x800'0169    0x16  Code  Lc  mcu_application.o [1]
GPIO_O_IMPULSE_CLR2      0x800'017f    0x16  Code  Lc  mcu_application.o [1]
GPIO_PinRemapConfig      0x800'1b71    0x84  Code  Gb  stm32f10x_gpio.o [1]
GPIO_ReadInputData       0x800'1b4b     0x6  Code  Gb  stm32f10x_gpio.o [1]
GPIO_ReadInputDataBit    0x800'1b2f    0x1c  Code  Gb  stm32f10x_gpio.o [1]
GPIO_Write               0x800'1b69     0x8  Code  Gb  stm32f10x_gpio.o [1]
GPIO_WriteBit            0x800'1b51    0x18  Code  Gb  stm32f10x_gpio.o [1]
GPIO_port_initial        0x800'70b9    0xc8  Code  Gb  stm32f10x_init.o [1]
HardFault_Handler        0x800'7c51     0x2  Code  Gb  stm32f10x_it.o [1]
MemManage_Handler        0x800'7c53     0x2  Code  Gb  stm32f10x_it.o [1]
NB_PACKET_STREAM_MAX_SIZE
                         0x800'9738     0x4  Data  Lc  mcu_nb_packet.o [1]
NB_PACKET_STREAM_MIN_SIZE
                         0x800'9734     0x4  Data  Lc  mcu_nb_packet.o [1]
NMI_Handler              0x800'7be1    0x2c  Code  Gb  stm32f10x_it.o [1]
NVIC_Init                0x800'78b5    0x66  Code  Gb  misc.o [1]
NVIC_InitStructure      0x2000'2eb0     0x4  Data  Gb  stm32f10x_init.o [1]
OnUart3_Recv             0x800'04d3    0x64  Code  Gb  mcu_application.o [1]
OnUart3_Recv::buf       0x2000'2c88    0x1c  Data  Lc  mcu_application.o [1]
OnUart3_Recv::i         0x2000'2e34     0x4  Data  Lc  mcu_application.o [1]
OnUart4_Recv             0x800'0537    0x64  Code  Gb  mcu_application.o [1]
OnUart4_Recv::buf       0x2000'2afc    0x34  Data  Lc  mcu_application.o [1]
OnUart4_Recv::i         0x2000'2e38     0x4  Data  Lc  mcu_application.o [1]
POW                      0x800'0619    0x20  Code  Gb  mcu_application.o [1]
Packet_Verify            0x800'067b    0x8e  Code  Gb  mcu_application.o [1]
PendSV_Handler           0x800'7c5d     0x2  Code  Gb  stm32f10x_it.o [1]
RCC_ADCCLKConfig         0x800'4d95    0x10  Code  Gb  stm32f10x_rcc.o [1]
RCC_AHBPeriphClockCmd    0x800'4e7d    0x1c  Code  Gb  stm32f10x_rcc.o [1]
RCC_APB1PeriphClockCmd   0x800'4eb5    0x1c  Code  Gb  stm32f10x_rcc.o [1]
RCC_APB2PeriphClockCmd   0x800'4e99    0x1c  Code  Gb  stm32f10x_rcc.o [1]
RCC_ClearITPendingBit    0x800'4f3b     0x6  Code  Gb  stm32f10x_rcc.o [1]
RCC_ClockFreq           0x2000'2d38    0x14  Data  Gb  stm32f10x_init.o [1]
RCC_ClockSecuritySystemCmd
                         0x800'4ed1     0xa  Code  Gb  stm32f10x_rcc.o [1]
RCC_GetClocksFreq        0x800'4da5    0xd8  Code  Gb  stm32f10x_rcc.o [1]
RCC_GetFlagStatus        0x800'4edb    0x46  Code  Gb  stm32f10x_rcc.o [1]
RCC_GetITStatus          0x800'4f21    0x1a  Code  Gb  stm32f10x_rcc.o [1]
RCC_HSEConfig            0x800'4d25    0x3a  Code  Gb  stm32f10x_rcc.o [1]
RCC_IRQHandler           0x800'7c0d    0x44  Code  Gb  stm32f10x_it.o [1]
RCC_ITConfig             0x800'4d79    0x1c  Code  Gb  stm32f10x_rcc.o [1]
RCC_PLLCmd               0x800'4d5f     0xa  Code  Gb  stm32f10x_rcc.o [1]
RCC_SYSCLKConfig         0x800'4d69    0x10  Code  Gb  stm32f10x_rcc.o [1]
RCC_initial              0x800'7089    0x30  Code  Gb  stm32f10x_init.o [1]
Region$$Table$$Base      0x800'9018           --   Gb  - Linker created -
Region$$Table$$Limit     0x800'903c           --   Gb  - Linker created -
SVC_Handler              0x800'7c59     0x2  Code  Gb  stm32f10x_it.o [1]
SetSysClock              0x800'807d     0x8  Code  Lc  system_stm32f10x.o [1]
SetSysClockTo72          0x800'8085    0xae  Code  Lc  system_stm32f10x.o [1]
SysTick_Config           0x800'817d    0x30  Code  Lc  main.o [1]
SysTick_Handler          0x800'7c5f     0x8  Code  Gb  stm32f10x_it.o [1]
SystemCoreClock         0x2000'0090     0x4  Data  Gb  system_stm32f10x.o [1]
SystemInit               0x800'8039    0x44  Code  Gb  system_stm32f10x.o [1]
TI1_Config               0x800'2f63    0x68  Code  Lc  stm32f10x_tim.o [1]
TI2_Config               0x800'2fd9    0x74  Code  Lc  stm32f10x_tim.o [1]
TI3_Config               0x800'3051    0x72  Code  Lc  stm32f10x_tim.o [1]
TI4_Config               0x800'30c9    0x74  Code  Lc  stm32f10x_tim.o [1]
TIM2_IRQHandler          0x800'7d6b    0x24  Code  Gb  stm32f10x_it.o [1]
TIM3_IRQHandler          0x800'7d8f    0x36  Code  Gb  stm32f10x_it.o [1]
TIM4_IRQHandler          0x800'7dc5    0x1e  Code  Gb  stm32f10x_it.o [1]
TIM5_IRQHandler          0x800'7de3    0x1e  Code  Gb  stm32f10x_it.o [1]
TIME2_initial            0x800'7181    0x58  Code  Gb  stm32f10x_init.o [1]
TIME3_initial            0x800'71d9    0x8a  Code  Gb  stm32f10x_init.o [1]
TIME4_initial            0x800'7263    0x56  Code  Gb  stm32f10x_init.o [1]
TIME5_initial            0x800'72b9    0x54  Code  Gb  stm32f10x_init.o [1]
TIM_ClearITPendingBit    0x800'2f59     0xa  Code  Gb  stm32f10x_tim.o [1]
TIM_Cmd                  0x800'2ea5    0x1e  Code  Gb  stm32f10x_tim.o [1]
TIM_GetCapture2          0x800'2f27     0x4  Code  Gb  stm32f10x_tim.o [1]
TIM_GetITStatus          0x800'2f2b    0x2e  Code  Gb  stm32f10x_tim.o [1]
TIM_ICInit               0x800'2dfb    0x98  Code  Gb  stm32f10x_tim.o [1]
TIM_ICInitStructure     0x2000'2da4     0xc  Data  Gb  stm32f10x_init.o [1]
TIM_ITConfig             0x800'2ec3    0x18  Code  Gb  stm32f10x_tim.o [1]
TIM_SetIC1Prescaler      0x800'2edb    0x12  Code  Gb  stm32f10x_tim.o [1]
TIM_SetIC2Prescaler      0x800'2eed    0x14  Code  Gb  stm32f10x_tim.o [1]
TIM_SetIC3Prescaler      0x800'2f01    0x12  Code  Gb  stm32f10x_tim.o [1]
TIM_SetIC4Prescaler      0x800'2f13    0x14  Code  Gb  stm32f10x_tim.o [1]
TIM_TimeBaseInit         0x800'2d71    0x8a  Code  Gb  stm32f10x_tim.o [1]
TIM_TimeBaseStructure   0x2000'2d98     0xc  Data  Gb  stm32f10x_init.o [1]
TimingDelay             0x2000'2dc8     0x4  Data  Lc  mcu_application.o [1]
TimingDelay_Decrement    0x800'039f    0x12  Code  Gb  mcu_application.o [1]
Tranmitt_active_data_buf
                        0x2000'2d10    0x14  Data  Lc  mcu_application.o [1]
Trans1_Input             0x800'07f9    0x38  Code  Gb  mcu_application.o [1]
Trans1_Input_Parse       0x800'0709    0x78  Code  Gb  mcu_application.o [1]
Trans1_rxbuf_debug      0x2000'2c50    0x1c  Data  Lc  mcu_application.o [1]
Trans2_Input             0x800'0831    0x38  Code  Gb  mcu_application.o [1]
Trans2_Input_Parse       0x800'0781    0x78  Code  Gb  mcu_application.o [1]
Trans2_rxbuf_debug      0x2000'2c6c    0x1c  Data  Lc  mcu_application.o [1]
UART4_IRQHandler         0x800'7d0d    0x46  Code  Gb  stm32f10x_it.o [1]
USART1_IRQHandler        0x800'7c67    0x30  Code  Gb  stm32f10x_it.o [1]
USART1_initial           0x800'73d7    0xfc  Code  Lc  stm32f10x_init.o [1]
USART2_IRQHandler        0x800'7c97    0x46  Code  Gb  stm32f10x_it.o [1]
USART2_initial           0x800'74d3   0x100  Code  Lc  stm32f10x_init.o [1]
USART3_IRQHandler        0x800'7cdd    0x30  Code  Gb  stm32f10x_it.o [1]
USART3_initial           0x800'75d3    0xf4  Code  Lc  stm32f10x_init.o [1]
USART4_initial           0x800'76c7    0xf4  Code  Lc  stm32f10x_init.o [1]
USART_ClearITPendingBit
                         0x800'35d1    0x26  Code  Gb  stm32f10x_usart.o [1]
USART_Cmd                0x800'349d    0x1e  Code  Gb  stm32f10x_usart.o [1]
USART_DMACmd             0x800'352b    0x18  Code  Gb  stm32f10x_usart.o [1]
USART_GetFlagStatus      0x800'354b    0x1c  Code  Gb  stm32f10x_usart.o [1]
USART_GetITStatus        0x800'3567    0x6a  Code  Gb  stm32f10x_usart.o [1]
USART_ITConfig           0x800'34bb    0x70  Code  Gb  stm32f10x_usart.o [1]
USART_Init               0x800'33c1    0xd6  Code  Gb  stm32f10x_usart.o [1]
USART_InitStructure     0x2000'2d70    0x10  Data  Gb  stm32f10x_init.o [1]
USART_ReceiveData        0x800'3543     0x8  Code  Gb  stm32f10x_usart.o [1]
UsageFault_Handler       0x800'7c57     0x2  Code  Gb  stm32f10x_it.o [1]
_3hz_frequency_FREQ     0x2000'2e6c     0x4  Data  Lc  mcu_control_analog.o [1]
_ADC_ValueTab           0x2000'2d80     0xc  Data  Lc  mcu_control_analog.o [1]
_DG_tx_buffer           0x2000'2b30    0x30  Data  Lc  mcu_application.o [1]
_LitobFullNoMb           0x800'6699   0x10a  Code  Lc  xprintffull_nomb.o [2]
_MCU_USART              0x2000'0014    0x10  Data  Lc  mcu_com.o [1]
_PrintfFullNoMb          0x800'58f5   0xd80  Code  Gb  xprintffull_nomb.o [2]
_PutcharFullNoMb         0x800'6809    0x20  Code  Lc  xprintffull_nomb.o [2]
_PutcharsFullNoMb        0x800'6829    0x2e  Code  Lc  xprintffull_nomb.o [2]
_SNProut                 0x800'33a7    0x1a  Code  Gb  xsnprout.o [2]
_SProut                  0x800'35f7     0xa  Code  Gb  xsprout.o [2]
_TX1_rx_timeout_count   0x2000'2df8     0x4  Data  Lc  mcu_application.o [1]
_TX2_rx_timeout_count   0x2000'2dfc     0x4  Data  Lc  mcu_application.o [1]
__NVIC_SetPriority       0x800'8151    0x2c  Code  Lc  main.o [1]
__aeabi_cdcmple          0x800'6c15          Code  Gb  DblCmpLe.o [3]
__aeabi_cdrcmple         0x800'6c45          Code  Gb  DblCmpGe.o [3]
__aeabi_d2f              0x800'5565          Code  Gb  DblToFlt.o [3]
__aeabi_d2iz             0x800'6db1          Code  Gb  DblToS32.o [3]
__aeabi_d2uiz            0x800'6e11          Code  Gb  DblToU32.o [3]
__aeabi_dadd             0x800'55cd          Code  Gb  DblAdd.o [3]
__aeabi_ddiv             0x800'531d          Code  Gb  DblDiv.o [3]
__aeabi_dmul             0x800'5179          Code  Gb  DblMul.o [3]
__aeabi_dsub             0x800'699d          Code  Gb  DblSub.o [3]
__aeabi_f2d              0x800'46ed          Code  Gb  FltToDbl.o [3]
__aeabi_f2uiz            0x800'3d5d          Code  Gb  FltToU32.o [3]
__aeabi_fadd             0x800'5749          Code  Gb  FltAdd.o [3]
__aeabi_fdiv             0x800'3171          Code  Gb  FltDiv.o [3]
__aeabi_fmul             0x800'3c85          Code  Gb  FltMul.o [3]
__aeabi_i2d              0x800'6ded          Code  Gb  S32ToDbl.o [3]
__aeabi_i2f              0x800'582d          Code  Gb  S32ToFlt.o [3]
__aeabi_ldiv0            0x800'7071          Code  Gb  I64DivZer.o [4]
__aeabi_memcpy           0x800'326d          Code  Gb  ABImemcpy.o [4]
__aeabi_memcpy4          0x800'328d          Code  Gb  ABImemcpy.o [4]
__aeabi_memcpy8          0x800'328d          Code  Gb  ABImemcpy.o [4]
__aeabi_memmove          0x800'6905          Code  Gb  ABImemmove.o [4]
__aeabi_memmove4         0x800'6905          Code  Gb  ABImemmove.o [4]
__aeabi_memmove8         0x800'6905          Code  Gb  ABImemmove.o [4]
__aeabi_memset           0x800'3341          Code  Gb  ABImemset.o [4]
__aeabi_ui2d             0x800'515d          Code  Gb  U32ToDbl.o [3]
__aeabi_ui2f             0x800'3155          Code  Gb  U32ToFlt.o [3]
__aeabi_uldivmod         0x800'6e39          Code  Gb  I64DivMod.o [4]
__cmain                  0x800'927d          Code  Gb  cmain.o [4]
__exit                   0x800'7075    0x14  Code  Gb  exit.o [5]
__iar_Fail_s             0x800'6b0d    0x1c  Code  Gb  xfail_s.o [2]
__iar_Memchr             0x800'6b4d          Code  Gb  memchr.o [4]
__iar_Memset             0x800'3341          Code  Gb  ABImemset.o [4]
__iar_Memset_word        0x800'3349          Code  Gb  ABImemset.o [4]
__iar_Strchr             0x800'6af5          Code  Gb  strchr.o [4]
__iar_copy_init3         0x800'3313    0x2e  Code  Gb  copy_init3.o [4]
__iar_dadd               0x800'69ad          Code  Gb  DblSub.o [3]
__iar_data_init3         0x800'8b05    0x28  Code  Gb  data_init.o [4]
__iar_dsub               0x800'55dd          Code  Gb  DblAdd.o [3]
__iar_dsubStart          0x800'55ef          Code  Gb  DblAdd.o [3]
__iar_fadd               0x800'6a81          Code  Gb  FltSub.o [3]
__iar_frexp              0x800'6bb1          Code  Gb  frexp.o [3]
__iar_frexp64            0x800'6ba5          Code  Gb  frexp.o [3]
__iar_frexpl             0x800'6bb1          Code  Gb  frexp.o [3]
__iar_fsub               0x800'5755          Code  Gb  FltAdd.o [3]
__iar_fsubStart          0x800'5765          Code  Gb  FltAdd.o [3]
__iar_ldexp64            0x800'6c75          Code  Gb  ldexp.o [3]
__iar_program_start      0x800'96a1          Code  Gb  cstartup_M.o [4]
__iar_scalbln64          0x800'6c75          Code  Gb  ldexp.o [3]
__iar_scalbn64           0x800'6c75          Code  Gb  ldexp.o [3]
__iar_zero_init3         0x800'22a7    0x3a  Code  Gb  zero_init3.o [4]
__low_level_init         0x800'929b     0x4  Code  Gb  low_level_init.o [2]
__vector_table           0x800'0000          Data  Gb  startup_stm32f10x_hd.o [1]
_analog_data            0x2000'2c30    0x20  Data  Gb  mcu_control_analog.o [1]
_application_halt       0x2000'2ec4     0x1  Data  Lc  mcu_application.o [1]
_array_PA_0             0x2000'20d0   0x17c  Data  Lc  mcu_control_analog.o [1]
_array_PA_1             0x2000'224c   0x17c  Data  Lc  mcu_control_analog.o [1]
_array_current_value    0x2000'2a18    0x64  Data  Lc  mcu_control_analog.o [1]
_call_main               0x800'9289          Code  Gb  cmain.o [4]
_check_rising_edge_tim3
                        0x2000'2e1c     0x4  Data  Lc  mcu_application.o [1]
_com1_fifo_rx_buffer    0x2000'2a7c    0x40  Data  Lc  mcu_application.o [1]
_com1_fifo_tx_buffer    0x2000'0098  0x1000  Data  Lc  mcu_application.o [1]
_com2_fifo_rx_buffer    0x2000'23c8    0xfc  Data  Lc  mcu_application.o [1]
_com2_fifo_tx_buffer    0x2000'2b60    0x2c  Data  Lc  mcu_application.o [1]
_com2_stream_rx_bsb_buffer
                        0x2000'1ae8   0x1f8  Data  Lc  mcu_application.o [1]
_com3_fifo_rx_buffer    0x2000'24c4    0xfc  Data  Lc  mcu_application.o [1]
_com3_fifo_tx_buffer    0x2000'2b8c    0x2c  Data  Lc  mcu_application.o [1]
_com3_stream_rx_bsb_buffer
                        0x2000'1ce0   0x1f8  Data  Lc  mcu_application.o [1]
_com4_fifo_rx_buffer    0x2000'25c0    0xfc  Data  Lc  mcu_application.o [1]
_com4_fifo_tx_buffer    0x2000'2bb8    0x2c  Data  Lc  mcu_application.o [1]
_com4_stream_rx_bsb_buffer
                        0x2000'1ed8   0x1f8  Data  Lc  mcu_application.o [1]
_com_fifo               0x2000'2868    0xa0  Data  Gb  mcu_com.o [1]
_config                 0x2000'2d24    0x14  Data  Gb  mcu_config.o [1]
_count_Trans1_rx        0x2000'2e28     0x4  Data  Lc  mcu_application.o [1]
_count_Trans2_rx        0x2000'2e2c     0x4  Data  Lc  mcu_application.o [1]
_count_active_fnd_display
                        0x2000'2dec     0x4  Data  Lc  mcu_application.o [1]
_debug_shell_command_collection
                        0x2000'0024    0x58  Data  Lc  mcu_debug_shell.o [1]
_debug_shell_rx_bsb     0x2000'2d8c     0xc  Data  Lc  mcu_debug_shell.o [1]
_debug_shell_rx_bsb_buffer
                        0x2000'2998    0x80  Data  Lc  mcu_debug_shell.o [1]
_display_sequence       0x2000'0004     0x4  Data  Lc  mcu_application.o [1]
_equipment              0x2000'27b8    0xb0  Data  Gb  mcu_equipment.o [1]
_exit                    0x800'92a5          Code  Gb  cexit.o [4]
_external_watchdog_clock_enabled
                        0x2000'0094     0x1  Data  Lc  mcu_application.o [1]
_external_watchdog_clock_output
                        0x2000'2e00     0x4  Data  Lc  mcu_application.o [1]
_false_relay_drop       0x2000'2ec2     0x1  Data  Lc  mcu_application.o [1]
_false_relay_excitation
                        0x2000'2ec3     0x1  Data  Lc  mcu_application.o [1]
_flag_Trans1_rx_done    0x2000'2ece     0x1  Data  Lc  mcu_application.o [1]
_flag_Trans2_rx_done    0x2000'2ecf     0x1  Data  Lc  mcu_application.o [1]
_flag_active_display    0x2000'0008     0x4  Data  Lc  mcu_application.o [1]
_flag_active_mode_switch
                        0x2000'2e14     0x4  Data  Lc  mcu_application.o [1]
_flag_control_input     0x2000'2ecb     0x1  Data  Lc  mcu_application.o [1]
_flag_control_watch     0x2000'2ec5     0x1  Data  Lc  mcu_application.o [1]
_flag_get_impulse_voltage
                        0x2000'2ec9     0x1  Data  Lc  mcu_application.o [1]
_flag_get_relay_voltage
                        0x2000'2eca     0x1  Data  Lc  mcu_application.o [1]
_flag_make_display_data
                        0x2000'2e0c     0x4  Data  Lc  mcu_application.o [1]
_flag_measure_current   0x2000'2ed3     0x1  Data  Lc  mcu_control_analog.o [1]
_flag_mode_sw_sequence  0x2000'2e10     0x4  Data  Lc  mcu_application.o [1]
_flag_rising_edge_freq  0x2000'2ecc     0x1  Data  Lc  mcu_application.o [1]
_flag_rising_edge_freq_relay
                        0x2000'2ecd     0x1  Data  Lc  mcu_application.o [1]
_flag_transmit          0x2000'2ec8     0x1  Data  Lc  mcu_application.o [1]
_flag_update_equipment  0x2000'2ec6     0x1  Data  Lc  mcu_application.o [1]
_flag_update_ostream    0x2000'2ec7     0x1  Data  Lc  mcu_application.o [1]
_fnd0                   0x2000'2db0     0x8  Data  Gb  mcu_application.o [1]
_fnd1                   0x2000'2db8     0x8  Data  Gb  mcu_application.o [1]
_inconsistency_fail     0x2000'2ec1     0x1  Data  Lc  mcu_application.o [1]
_istream2               0x2000'2ca4    0x1c  Data  Gb  mcu_istream.o [1]
_istream3               0x2000'2cc0    0x1c  Data  Gb  mcu_istream.o [1]
_istream4               0x2000'2cdc    0x1c  Data  Gb  mcu_istream.o [1]
_main                    0x800'9297          Code  Gb  cmain.o [4]
_measured_impulse_voltage_minus
                        0x2000'2e5c     0x4  Data  Lc  mcu_control_analog.o [1]
_measured_impulse_voltage_plus
                        0x2000'2e58     0x4  Data  Lc  mcu_control_analog.o [1]
_measured_relay_voltage_V1
                        0x2000'2e60     0x4  Data  Lc  mcu_control_analog.o [1]
_measured_relay_voltage_V2
                        0x2000'2e64     0x4  Data  Lc  mcu_control_analog.o [1]
_measured_rx_current    0x2000'2e68     0x4  Data  Lc  mcu_control_analog.o [1]
_message                0x2000'2c10    0x20  Data  Lc  mcu_application.o [1]
_mode_sw_timer_count_0100_msec
                        0x2000'2de8     0x4  Data  Lc  mcu_application.o [1]
_nb_o_message           0x2000'2d60    0x10  Data  Lc  mcu_application.o [1]
_nb_o_message_buffer    0x2000'2abc    0x40  Data  Lc  mcu_application.o [1]
_nb_o_message_queue     0x2000'2cf8    0x18  Data  Lc  mcu_application.o [1]
_nb_rx_buffer           0x2000'26bc    0xfc  Data  Lc  mcu_application.o [1]
_operating_time_second  0x2000'2df4     0x4  Data  Lc  mcu_application.o [1]
_peer_connection        0x2000'2908    0x90  Data  Gb  mcu_peer.o [1]
_peer_timer_flag        0x2000'2ed5     0x1  Data  Lc  mcu_peer.o [1]
_pre_hotstandby         0x2000'2e18     0x4  Data  Lc  mcu_application.o [1]
_relay_input_value      0x2000'2e04     0x4  Data  Lc  mcu_application.o [1]
_state_trans1           0x2000'2e20     0x4  Data  Lc  mcu_application.o [1]
_state_trans2           0x2000'2e24     0x4  Data  Lc  mcu_application.o [1]
_status_mode_switch     0x2000'0000     0x4  Data  Lc  mcu_application.o [1]
_timer_count_0020_msec  0x2000'2dcc     0x4  Data  Lc  mcu_application.o [1]
_timer_count_0100_msec  0x2000'2dd0     0x4  Data  Lc  mcu_application.o [1]
_timer_count_0200_msec  0x2000'2dd4     0x4  Data  Lc  mcu_application.o [1]
_timer_count_0500_msec  0x2000'2dd8     0x4  Data  Lc  mcu_application.o [1]
_timer_count_1000_msec  0x2000'2ddc     0x4  Data  Lc  mcu_application.o [1]
_timer_count_5000_msec  0x2000'2de0     0x4  Data  Lc  mcu_application.o [1]
_timer_count_transmit   0x2000'2de4     0x4  Data  Lc  mcu_application.o [1]
_timer_run              0x2000'2ebe     0x1  Data  Lc  mcu_application.o [1]
_trans_tab_input_value  0x2000'2e08     0x4  Data  Lc  mcu_application.o [1]
_voltage_Level_V1       0x2000'2e70     0x4  Data  Lc  mcu_control_analog.o [1]
_voltage_Level_V2       0x2000'2e74     0x4  Data  Lc  mcu_control_analog.o [1]
_voltage_Level_impulse_minus
                        0x2000'2e7c     0x4  Data  Lc  mcu_control_analog.o [1]
_voltage_Level_impulse_plus
                        0x2000'2e78     0x4  Data  Lc  mcu_control_analog.o [1]
_voltage_Level_rx_current
                        0x2000'2e80     0x4  Data  Lc  mcu_control_analog.o [1]
_watchdog_fail          0x2000'2ec0     0x1  Data  Lc  mcu_application.o [1]
_watchdog_run           0x2000'2ebf     0x1  Data  Lc  mcu_application.o [1]
_watchdog_timer_count_0100_msec
                        0x2000'2df0     0x4  Data  Lc  mcu_application.o [1]
_worker_run             0x2000'0095     0x1  Data  Lc  mcu_application.o [1]
abort                    0x800'7069     0x6  Code  Gb  abort.o [2]
active_flag_frequency_rising_edge
                         0x800'28df     0xa  Code  Gb  mcu_control_analog.o [1]
analog_100us_tim5_irq    0x800'28e9     0x8  Code  Gb  mcu_control_analog.o [1]
application_halt         0x800'1831     0xa  Code  Gb  mcu_application.o [1]
application_initialize   0x800'1719    0x6c  Code  Gb  mcu_application.o [1]
application_run          0x800'1855    0xae  Code  Gb  mcu_application.o [1]
application_show_memory
                         0x800'1655    0xba  Code  Gb  mcu_application.o [1]
application_show_version
                         0x800'0fed    0x4c  Code  Gb  mcu_application.o [1]
application_show_version::APPLICATION_NAME
                        0x2000'000c     0x4  Data  Lc  mcu_application.o [1]
application_show_version::APPLICATION_VERSION
                        0x2000'0010     0x4  Data  Lc  mcu_application.o [1]
bfifo_initialize         0x800'4735    0x16  Code  Gb  bfifo.o [1]
bfifo_pop                0x800'4777    0x2e  Code  Gb  bfifo.o [1]
bfifo_push               0x800'474b    0x2c  Code  Gb  bfifo.o [1]
bsb_clear                0x800'4c31     0x6  Code  Gb  bsb.o [1]
bsb_erase                0x800'4c37    0x42  Code  Gb  bsb.o [1]
bsb_erase_byte           0x800'4c79     0xe  Code  Gb  bsb.o [1]
bsb_get_pointer          0x800'4c23     0x4  Code  Gb  bsb.o [1]
bsb_get_size             0x800'4c1f     0x4  Code  Gb  bsb.o [1]
bsb_get_space            0x800'4c27     0xa  Code  Gb  bsb.o [1]
bsb_initialize           0x800'4c07    0x18  Code  Gb  bsb.o [1]
bsb_push                 0x800'4c87    0x6c  Code  Gb  bsb.o [1]
bsb_push_byte            0x800'4cf3    0x24  Code  Gb  bsb.o [1]
bsb_shrink_byte          0x800'4d17     0xe  Code  Gb  bsb.o [1]
calc_crc16_ccitt_std     0x800'68c9    0x38  Code  Gb  checksum.o [1]
calculate_inputcapture_TIM3
                         0x800'03d9    0x7c  Code  Gb  mcu_application.o [1]
calculate_inputcapture_TIM3::_capture_number_TIM3
                        0x2000'2eb8     0x2  Data  Lc  mcu_application.o [1]
calculate_inputcapture_TIM3::_readvalue1_TIM3
                        0x2000'2eba     0x2  Data  Lc  mcu_application.o [1]
calculate_inputcapture_TIM3::_readvalue2_TIM3
                        0x2000'2ebc     0x2  Data  Lc  mcu_application.o [1]
check_fault              0x800'15f5    0x40  Code  Lc  mcu_application.o [1]
check_front_button       0x800'1379    0x54  Code  Gb  mcu_application.o [1]
check_front_button::_input_mode_sw
                        0x2000'2e54     0x4  Data  Lc  mcu_application.o [1]
clear_measured_data      0x800'2b5b    0x4e  Code  Gb  mcu_control_analog.o [1]
com_flush                0x800'468f    0x16  Code  Gb  mcu_com.o [1]
com_recv_buffer          0x800'466b    0x24  Code  Gb  mcu_com.o [1]
com_recv_byte            0x800'464f    0x1c  Code  Gb  mcu_com.o [1]
com_rx_irq_handler       0x800'4581    0x24  Code  Gb  mcu_com.o [1]
com_send_buffer          0x800'462d    0x22  Code  Gb  mcu_com.o [1]
com_send_byte            0x800'45ef    0x3e  Code  Gb  mcu_com.o [1]
com_tx_irq_handler       0x800'45a5    0x4a  Code  Gb  mcu_com.o [1]
config_initialize        0x800'3bb9    0xaa  Code  Gb  mcu_config.o [1]
config_show              0x800'3b7d    0x3c  Code  Gb  mcu_config.o [1]
config_update_gpio_input
                         0x800'3b13    0x6a  Code  Lc  mcu_config.o [1]
control_impulse_voltage_input
                         0x800'0457    0x7c  Code  Gb  mcu_application.o [1]
control_impulse_voltage_input::_active_measure_impulse_voltage
                        0x2000'2ed0     0x1  Data  Lc  mcu_application.o [1]
control_impulse_voltage_input::_count_measure_impulse_voltage
                        0x2000'2e30     0x4  Data  Lc  mcu_application.o [1]
control_input            0x800'0f41    0x9e  Code  Lc  mcu_application.o [1]
control_input::_relay_input_count
                        0x2000'2e50     0x4  Data  Lc  mcu_application.o [1]
control_relay_voltage_input
                         0x800'0869    0x5a  Code  Gb  mcu_application.o [1]
control_relay_voltage_input::_active_measure_relay_voltage
                        0x2000'2ed1     0x1  Data  Lc  mcu_application.o [1]
control_relay_voltage_input::_count_measure_relay_voltage
                        0x2000'2e3c     0x4  Data  Lc  mcu_application.o [1]
control_watch            0x800'0da5   0x182  Code  Lc  mcu_application.o [1]
control_watch::_fail_count_false_drop
                        0x2000'2e44     0x4  Data  Lc  mcu_application.o [1]
control_watch::_fail_count_false_excitation
                        0x2000'2e48     0x4  Data  Lc  mcu_application.o [1]
control_watch::watchdog_fail_count
                        0x2000'2e4c     0x4  Data  Lc  mcu_application.o [1]
dbg_put_char             0x800'0639    0x1e  Code  Gb  mcu_application.o [1]
debug_flush              0x800'3639     0xa  Code  Gb  mcu_debug.o [1]
debug_print_compiling_information
                         0x800'3ad9    0x10  Code  Gb  mcu_debug.o [1]
debug_printf             0x800'3643    0x44  Code  Gb  mcu_debug.o [1]
debug_shell              0x800'48c5    0xac  Code  Gb  mcu_debug_shell.o [1]
debug_shell_command      0x800'4855    0x54  Code  Gb  mcu_debug_shell.o [1]
debug_shell_command_00   0x800'47d1     0x8  Code  Lc  mcu_debug_shell.o [1]
debug_shell_command_01   0x800'47d9     0x8  Code  Lc  mcu_debug_shell.o [1]
debug_shell_command_02   0x800'47e1     0xc  Code  Lc  mcu_debug_shell.o [1]
debug_shell_command_03   0x800'47ed     0x8  Code  Lc  mcu_debug_shell.o [1]
debug_shell_command_04   0x800'47f5     0x8  Code  Lc  mcu_debug_shell.o [1]
debug_shell_command_05   0x800'47fd     0x8  Code  Lc  mcu_debug_shell.o [1]
debug_shell_command_06   0x800'4805     0x8  Code  Lc  mcu_debug_shell.o [1]
debug_shell_command_07   0x800'480d     0x8  Code  Lc  mcu_debug_shell.o [1]
debug_shell_command_08   0x800'4815     0x8  Code  Lc  mcu_debug_shell.o [1]
debug_shell_command_09   0x800'481d     0x8  Code  Lc  mcu_debug_shell.o [1]
debug_shell_initialize   0x800'48a9    0x1c  Code  Gb  mcu_debug_shell.o [1]
debug_shell_show_help    0x800'482f    0x26  Code  Gb  mcu_debug_shell.o [1]
debug_shell_show_prompt
                         0x800'4825     0xa  Code  Gb  mcu_debug_shell.o [1]
display_maked_fnd_data   0x800'1101   0x144  Code  Gb  mcu_application.o [1]
equipment_get_type_string
                         0x800'3d97    0x28  Code  Gb  mcu_equipment.o [1]
equipment_initialize     0x800'3d81    0x16  Code  Gb  mcu_equipment.o [1]
equipment_reset_data     0x800'3dbf    0xb0  Code  Gb  mcu_equipment.o [1]
equipment_reset_data_gathering_board
                         0x800'4259    0x18  Code  Gb  mcu_equipment.o [1]
equipment_reset_data_receiver
                         0x800'4241    0x18  Code  Gb  mcu_equipment.o [1]
equipment_reset_data_transmitter
                         0x800'4229    0x18  Code  Gb  mcu_equipment.o [1]
equipment_set_connection
                         0x800'3f73    0x9c  Code  Gb  mcu_equipment.o [1]
equipment_set_data       0x800'3e6f   0x104  Code  Gb  mcu_equipment.o [1]
equipment_set_data_gathering_board
                         0x800'412b    0x5c  Code  Gb  mcu_equipment.o [1]
equipment_set_data_receiver
                         0x800'40cf    0x5c  Code  Gb  mcu_equipment.o [1]
equipment_set_data_transmitter
                         0x800'4073    0x5c  Code  Gb  mcu_equipment.o [1]
equipment_show           0x800'4457    0xf0  Code  Gb  mcu_equipment.o [1]
equipment_show_data_gathering_board
                         0x800'43b5    0xa2  Code  Gb  mcu_equipment.o [1]
equipment_show_data_receiver
                         0x800'4313    0xa2  Code  Gb  mcu_equipment.o [1]
equipment_show_data_transmitter
                         0x800'4271    0xa2  Code  Gb  mcu_equipment.o [1]
equipment_update         0x800'400f    0x64  Code  Gb  mcu_equipment.o [1]
equipment_update_data_gathering_board
                         0x800'41f3    0x36  Code  Gb  mcu_equipment.o [1]
equipment_update_receiver
                         0x800'41bd    0x36  Code  Gb  mcu_equipment.o [1]
equipment_update_transmitter
                         0x800'4187    0x36  Code  Gb  mcu_equipment.o [1]
exit                     0x800'929f     0x4  Code  Gb  exit.o [2]
external_watchdog_clock_output_irq_handler
                         0x800'01e3    0x28  Code  Lc  mcu_application.o [1]
fcs                      0x800'059b    0x2a  Code  Gb  mcu_application.o [1]
fcs_conv                 0x800'05ed    0x2c  Code  Gb  mcu_application.o [1]
fcs_rx                   0x800'05c5    0x28  Code  Gb  mcu_application.o [1]
fnd_output_data          0x800'12e1    0x4e  Code  Gb  mcu_application.o [1]
fnd_write                0x800'124d    0x8a  Code  Gb  mcu_application.o [1]
frequency_data_initialize
                         0x800'22e1    0x16  Code  Gb  mcu_control_analog.o [1]
frexp                    0x800'6ba5          Code  Gb  frexp.o [3]
frexpl                   0x800'6ba5          Code  Gb  frexp.o [3]
g_tableof_CRC16_CCITT_Normal
                         0x800'7e38   0x200  Data  Lc  checksum.o [1]
get_active_transmitter   0x800'0993     0x8  Code  Gb  mcu_application.o [1]
get_imnpulse_voltage_minus_value
                         0x800'2367     0x8  Code  Gb  mcu_control_analog.o [1]
get_imnpulse_voltage_plus_value
                         0x800'235f     0x8  Code  Gb  mcu_control_analog.o [1]
get_input_data_impulse_voltage
                         0x800'238f   0x2b4  Code  Gb  mcu_control_analog.o [1]
get_input_data_impulse_voltage::_average_imp_minus
                        0x2000'2e90     0x4  Data  Lc  mcu_control_analog.o [1]
get_input_data_impulse_voltage::_average_imp_plus
                        0x2000'2e8c     0x4  Data  Lc  mcu_control_analog.o [1]
get_input_data_impulse_voltage::_count_minus_average
                        0x2000'2e88     0x4  Data  Lc  mcu_control_analog.o [1]
get_input_data_impulse_voltage::_count_plus_average
                        0x2000'2e84     0x4  Data  Lc  mcu_control_analog.o [1]
get_input_data_relay_voltage
                         0x800'2643   0x29c  Code  Gb  mcu_control_analog.o [1]
get_input_data_relay_voltage::_array_PA_2
                        0x2000'1098   0x528  Data  Lc  mcu_control_analog.o [1]
get_input_data_relay_voltage::_array_PA_3
                        0x2000'15c0   0x528  Data  Lc  mcu_control_analog.o [1]
get_input_data_relay_voltage::_average_relay_V1
                        0x2000'2e9c     0x4  Data  Lc  mcu_control_analog.o [1]
get_input_data_relay_voltage::_average_relay_V2
                        0x2000'2ea0     0x4  Data  Lc  mcu_control_analog.o [1]
get_input_data_relay_voltage::_count_V1_average
                        0x2000'2e94     0x4  Data  Lc  mcu_control_analog.o [1]
get_input_data_relay_voltage::_count_V2_average
                        0x2000'2e98     0x4  Data  Lc  mcu_control_analog.o [1]
get_pulse_frequency      0x800'2a55    0x76  Code  Gb  mcu_control_analog.o [1]
get_relay_voltage_v1_value
                         0x800'236f     0x8  Code  Gb  mcu_control_analog.o [1]
get_relay_voltage_v2_value
                         0x800'2377     0x8  Code  Gb  mcu_control_analog.o [1]
get_rx_3hz_frequency_value
                         0x800'2387     0x8  Code  Gb  mcu_control_analog.o [1]
get_rx_current_value     0x800'237f     0x8  Code  Gb  mcu_control_analog.o [1]
hw_driver_initialize     0x800'178d    0x88  Code  Gb  mcu_application.o [1]
hw_gpio_initialize       0x800'1815    0x1c  Code  Gb  mcu_application.o [1]
input_frequency_capture_pin
                         0x800'2b07    0x54  Code  Lc  mcu_control_analog.o [1]
input_frequency_show     0x800'2c63    0x1a  Code  Gb  mcu_control_analog.o [1]
input_front_mode_button
                         0x800'1359    0x20  Code  Gb  mcu_application.o [1]
io_control_show          0x800'08fd    0x96  Code  Gb  mcu_application.o [1]
io_fifo_initialize       0x800'47a5    0x2a  Code  Gb  bfifo.o [1]
istream_check_timeout    0x800'210f    0x40  Code  Gb  mcu_istream.o [1]
istream_initialize       0x800'2089    0x3e  Code  Gb  mcu_istream.o [1]
istream_packet_parse     0x800'2163    0x24  Code  Gb  mcu_istream.o [1]
istream_packet_process   0x800'218d    0x7e  Code  Gb  mcu_istream.o [1]
istream_packet_process_dust
                         0x800'2187     0x6  Code  Gb  mcu_istream.o [1]
istream_packet_push      0x800'2225    0x82  Code  Gb  mcu_istream.o [1]
istream_set_rx_flag      0x800'20c7    0x1a  Code  Gb  mcu_istream.o [1]
istream_set_timeout      0x800'20e1    0x2e  Code  Gb  mcu_istream.o [1]
istream_timer_irq_handler
                         0x800'214f    0x14  Code  Gb  mcu_istream.o [1]
ldexp                    0x800'6c75          Code  Gb  ldexp.o [3]
ldexpl                   0x800'6c75          Code  Gb  ldexp.o [3]
main                     0x800'81ad    0x34  Code  Gb  main.o [1]
make_fnd_data            0x800'13f5   0x1f6  Code  Gb  mcu_application.o [1]
measure_current_irq_handler
                         0x800'0455     0x2  Code  Gb  mcu_application.o [1]
measured_analog_data_show
                         0x800'2ba9    0xba  Code  Gb  mcu_control_analog.o [1]
memchr                   0x800'6b4d          Code  Gb  memchr.o [4]
memcmp                   0x800'588d          Code  Gb  memcmp.o [4]
message_queue_initialize
                         0x800'498d    0x3e  Code  Gb  message_queue.o [1]
message_show             0x800'08c3    0x3a  Code  Gb  mcu_application.o [1]
nb_packet_check_sequence_range
                         0x800'4b49    0x5e  Code  Gb  mcu_nb_packet.o [1]
nb_packet_get            0x800'4aa3    0xa6  Code  Gb  mcu_nb_packet.o [1]
nb_packet_get_id_type    0x800'4bd3     0xa  Code  Gb  mcu_nb_packet.o [1]
nb_packet_get_id_unit    0x800'4bdd     0xc  Code  Gb  mcu_nb_packet.o [1]
nb_packet_get_id_worker
                         0x800'4be9    0x1e  Code  Gb  mcu_nb_packet.o [1]
nb_packet_make_id        0x800'4bb5    0x1e  Code  Gb  mcu_nb_packet.o [1]
nb_packet_parse          0x800'49cd    0xd6  Code  Gb  mcu_nb_packet.o [1]
output_fnd_display       0x800'132f    0x24  Code  Gb  mcu_application.o [1]
peer_connection_check_timeout
                         0x800'1d1f    0x40  Code  Gb  mcu_peer.o [1]
peer_connection_get_timeout
                         0x800'1d1b     0x4  Code  Gb  mcu_peer.o [1]
peer_connection_initialize
                         0x800'1c55    0x18  Code  Gb  mcu_peer.o [1]
peer_connection_set_rx_flag
                         0x800'1c6d    0x1a  Code  Gb  mcu_peer.o [1]
peer_connection_set_timeout
                         0x800'1c87    0x94  Code  Gb  mcu_peer.o [1]
peer_find_connection     0x800'1d67    0x5a  Code  Gb  mcu_peer.o [1]
peer_initialize          0x800'1dc1    0x82  Code  Gb  mcu_peer.o [1]
peer_reset_data          0x800'1fb5    0x14  Code  Gb  mcu_peer.o [1]
peer_rx_packet           0x800'1eb7    0xc0  Code  Gb  mcu_peer.o [1]
peer_set_data            0x800'1f77    0x3e  Code  Gb  mcu_peer.o [1]
peer_show                0x800'1fc9    0x9e  Code  Gb  mcu_peer.o [1]
peer_timer_irq_handler   0x800'1d5f     0x8  Code  Gb  mcu_peer.o [1]
peer_update              0x800'1e43    0x74  Code  Gb  mcu_peer.o [1]
peripheral_initial       0x800'7865    0x38  Code  Gb  stm32f10x_init.o [1]
print_bitfield_order     0x800'3895   0x140  Code  Lc  mcu_debug.o [1]
print_endianness         0x800'37fb    0x94  Code  Lc  mcu_debug.o [1]
print_type_size          0x800'3687   0x174  Code  Lc  mcu_debug.o [1]
put_current_value        0x800'28f1   0x13e  Code  Gb  mcu_control_analog.o [1]
put_current_value::_average_max_current_value
                        0x2000'2ea8     0x4  Data  Lc  mcu_control_analog.o [1]
put_current_value::_count_average_current
                        0x2000'2ed4     0x1  Data  Lc  mcu_control_analog.o [1]
put_current_value::_count_measure_current
                        0x2000'2ea4     0x4  Data  Lc  mcu_control_analog.o [1]
put_pulse_frequency      0x800'2acb    0x3c  Code  Gb  mcu_control_analog.o [1]
put_str                  0x800'0657    0x24  Code  Gb  mcu_application.o [1]
reception                0x800'1091    0x52  Code  Lc  mcu_application.o [1]
reset_sampling_data_pulse_frequency
                         0x800'2a2f    0x26  Code  Gb  mcu_control_analog.o [1]
reverse4                 0x800'3ae9    0x2a  Code  Gb  mcu_config.o [1]
rising_edge_flag_TIM3    0x800'03b1    0x28  Code  Gb  mcu_application.o [1]
scalbln                  0x800'6c75          Code  Gb  ldexp.o [3]
scalblnl                 0x800'6c75          Code  Gb  ldexp.o [3]
scalbn                   0x800'6c75          Code  Gb  ldexp.o [3]
scalbnl                  0x800'6c75          Code  Gb  ldexp.o [3]
scale                    0x800'67a3    0x46  Code  Lc  xprintffull_nomb.o [2]
sec_hand                0x2000'2eb4     0x4  Data  Lc  xfail_s.o [2]
sprintf                  0x800'46ad    0x40  Code  Gb  sprintf.o [2]
strchr                   0x800'6af5          Code  Gb  strchr.o [4]
strlen                   0x800'3601          Code  Gb  strlen.o [4]
strncmp                  0x800'689f    0x28  Code  Gb  strncmp.o [2]
timer_500usec_irq_handler
                         0x800'0379    0x26  Code  Gb  mcu_application.o [1]
timer_50usec_irq_handler
                         0x800'036f     0xa  Code  Gb  mcu_application.o [1]
timer_boot_irq_handler   0x800'020b    0x24  Code  Lc  mcu_application.o [1]
timer_run_irq_handler    0x800'024b   0x124  Code  Lc  mcu_application.o [1]
transmit                 0x800'09ad   0x39e  Code  Lc  mcu_application.o [1]
transmit::_count_relay_vol_off
                        0x2000'2e40     0x4  Data  Lc  mcu_application.o [1]
transmit::_transmit_state_data
                        0x2000'2ed2     0x1  Data  Lc  mcu_application.o [1]
update_equipment         0x800'1069    0x16  Code  Lc  mcu_application.o [1]
update_istream           0x800'1041    0x20  Code  Lc  mcu_application.o [1]
vsnprintf                0x800'5851    0x3c  Code  Gb  vsnprint.o [2]
watchdog_run_irq_handler
                         0x800'022f    0x1c  Code  Lc  mcu_application.o [1]


[1] = C:\Users\User\Desktop\Work\IMPULSE\Intergrated_Impulse_Receiver_iar8.4 (2)\Debug\Obj
[2] = dl7M_tln.a
[3] = m7M_tl.a
[4] = rt7M_tl.a
[5] = shb_l.a

  33'072 bytes of readonly  code memory
   5'840 bytes of readonly  data memory
  14'036 bytes of readwrite data memory

Errors: none
Warnings: none
