../Core/Src/main.c:304:17:_calcBaudRate	32	static
../Core/Src/main.c:324:5:main	8	static
../Core/Src/main.c:437:6:SystemClock_Config	88	static
../Core/Src/main.c:490:13:MX_RNG_Init	8	static
../Core/Src/main.c:516:13:MX_SPI1_Init	8	static
../Core/Src/main.c:554:13:MX_TIM3_Init	32	static
../Core/Src/main.c:599:13:MX_UART4_Init	8	static
../Core/Src/main.c:632:13:MX_UART5_Init	8	static
../Core/Src/main.c:665:13:MX_UART7_Init	8	static
../Core/Src/main.c:698:13:MX_UART8_Init	8	static
../Core/Src/main.c:731:13:MX_USART1_UART_Init	8	static
../Core/Src/main.c:764:13:MX_USART2_UART_Init	8	static
../Core/Src/main.c:797:13:MX_USART3_UART_Init	8	static
../Core/Src/main.c:830:13:MX_USART6_UART_Init	8	static
../Core/Src/main.c:863:13:MX_GPIO_Init	64	static
../Core/Src/main.c:960:6:initial_GPIO_LED	8	static
../Core/Src/main.c:994:6:HAL_TIM_PeriodElapsedCallback	16	static
../Core/Src/main.c:1078:6:HAL_UART_RxCpltCallback	16	static
../Core/Src/main.c:1190:6:OnUart1_Recv	16	static
../Core/Src/main.c:1194:6:OnUart2_Recv	16	static
../Core/Src/main.c:1198:6:OnUart3_Recv	16	static
../Core/Src/main.c:1202:6:OnUart4_Recv	16	static
../Core/Src/main.c:1206:6:OnUart5_Recv	16	static
../Core/Src/main.c:1210:6:OnUart6_Recv	16	static
../Core/Src/main.c:1214:6:OnUart7_Recv	16	static
../Core/Src/main.c:1218:6:OnUart8_Recv	16	static
../Core/Src/main.c:1224:12:fcs_rx	24	static
../Core/Src/main.c:1242:12:fcs_conv	24	static
../Core/Src/main.c:1262:13:Packet_Verify	48	static
../Core/Src/main.c:1327:13:POW	24	static
../Core/Src/main.c:1340:6:uartinput1	8	static
../Core/Src/main.c:1369:6:uartinput2	8	static
../Core/Src/main.c:1399:6:uartinput3	8	static
../Core/Src/main.c:1430:6:uartinput4	8	static
../Core/Src/main.c:1463:6:uartinput5	8	static
../Core/Src/main.c:1492:6:uartinput6	8	static
../Core/Src/main.c:1522:6:uartinput7	8	static
../Core/Src/main.c:1552:6:uartinput8	8	static
../Core/Src/main.c:1590:6:COM_Input_Parse1	56	static
../Core/Src/main.c:1682:6:COM_Input_Parse2	56	static
../Core/Src/main.c:1775:6:COM_Input_Parse3	56	static
../Core/Src/main.c:1868:6:COM_Input_Parse4	56	static
../Core/Src/main.c:1961:6:COM_Input_Parse5	56	static
../Core/Src/main.c:2054:6:COM_Input_Parse6	56	static
../Core/Src/main.c:2146:6:COM_Input_Parse7	56	static
../Core/Src/main.c:2239:6:COM_Input_Parse8	56	static
../Core/Src/main.c:2336:6:ascii_convert_to_hex	32	static
../Core/Src/main.c:2363:6:ascii_to_bcd	72	static
../Core/Src/main.c:2401:12:Transmit_checksum	48	static
../Core/Src/main.c:2434:6:transmit_reset	8	static
../Core/Src/main.c:2485:6:transmit	16	static
../Core/Src/main.c:2541:6:uarti2cspi_initAdvanced	32	static
../Core/Src/main.c:2570:6:uarti2cspi_interruptEnable	24	static
../Core/Src/main.c:2601:6:uarti2cspi_writeReg	24	static
../Core/Src/main.c:2629:9:uarti2cspi_readReg	32	static
../Core/Src/main.c:2645:6:uarti2cspi_uartWrite	16	static
../Core/Src/main.c:2659:6:uarti2cspi_uartWrite1	16	static
../Core/Src/main.c:2670:6:uarti2cspi_uartText	16	static
../Core/Src/main.c:2680:6:uarti2cspi_serialWrite	16	static
../Core/Src/main.c:2705:6:Error_Handler	4	static,ignoring_inline_asm
