###############################################################################
#
# IAR ELF Linker V8.40.1.212/W32 for ARM                  08/Oct/2024  12:01:09
# Copyright 2007-2019 IAR Systems AB.
#
#    Output file  =
#        C:\Users\User\Desktop\Work\IMPULSE\Intergrated_Impulse_Transmitter\Debug\Exe\Impulse_Transmitter.out
#    Map file     =
#        C:\Users\User\Desktop\Work\IMPULSE\Intergrated_Impulse_Transmitter\Debug\List\Impulse_Transmitter.map
#    Command line =
#        -f C:\Users\User\AppData\Local\Temp\EWE061.tmp
#        (C:\Users\User\Desktop\Work\IMPULSE\Intergrated_Impulse_Transmitter\Debug\Obj\bfifo.o
#        C:\Users\User\Desktop\Work\IMPULSE\Intergrated_Impulse_Transmitter\Debug\Obj\bsb.o
#        C:\Users\User\Desktop\Work\IMPULSE\Intergrated_Impulse_Transmitter\Debug\Obj\checksum.o
#        C:\Users\User\Desktop\Work\IMPULSE\Intergrated_Impulse_Transmitter\Debug\Obj\main.o
#        C:\Users\User\Desktop\Work\IMPULSE\Intergrated_Impulse_Transmitter\Debug\Obj\mcu_application.o
#        C:\Users\User\Desktop\Work\IMPULSE\Intergrated_Impulse_Transmitter\Debug\Obj\mcu_com.o
#        C:\Users\User\Desktop\Work\IMPULSE\Intergrated_Impulse_Transmitter\Debug\Obj\mcu_config.o
#        C:\Users\User\Desktop\Work\IMPULSE\Intergrated_Impulse_Transmitter\Debug\Obj\mcu_control_analog.o
#        C:\Users\User\Desktop\Work\IMPULSE\Intergrated_Impulse_Transmitter\Debug\Obj\mcu_debug.o
#        C:\Users\User\Desktop\Work\IMPULSE\Intergrated_Impulse_Transmitter\Debug\Obj\mcu_debug_shell.o
#        C:\Users\User\Desktop\Work\IMPULSE\Intergrated_Impulse_Transmitter\Debug\Obj\mcu_equipment.o
#        C:\Users\User\Desktop\Work\IMPULSE\Intergrated_Impulse_Transmitter\Debug\Obj\mcu_istream.o
#        C:\Users\User\Desktop\Work\IMPULSE\Intergrated_Impulse_Transmitter\Debug\Obj\mcu_nb_packet.o
#        C:\Users\User\Desktop\Work\IMPULSE\Intergrated_Impulse_Transmitter\Debug\Obj\mcu_peer.o
#        C:\Users\User\Desktop\Work\IMPULSE\Intergrated_Impulse_Transmitter\Debug\Obj\mcu_redundant.o
#        C:\Users\User\Desktop\Work\IMPULSE\Intergrated_Impulse_Transmitter\Debug\Obj\message_queue.o
#        C:\Users\User\Desktop\Work\IMPULSE\Intergrated_Impulse_Transmitter\Debug\Obj\misc.o
#        C:\Users\User\Desktop\Work\IMPULSE\Intergrated_Impulse_Transmitter\Debug\Obj\startup_stm32f10x_hd.o
#        C:\Users\User\Desktop\Work\IMPULSE\Intergrated_Impulse_Transmitter\Debug\Obj\stm32f10x_adc.o
#        C:\Users\User\Desktop\Work\IMPULSE\Intergrated_Impulse_Transmitter\Debug\Obj\stm32f10x_crc.o
#        C:\Users\User\Desktop\Work\IMPULSE\Intergrated_Impulse_Transmitter\Debug\Obj\stm32f10x_dbgmcu.o
#        C:\Users\User\Desktop\Work\IMPULSE\Intergrated_Impulse_Transmitter\Debug\Obj\stm32f10x_dma.o
#        C:\Users\User\Desktop\Work\IMPULSE\Intergrated_Impulse_Transmitter\Debug\Obj\stm32f10x_exti.o
#        C:\Users\User\Desktop\Work\IMPULSE\Intergrated_Impulse_Transmitter\Debug\Obj\stm32f10x_flash.o
#        C:\Users\User\Desktop\Work\IMPULSE\Intergrated_Impulse_Transmitter\Debug\Obj\stm32f10x_gpio.o
#        C:\Users\User\Desktop\Work\IMPULSE\Intergrated_Impulse_Transmitter\Debug\Obj\stm32f10x_i2c.o
#        C:\Users\User\Desktop\Work\IMPULSE\Intergrated_Impulse_Transmitter\Debug\Obj\stm32f10x_init.o
#        C:\Users\User\Desktop\Work\IMPULSE\Intergrated_Impulse_Transmitter\Debug\Obj\stm32f10x_it.o
#        C:\Users\User\Desktop\Work\IMPULSE\Intergrated_Impulse_Transmitter\Debug\Obj\stm32f10x_iwdg.o
#        C:\Users\User\Desktop\Work\IMPULSE\Intergrated_Impulse_Transmitter\Debug\Obj\stm32f10x_rcc.o
#        C:\Users\User\Desktop\Work\IMPULSE\Intergrated_Impulse_Transmitter\Debug\Obj\stm32f10x_spi.o
#        C:\Users\User\Desktop\Work\IMPULSE\Intergrated_Impulse_Transmitter\Debug\Obj\stm32f10x_tim.o
#        C:\Users\User\Desktop\Work\IMPULSE\Intergrated_Impulse_Transmitter\Debug\Obj\stm32f10x_usart.o
#        C:\Users\User\Desktop\Work\IMPULSE\Intergrated_Impulse_Transmitter\Debug\Obj\stm32f10x_wwdg.o
#        C:\Users\User\Desktop\Work\IMPULSE\Intergrated_Impulse_Transmitter\Debug\Obj\system_stm32f10x.o
#        --no_out_extension -o
#        C:\Users\User\Desktop\Work\IMPULSE\Intergrated_Impulse_Transmitter\Debug\Exe\Impulse_Transmitter.out
#        --map
#        C:\Users\User\Desktop\Work\IMPULSE\Intergrated_Impulse_Transmitter\Debug\List\Impulse_Transmitter.map
#        --config
#        C:\Users\User\Desktop\Work\IMPULSE\Intergrated_Impulse_Transmitter\stm32f10x_flash.icf
#        --semihosting --entry __iar_program_start --vfe --text_out locale)
#
###############################################################################

*******************************************************************************
*** RUNTIME MODEL ATTRIBUTES
***

CppFlavor       = *
__SystemLibrary = DLib
__dlib_version  = 6


*******************************************************************************
*** HEAP SELECTION
***

The basic heap was selected because no calls to memory allocation
functions were found in the application outside of system library
functions, and there are calls to deallocation functions in the
application.


*******************************************************************************
*** PLACEMENT SUMMARY
***

"A0":  place at address 0x800'0000 { ro section .intvec };
"P1":  place in [from 0x800'0000 to 0x80f'ffff] { ro };
define block CSTACK with size = 2K, alignment = 8 { };
define block HEAP with size = 512, alignment = 8 { };
"P2":  place in [from 0x2000'0000 to 0x2001'7fff] {
          rw, block CSTACK, block HEAP };
initialize by copy { rw };

  Section            Kind         Address    Size  Object
  -------            ----         -------    ----  ------
"A0":                                       0x130
  .intvec            ro code   0x800'0000   0x130  startup_stm32f10x_hd.o [1]
                             - 0x800'0130   0x130

"P1":                                      0xa498
  .text              ro code   0x800'0130  0x17c4  mcu_application.o [1]
  .text              ro code   0x800'18f4   0x210  stm32f10x_gpio.o [1]
  .text              ro code   0x800'1b04   0x42c  mcu_peer.o [1]
  .text              ro code   0x800'1f30   0x256  mcu_istream.o [1]
  .text              ro code   0x800'2186    0x3a  zero_init3.o [4]
  .text              ro code   0x800'21c0   0x208  stm32f10x_usart.o [1]
  .text              ro code   0x800'23c8    0x36  strlen.o [4]
  .text              ro code   0x800'23fe    0x2e  copy_init3.o [4]
  .text              ro code   0x800'242c   0xcc8  mcu_control_analog.o [1]
  .text              ro code   0x800'30f4   0x4b0  stm32f10x_tim.o [1]
  .text              ro code   0x800'35a4    0x1c  U32ToFlt.o [3]
  .text              ro code   0x800'35c0    0xfc  FltDiv.o [3]
  .text              ro code   0x800'36bc   0x4b0  mcu_debug.o [1]
  .text              ro code   0x800'3b6c    0xa6  ABImemcpy.o [4]
  .text              ro code   0x800'3c12    0x1a  xsnprout.o [2]
  .text              ro code   0x800'3c2c    0xd8  FltMul.o [3]
  .text              ro code   0x800'3d04    0x22  FltToU32.o [3]
  .text              ro code   0x800'3d26     0xa  xsprout.o [2]
  .text              ro code   0x800'3d30    0x66  ABImemset.o [4]
  .text              ro code   0x800'3d96    0x96  message_queue.o [1]
  .text              ro code   0x800'3e2c   0x7f4  mcu_equipment.o [1]
  .text              ro code   0x800'4620   0x12c  mcu_com.o [1]
  .text              ro code   0x800'474c    0x40  sprintf.o [2]
  .text              ro code   0x800'478c    0x48  FltToDbl.o [3]
  .text              ro code   0x800'47d4   0x128  mcu_config.o [1]
  .text              ro code   0x800'48fc   0x3c8  mcu_redundant.o [1]
  .text              ro code   0x800'4cc4    0x9a  bfifo.o [1]
  .rodata            const     0x800'4d5e     0x2  mcu_debug_shell.o [1]
  .text              ro code   0x800'4d60   0x1c4  mcu_debug_shell.o [1]
  .text              ro code   0x800'4f24   0x23a  mcu_nb_packet.o [1]
  .text              ro code   0x800'515e   0x11e  bsb.o [1]
  .text              ro code   0x800'527c   0x260  stm32f10x_rcc.o [1]
  .text              ro code   0x800'54dc   0x1d8  stm32f10x_dma.o [1]
  .text              ro code   0x800'56b4    0x1a  U32ToDbl.o [3]
  .text              ro code   0x800'56d0   0x1a2  DblMul.o [3]
  .text              ro code   0x800'5874    0x3a  DblToS32.o [3]
  .text              ro code   0x800'58b0   0x246  DblDiv.o [3]
  .text              ro code   0x800'5af8    0x68  DblToFlt.o [3]
  .text              ro code   0x800'5b60    0x24  FltCmpLe.o [3]
  .text              ro code   0x800'5b84    0x28  DblToU32.o [3]
  .text              ro code   0x800'5bac   0x17a  DblAdd.o [3]
  .text              ro code   0x800'5d28    0xe2  FltAdd.o [3]
  .text              ro code   0x800'5e0c    0x24  FltCmpGe.o [3]
  .text              ro code   0x800'5e30    0x24  S32ToFlt.o [3]
  .text              ro code   0x800'5e54    0x3c  vsnprint.o [2]
  .text              ro code   0x800'5e90    0x68  memcmp.o [4]
  .text              ro code   0x800'5ef8   0xfaa  xprintffull_nomb.o [2]
  .text              ro code   0x800'6ea2    0x28  strncmp.o [2]
  .text              ro code   0x800'6ecc    0x3c  checksum.o [1]
  .text              ro code   0x800'6f08    0x96  ABImemmove.o [4]
  .text              ro code   0x800'6fa0    0xe2  DblSub.o [3]
  .text              ro code   0x800'7084    0x74  FltSub.o [3]
  .text              ro code   0x800'70f8    0x16  strchr.o [4]
  .text              ro code   0x800'7110    0x40  xfail_s.o [2]
  .text              ro code   0x800'7150    0x58  memchr.o [4]
  .text              ro code   0x800'71a8    0x70  frexp.o [3]
  .text              ro code   0x800'7218    0x2e  DblCmpLe.o [3]
  .text              ro code   0x800'7248    0x2e  DblCmpGe.o [3]
  .text              ro code   0x800'7278   0x13a  ldexp.o [3]
  .text              ro code   0x800'73b4    0x22  S32ToDbl.o [3]
  .text              ro code   0x800'73d8   0x230  I64DivMod.o [4]
  .text              ro code   0x800'7608     0x6  abort.o [2]
  .text              ro code   0x800'7610     0x2  I64DivZer.o [4]
  .text              ro code   0x800'7614    0x14  exit.o [5]
  .text              ro code   0x800'7628   0x8d8  stm32f10x_init.o [1]
  .text              ro code   0x800'7f00    0x18  stm32f10x_flash.o [1]
  .text              ro code   0x800'7f18    0x78  misc.o [1]
  .text              ro code   0x800'7f90   0x1f8  stm32f10x_adc.o [1]
  .text              ro code   0x800'8188    0xbc  stm32f10x_exti.o [1]
  .text              ro code   0x800'8244   0x250  stm32f10x_it.o [1]
  .text              ro code   0x800'8494    0xd4  main.o [1]
  .rodata            const     0x800'8568   0x200  checksum.o [1]
  .text              ro code   0x800'8768   0x118  system_stm32f10x.o [1]
  .rodata            const     0x800'8880    0x98  mcu_equipment.o [1]
  Initializer bytes  const     0x800'8918    0x98  <for P2-1>
  .rodata            const     0x800'89b0    0x54  mcu_control_analog.o [1]
  .rodata            const     0x800'8a04    0x50  mcu_control_analog.o [1]
  .rodata            const     0x800'8a54    0x50  mcu_debug.o [1]
  .rodata            const     0x800'8aa4    0x44  mcu_debug.o [1]
  .rodata            const     0x800'8ae8    0x40  mcu_peer.o [1]
  .rodata            const     0x800'8b28    0x38  mcu_debug.o [1]
  .rodata            const     0x800'8b60    0x34  mcu_application.o [1]
  .rodata            const     0x800'8b94    0x34  mcu_application.o [1]
  .rodata            const     0x800'8bc8    0x30  mcu_application.o [1]
  .rodata            const     0x800'8bf8    0x30  mcu_application.o [1]
  .rodata            const     0x800'8c28    0x30  mcu_application.o [1]
  .rodata            const     0x800'8c58    0x30  mcu_application.o [1]
  .rodata            const     0x800'8c88    0x30  mcu_application.o [1]
  .rodata            const     0x800'8cb8    0x30  mcu_application.o [1]
  .rodata            const     0x800'8ce8    0x30  mcu_application.o [1]
  .rodata            const     0x800'8d18    0x30  mcu_application.o [1]
  .rodata            const     0x800'8d48    0x30  mcu_application.o [1]
  .rodata            const     0x800'8d78    0x30  mcu_application.o [1]
  .rodata            const     0x800'8da8    0x30  mcu_application.o [1]
  .rodata            const     0x800'8dd8    0x30  mcu_application.o [1]
  .rodata            const     0x800'8e08    0x30  mcu_application.o [1]
  .rodata            const     0x800'8e38    0x30  mcu_application.o [1]
  .rodata            const     0x800'8e68    0x30  mcu_application.o [1]
  .rodata            const     0x800'8e98    0x30  mcu_application.o [1]
  .rodata            const     0x800'8ec8    0x30  mcu_application.o [1]
  .rodata            const     0x800'8ef8    0x30  mcu_application.o [1]
  .rodata            const     0x800'8f28    0x30  mcu_application.o [1]
  .rodata            const     0x800'8f58    0x30  mcu_application.o [1]
  .rodata            const     0x800'8f88    0x30  mcu_application.o [1]
  .rodata            const     0x800'8fb8    0x30  mcu_application.o [1]
  .rodata            const     0x800'8fe8    0x30  mcu_application.o [1]
  .rodata            const     0x800'9018    0x30  mcu_application.o [1]
  .rodata            const     0x800'9048    0x30  mcu_peer.o [1]
  .rodata            const     0x800'9078    0x2c  mcu_application.o [1]
  .rodata            const     0x800'90a4    0x2c  mcu_application.o [1]
  .rodata            const     0x800'90d0    0x2c  mcu_application.o [1]
  .rodata            const     0x800'90fc    0x2c  mcu_config.o [1]
  .rodata            const     0x800'9128    0x2c  mcu_debug.o [1]
  .rodata            const     0x800'9154    0x2c  mcu_istream.o [1]
  .rodata            const     0x800'9180    0x2c  mcu_peer.o [1]
  .rodata            const     0x800'91ac    0x28  mcu_application.o [1]
  .rodata            const     0x800'91d4    0x28  mcu_application.o [1]
  .rodata            const     0x800'91fc    0x28  mcu_application.o [1]
  .rodata            const     0x800'9224    0x28  mcu_application.o [1]
  .rodata            const     0x800'924c    0x28  mcu_application.o [1]
  .rodata            const     0x800'9274    0x28  mcu_application.o [1]
  .rodata            const     0x800'929c    0x28  mcu_application.o [1]
  .rodata            const     0x800'92c4    0x28  mcu_application.o [1]
  .rodata            const     0x800'92ec    0x28  mcu_application.o [1]
  .rodata            const     0x800'9314    0x28  mcu_application.o [1]
  .rodata            const     0x800'933c    0x28  mcu_config.o [1]
  .rodata            const     0x800'9364    0x28  mcu_control_analog.o [1]
  .rodata            const     0x800'938c    0x28  mcu_debug.o [1]
  .rodata            const     0x800'93b4    0x28  mcu_debug.o [1]
  .rodata            const     0x800'93dc    0x28  mcu_debug.o [1]
  .rodata            const     0x800'9404    0x28  mcu_debug.o [1]
  .rodata            const     0x800'942c    0x28  mcu_debug.o [1]
  .rodata            const     0x800'9454    0x28  mcu_debug.o [1]
  .rodata            const     0x800'947c    0x28  mcu_debug.o [1]
  .rodata            const     0x800'94a4    0x28  mcu_debug.o [1]
  .rodata            const     0x800'94cc    0x28  mcu_debug.o [1]
  .text              ro code   0x800'94f4    0x28  data_init.o [4]
  .rodata            const     0x800'951c    0x24  mcu_application.o [1]
  .rodata            const     0x800'9540    0x24  mcu_application.o [1]
  .rodata            const     0x800'9564    0x24  mcu_config.o [1]
  .rodata            const     0x800'9588    0x24  mcu_config.o [1]
  .rodata            const     0x800'95ac    0x24  mcu_config.o [1]
  .rodata            const     0x800'95d0    0x24  mcu_control_analog.o [1]
  .rodata            const     0x800'95f4    0x24  mcu_control_analog.o [1]
  .rodata            const     0x800'9618    0x24  mcu_control_analog.o [1]
  .rodata            const     0x800'963c    0x24  mcu_control_analog.o [1]
  .rodata            const     0x800'9660    0x24  mcu_debug.o [1]
  .rodata            const     0x800'9684    0x24  mcu_debug.o [1]
  .rodata            const     0x800'96a8    0x24  mcu_debug.o [1]
  .rodata            const     0x800'96cc    0x24  mcu_debug.o [1]
  .rodata            const     0x800'96f0    0x24  mcu_debug.o [1]
  .rodata            const     0x800'9714    0x24  mcu_debug.o [1]
  .rodata            const     0x800'9738    0x24  mcu_debug.o [1]
  .rodata            const     0x800'975c    0x24  mcu_debug.o [1]
  .rodata            const     0x800'9780    0x24  mcu_debug.o [1]
  .rodata            const     0x800'97a4    0x24  mcu_debug.o [1]
  .rodata            const     0x800'97c8    0x24  mcu_debug.o [1]
  .rodata            const     0x800'97ec    0x24  mcu_debug.o [1]
  .rodata            const     0x800'9810    0x24  mcu_debug.o [1]
  .rodata            const     0x800'9834    0x24  mcu_debug.o [1]
  .rodata            const     0x800'9858    0x24  mcu_debug.o [1]
  .rodata            const     0x800'987c    0x24  mcu_debug.o [1]
  .rodata            const     0x800'98a0    0x24  mcu_debug.o [1]
  .rodata            const     0x800'98c4    0x24  mcu_debug.o [1]
  .rodata            const     0x800'98e8    0x24  mcu_debug.o [1]
  .rodata            const     0x800'990c    0x24  mcu_debug.o [1]
  .rodata            const     0x800'9930    0x24  mcu_debug.o [1]
  .rodata            const     0x800'9954    0x24  mcu_debug.o [1]
  .rodata            const     0x800'9978    0x24  mcu_debug.o [1]
  .rodata            const     0x800'999c    0x24  mcu_debug.o [1]
  .rodata            const     0x800'99c0    0x24  mcu_debug.o [1]
  .rodata            const     0x800'99e4    0x24  mcu_debug.o [1]
  .rodata            const     0x800'9a08    0x24  mcu_debug.o [1]
  .rodata            const     0x800'9a2c    0x24  mcu_debug.o [1]
  .rodata            const     0x800'9a50    0x24  mcu_peer.o [1]
  .rodata            const     0x800'9a74    0x24  mcu_redundant.o [1]
  .rodata            const     0x800'9a98    0x24  mcu_redundant.o [1]
  .rodata            const     0x800'9abc    0x24  mcu_redundant.o [1]
  .rodata            const     0x800'9ae0    0x24  mcu_redundant.o [1]
  .iar.init_table    const     0x800'9b04    0x24  - Linker created -
  .rodata            const     0x800'9b28    0x20  mcu_application.o [1]
  .rodata            const     0x800'9b48    0x20  mcu_application.o [1]
  .rodata            const     0x800'9b68    0x20  mcu_control_analog.o [1]
  .rodata            const     0x800'9b88    0x20  mcu_control_analog.o [1]
  .rodata            const     0x800'9ba8    0x20  mcu_control_analog.o [1]
  .rodata            const     0x800'9bc8    0x20  mcu_control_analog.o [1]
  .rodata            const     0x800'9be8    0x20  mcu_control_analog.o [1]
  .rodata            const     0x800'9c08    0x20  mcu_debug.o [1]
  .rodata            const     0x800'9c28    0x20  mcu_debug.o [1]
  .rodata            const     0x800'9c48    0x20  mcu_debug.o [1]
  .rodata            const     0x800'9c68    0x20  mcu_debug.o [1]
  .rodata            const     0x800'9c88    0x20  mcu_debug.o [1]
  .rodata            const     0x800'9ca8    0x20  mcu_debug.o [1]
  .rodata            const     0x800'9cc8    0x20  mcu_debug.o [1]
  .rodata            const     0x800'9ce8    0x20  mcu_debug.o [1]
  .rodata            const     0x800'9d08    0x20  mcu_peer.o [1]
  .text              ro code   0x800'9d28    0x1e  cmain.o [4]
  .text              ro code   0x800'9d46     0x4  low_level_init.o [2]
  .text              ro code   0x800'9d4a     0x4  exit.o [2]
  .text              ro code   0x800'9d50     0xa  cexit.o [4]
  .rodata            const     0x800'9d5c    0x1c  mcu_application.o [1]
  .rodata            const     0x800'9d78    0x1c  mcu_application.o [1]
  .rodata            const     0x800'9d94    0x1c  mcu_application.o [1]
  .rodata            const     0x800'9db0    0x1c  mcu_control_analog.o [1]
  .rodata            const     0x800'9dcc    0x1c  mcu_control_analog.o [1]
  .rodata            const     0x800'9de8    0x1c  mcu_debug.o [1]
  .rodata            const     0x800'9e04    0x1c  mcu_debug.o [1]
  .rodata            const     0x800'9e20    0x1c  mcu_debug.o [1]
  .rodata            const     0x800'9e3c    0x1c  mcu_debug.o [1]
  .rodata            const     0x800'9e58    0x1c  mcu_istream.o [1]
  .rodata            const     0x800'9e74    0x1c  mcu_redundant.o [1]
  .rodata            const     0x800'9e90    0x1c  mcu_redundant.o [1]
  .rodata            const     0x800'9eac    0x1c  mcu_redundant.o [1]
  .rodata            const     0x800'9ec8    0x18  mcu_application.o [1]
  .rodata            const     0x800'9ee0    0x18  mcu_application.o [1]
  .rodata            const     0x800'9ef8    0x18  mcu_application.o [1]
  .rodata            const     0x800'9f10    0x18  mcu_application.o [1]
  .rodata            const     0x800'9f28    0x18  mcu_control_analog.o [1]
  .rodata            const     0x800'9f40    0x18  mcu_debug.o [1]
  .rodata            const     0x800'9f58    0x18  mcu_debug.o [1]
  .rodata            const     0x800'9f70    0x18  mcu_debug.o [1]
  .rodata            const     0x800'9f88    0x18  mcu_debug.o [1]
  .rodata            const     0x800'9fa0    0x18  mcu_debug.o [1]
  .rodata            const     0x800'9fb8    0x18  mcu_debug.o [1]
  .rodata            const     0x800'9fd0    0x18  mcu_equipment.o [1]
  .rodata            const     0x800'9fe8    0x18  mcu_istream.o [1]
  .rodata            const     0x800'a000    0x18  mcu_redundant.o [1]
  .rodata            const     0x800'a018    0x18  mcu_redundant.o [1]
  .rodata            const     0x800'a030    0x18  mcu_redundant.o [1]
  .rodata            const     0x800'a048    0x18  mcu_redundant.o [1]
  .rodata            const     0x800'a060    0x18  mcu_redundant.o [1]
  .rodata            const     0x800'a078    0x18  mcu_redundant.o [1]
  .rodata            const     0x800'a090    0x18  mcu_redundant.o [1]
  .rodata            const     0x800'a0a8    0x18  mcu_redundant.o [1]
  .rodata            const     0x800'a0c0    0x18  mcu_redundant.o [1]
  .rodata            const     0x800'a0d8    0x18  mcu_redundant.o [1]
  .rodata            const     0x800'a0f0    0x18  mcu_redundant.o [1]
  .rodata            const     0x800'a108    0x18  mcu_redundant.o [1]
  .rodata            const     0x800'a120    0x18  mcu_redundant.o [1]
  .rodata            const     0x800'a138    0x18  mcu_redundant.o [1]
  .rodata            const     0x800'a150    0x18  mcu_redundant.o [1]
  .rodata            const     0x800'a168    0x18  mcu_redundant.o [1]
  .rodata            const     0x800'a180    0x18  mcu_redundant.o [1]
  .rodata            const     0x800'a198    0x18  mcu_redundant.o [1]
  .rodata            const     0x800'a1b0    0x18  mcu_redundant.o [1]
  .rodata            const     0x800'a1c8    0x18  mcu_redundant.o [1]
  .rodata            const     0x800'a1e0    0x14  mcu_application.o [1]
  .rodata            const     0x800'a1f4    0x14  mcu_application.o [1]
  .rodata            const     0x800'a208    0x14  mcu_application.o [1]
  .rodata            const     0x800'a21c    0x14  mcu_application.o [1]
  .rodata            const     0x800'a230    0x14  mcu_application.o [1]
  .rodata            const     0x800'a244    0x14  mcu_config.o [1]
  .rodata            const     0x800'a258    0x14  mcu_control_analog.o [1]
  .rodata            const     0x800'a26c    0x14  mcu_debug_shell.o [1]
  .rodata            const     0x800'a280    0x14  mcu_equipment.o [1]
  .rodata            const     0x800'a294    0x14  mcu_nb_packet.o [1]
  .rodata            const     0x800'a2a8    0x14  mcu_peer.o [1]
  .rodata            const     0x800'a2bc    0x14  mcu_redundant.o [1]
  .rodata            const     0x800'a2d0    0x14  mcu_redundant.o [1]
  .rodata            const     0x800'a2e4    0x14  mcu_redundant.o [1]
  .rodata            const     0x800'a2f8    0x10  mcu_application.o [1]
  .rodata            const     0x800'a308    0x10  mcu_application.o [1]
  .rodata            const     0x800'a318    0x10  mcu_debug.o [1]
  .rodata            const     0x800'a328    0x10  mcu_debug.o [1]
  .rodata            const     0x800'a338    0x10  mcu_debug.o [1]
  .rodata            const     0x800'a348    0x10  mcu_equipment.o [1]
  .rodata            const     0x800'a358    0x10  mcu_redundant.o [1]
  .rodata            const     0x800'a368    0x10  mcu_redundant.o [1]
  .rodata            const     0x800'a378    0x10  mcu_redundant.o [1]
  .rodata            const     0x800'a388    0x10  mcu_redundant.o [1]
  .text              ro code   0x800'a398    0x10  startup_stm32f10x_hd.o [1]
  .rodata            const     0x800'a3a8     0xc  mcu_application.o [1]
  .rodata            const     0x800'a3b4     0xc  mcu_application.o [1]
  .rodata            const     0x800'a3c0     0xc  mcu_application.o [1]
  .rodata            const     0x800'a3cc     0xc  mcu_application.o [1]
  .rodata            const     0x800'a3d8     0xc  mcu_application.o [1]
  .rodata            const     0x800'a3e4     0xc  mcu_debug_shell.o [1]
  .rodata            const     0x800'a3f0     0xc  mcu_debug_shell.o [1]
  .rodata            const     0x800'a3fc     0xc  mcu_debug_shell.o [1]
  .rodata            const     0x800'a408     0xc  mcu_equipment.o [1]
  .rodata            const     0x800'a414     0xc  mcu_equipment.o [1]
  .rodata            const     0x800'a420     0xc  mcu_equipment.o [1]
  .rodata            const     0x800'a42c     0xc  mcu_equipment.o [1]
  .rodata            const     0x800'a438     0xc  mcu_redundant.o [1]
  .rodata            const     0x800'a444     0xc  mcu_redundant.o [1]
  .text              ro code   0x800'a450     0xc  cstartup_M.o [4]
  .rodata            const     0x800'a45c     0x8  mcu_application.o [1]
  .rodata            const     0x800'a464     0x8  mcu_application.o [1]
  .rodata            const     0x800'a46c     0x8  mcu_application.o [1]
  .rodata            const     0x800'a474     0x8  mcu_application.o [1]
  .rodata            const     0x800'a47c     0x8  mcu_application.o [1]
  .rodata            const     0x800'a484     0x8  mcu_debug_shell.o [1]
  .rodata            const     0x800'a48c     0x8  mcu_debug_shell.o [1]
  .rodata            const     0x800'a494     0x8  mcu_debug_shell.o [1]
  .rodata            const     0x800'a49c     0x8  mcu_debug_shell.o [1]
  .rodata            const     0x800'a4a4     0x8  mcu_debug_shell.o [1]
  .rodata            const     0x800'a4ac     0x8  mcu_debug_shell.o [1]
  .rodata            const     0x800'a4b4     0x8  mcu_debug_shell.o [1]
  .rodata            const     0x800'a4bc     0x8  mcu_debug_shell.o [1]
  .rodata            const     0x800'a4c4     0x8  mcu_debug_shell.o [1]
  .rodata            const     0x800'a4cc     0x8  mcu_equipment.o [1]
  .rodata            const     0x800'a4d4     0x8  mcu_redundant.o [1]
  .rodata            const     0x800'a4dc     0x8  mcu_redundant.o [1]
  .rodata            const     0x800'a4e4     0x8  mcu_redundant.o [1]
  .rodata            const     0x800'a4ec     0x8  xprintffull_nomb.o [2]
  .rodata            const     0x800'a4f4     0x4  mcu_debug.o [1]
  .rodata            const     0x800'a4f8     0x4  mcu_debug.o [1]
  .rodata            const     0x800'a4fc     0x4  mcu_debug_shell.o [1]
  .rodata            const     0x800'a500     0x4  mcu_nb_packet.o [1]
  .rodata            const     0x800'a504     0x4  mcu_nb_packet.o [1]
  .text              ro code   0x800'a508     0x4  startup_stm32f10x_hd.o [1]
  .text              ro code   0x800'a50c     0x4  startup_stm32f10x_hd.o [1]
  .text              ro code   0x800'a510     0x4  startup_stm32f10x_hd.o [1]
  .text              ro code   0x800'a514     0x4  startup_stm32f10x_hd.o [1]
  .text              ro code   0x800'a518     0x4  startup_stm32f10x_hd.o [1]
  .text              ro code   0x800'a51c     0x4  startup_stm32f10x_hd.o [1]
  .text              ro code   0x800'a520     0x4  startup_stm32f10x_hd.o [1]
  .text              ro code   0x800'a524     0x4  startup_stm32f10x_hd.o [1]
  .text              ro code   0x800'a528     0x4  startup_stm32f10x_hd.o [1]
  .text              ro code   0x800'a52c     0x4  startup_stm32f10x_hd.o [1]
  .text              ro code   0x800'a530     0x4  startup_stm32f10x_hd.o [1]
  .text              ro code   0x800'a534     0x4  startup_stm32f10x_hd.o [1]
  .text              ro code   0x800'a538     0x4  startup_stm32f10x_hd.o [1]
  .text              ro code   0x800'a53c     0x4  startup_stm32f10x_hd.o [1]
  .text              ro code   0x800'a540     0x4  startup_stm32f10x_hd.o [1]
  .text              ro code   0x800'a544     0x4  startup_stm32f10x_hd.o [1]
  .text              ro code   0x800'a548     0x4  startup_stm32f10x_hd.o [1]
  .text              ro code   0x800'a54c     0x4  startup_stm32f10x_hd.o [1]
  .text              ro code   0x800'a550     0x4  startup_stm32f10x_hd.o [1]
  .text              ro code   0x800'a554     0x4  startup_stm32f10x_hd.o [1]
  .text              ro code   0x800'a558     0x4  startup_stm32f10x_hd.o [1]
  .text              ro code   0x800'a55c     0x4  startup_stm32f10x_hd.o [1]
  .text              ro code   0x800'a560     0x4  startup_stm32f10x_hd.o [1]
  .text              ro code   0x800'a564     0x4  startup_stm32f10x_hd.o [1]
  .text              ro code   0x800'a568     0x4  startup_stm32f10x_hd.o [1]
  .text              ro code   0x800'a56c     0x4  startup_stm32f10x_hd.o [1]
  .text              ro code   0x800'a570     0x4  startup_stm32f10x_hd.o [1]
  .text              ro code   0x800'a574     0x4  startup_stm32f10x_hd.o [1]
  .text              ro code   0x800'a578     0x4  startup_stm32f10x_hd.o [1]
  .text              ro code   0x800'a57c     0x4  startup_stm32f10x_hd.o [1]
  .text              ro code   0x800'a580     0x4  startup_stm32f10x_hd.o [1]
  .text              ro code   0x800'a584     0x4  startup_stm32f10x_hd.o [1]
  .text              ro code   0x800'a588     0x4  startup_stm32f10x_hd.o [1]
  .text              ro code   0x800'a58c     0x4  startup_stm32f10x_hd.o [1]
  .text              ro code   0x800'a590     0x4  startup_stm32f10x_hd.o [1]
  .text              ro code   0x800'a594     0x4  startup_stm32f10x_hd.o [1]
  .text              ro code   0x800'a598     0x4  startup_stm32f10x_hd.o [1]
  .text              ro code   0x800'a59c     0x4  startup_stm32f10x_hd.o [1]
  .text              ro code   0x800'a5a0     0x4  startup_stm32f10x_hd.o [1]
  .text              ro code   0x800'a5a4     0x4  startup_stm32f10x_hd.o [1]
  .text              ro code   0x800'a5a8     0x4  startup_stm32f10x_hd.o [1]
  .text              ro code   0x800'a5ac     0x4  startup_stm32f10x_hd.o [1]
  .text              ro code   0x800'a5b0     0x4  startup_stm32f10x_hd.o [1]
  .text              ro code   0x800'a5b4     0x4  startup_stm32f10x_hd.o [1]
  .text              ro code   0x800'a5b8     0x4  startup_stm32f10x_hd.o [1]
  .text              ro code   0x800'a5bc     0x4  startup_stm32f10x_hd.o [1]
  .text              ro code   0x800'a5c0     0x4  startup_stm32f10x_hd.o [1]
  .text              ro code   0x800'a5c4     0x4  startup_stm32f10x_hd.o [1]
  .rodata            const     0x800'a5c8     0x0  zero_init3.o [4]
  .rodata            const     0x800'a5c8     0x0  copy_init3.o [4]
                             - 0x800'a5c8  0xa498

"P2", part 1 of 3:                           0x98
  P2-1                        0x2000'0000    0x98  <Init block>
    .data            inited   0x2000'0000     0x4  mcu_application.o [1]
    .data            inited   0x2000'0004     0x4  mcu_application.o [1]
    .data            inited   0x2000'0008     0x4  mcu_application.o [1]
    .data            inited   0x2000'000c     0x4  mcu_application.o [1]
    .data            inited   0x2000'0010     0xc  mcu_com.o [1]
    .data            inited   0x2000'001c    0x60  mcu_debug_shell.o [1]
    .data            inited   0x2000'007c    0x10  stm32f10x_rcc.o [1]
    .data            inited   0x2000'008c     0x4  stm32f10x_rcc.o [1]
    .data            inited   0x2000'0090     0x4  system_stm32f10x.o [1]
    .data            inited   0x2000'0094     0x1  mcu_application.o [1]
    .data            inited   0x2000'0095     0x1  mcu_application.o [1]
    .data            inited   0x2000'0096     0x1  mcu_application.o [1]
    .data            inited   0x2000'0097     0x1  mcu_application.o [1]
                            - 0x2000'0098    0x98

"P2", part 2 of 3:                         0x2088
  .bss               zero     0x2000'0098  0x1000  mcu_application.o [1]
  .bss               zero     0x2000'1098   0x1f8  mcu_application.o [1]
  .bss               zero     0x2000'1290   0x190  mcu_control_analog.o [1]
  .bss               zero     0x2000'1420   0x17c  mcu_control_analog.o [1]
  .bss               zero     0x2000'159c   0x17c  mcu_control_analog.o [1]
  .bss               zero     0x2000'1718    0xfc  mcu_application.o [1]
  .bss               zero     0x2000'1814    0xfc  mcu_application.o [1]
  .bss               zero     0x2000'1910    0xf0  mcu_control_analog.o [1]
  .bss               zero     0x2000'1a00    0xc8  mcu_control_analog.o [1]
  .bss               zero     0x2000'1ac8    0xb0  mcu_equipment.o [1]
  .bss               zero     0x2000'1b78    0x90  mcu_peer.o [1]
  .bss               zero     0x2000'1c08    0x80  mcu_debug_shell.o [1]
  .bss               zero     0x2000'1c88    0x78  mcu_com.o [1]
  .bss               zero     0x2000'1d00    0x64  mcu_control_analog.o [1]
  .bss               zero     0x2000'1d64    0x4c  mcu_redundant.o [1]
  .bss               zero     0x2000'1db0    0x4c  mcu_redundant.o [1]
  .bss               zero     0x2000'1dfc    0x40  mcu_application.o [1]
  .bss               zero     0x2000'1e3c    0x40  mcu_application.o [1]
  .bss               zero     0x2000'1e7c    0x2c  mcu_application.o [1]
  .bss               zero     0x2000'1ea8    0x2c  mcu_control_analog.o [1]
  .bss               zero     0x2000'1ed4    0x20  mcu_application.o [1]
  .bss               zero     0x2000'1ef4    0x1c  mcu_istream.o [1]
  .bss               zero     0x2000'1f10    0x18  mcu_application.o [1]
  .bss               zero     0x2000'1f28    0x18  mcu_application.o [1]
  .bss               zero     0x2000'1f40    0x14  mcu_config.o [1]
  .bss               zero     0x2000'1f54    0x14  stm32f10x_init.o [1]
  .bss               zero     0x2000'1f68    0x14  stm32f10x_init.o [1]
  .bss               zero     0x2000'1f7c    0x10  mcu_application.o [1]
  .bss               zero     0x2000'1f8c    0x10  stm32f10x_init.o [1]
  .bss               zero     0x2000'1f9c    0x10  stm32f10x_init.o [1]
  .bss               zero     0x2000'1fac     0xc  mcu_control_analog.o [1]
  .bss               zero     0x2000'1fb8     0xc  mcu_debug_shell.o [1]
  .bss               zero     0x2000'1fc4     0xc  stm32f10x_init.o [1]
  .bss               zero     0x2000'1fd0     0xc  stm32f10x_init.o [1]
  .bss               zero     0x2000'1fdc     0x8  mcu_application.o [1]
  .bss               zero     0x2000'1fe4     0x8  mcu_application.o [1]
  .bss               zero     0x2000'1fec     0x8  stm32f10x_init.o [1]
  .bss               zero     0x2000'1ff4     0x4  main.o [1]
  .bss               zero     0x2000'1ff8     0x4  mcu_application.o [1]
  .bss               zero     0x2000'1ffc     0x4  mcu_application.o [1]
  .bss               zero     0x2000'2000     0x4  mcu_application.o [1]
  .bss               zero     0x2000'2004     0x4  mcu_application.o [1]
  .bss               zero     0x2000'2008     0x4  mcu_application.o [1]
  .bss               zero     0x2000'200c     0x4  mcu_application.o [1]
  .bss               zero     0x2000'2010     0x4  mcu_application.o [1]
  .bss               zero     0x2000'2014     0x4  mcu_application.o [1]
  .bss               zero     0x2000'2018     0x4  mcu_application.o [1]
  .bss               zero     0x2000'201c     0x4  mcu_application.o [1]
  .bss               zero     0x2000'2020     0x4  mcu_application.o [1]
  .bss               zero     0x2000'2024     0x4  mcu_application.o [1]
  .bss               zero     0x2000'2028     0x4  mcu_application.o [1]
  .bss               zero     0x2000'202c     0x4  mcu_application.o [1]
  .bss               zero     0x2000'2030     0x4  mcu_application.o [1]
  .bss               zero     0x2000'2034     0x4  mcu_application.o [1]
  .bss               zero     0x2000'2038     0x4  mcu_application.o [1]
  .bss               zero     0x2000'203c     0x4  mcu_application.o [1]
  .bss               zero     0x2000'2040     0x4  mcu_application.o [1]
  .bss               zero     0x2000'2044     0x4  mcu_application.o [1]
  .bss               zero     0x2000'2048     0x4  mcu_application.o [1]
  .bss               zero     0x2000'204c     0x4  mcu_application.o [1]
  .bss               zero     0x2000'2050     0x4  mcu_application.o [1]
  .bss               zero     0x2000'2054     0x4  mcu_application.o [1]
  .bss               zero     0x2000'2058     0x4  mcu_application.o [1]
  .bss               zero     0x2000'205c     0x4  mcu_application.o [1]
  .bss               zero     0x2000'2060     0x4  mcu_application.o [1]
  .bss               zero     0x2000'2064     0x4  mcu_application.o [1]
  .bss               zero     0x2000'2068     0x4  mcu_application.o [1]
  .bss               zero     0x2000'206c     0x4  mcu_application.o [1]
  .bss               zero     0x2000'2070     0x4  mcu_application.o [1]
  .bss               zero     0x2000'2074     0x4  mcu_application.o [1]
  .bss               zero     0x2000'2078     0x4  mcu_control_analog.o [1]
  .bss               zero     0x2000'207c     0x4  mcu_control_analog.o [1]
  .bss               zero     0x2000'2080     0x4  mcu_control_analog.o [1]
  .bss               zero     0x2000'2084     0x4  mcu_control_analog.o [1]
  .bss               zero     0x2000'2088     0x4  mcu_control_analog.o [1]
  .bss               zero     0x2000'208c     0x4  mcu_control_analog.o [1]
  .bss               zero     0x2000'2090     0x4  mcu_control_analog.o [1]
  .bss               zero     0x2000'2094     0x4  mcu_control_analog.o [1]
  .bss               zero     0x2000'2098     0x4  mcu_control_analog.o [1]
  .bss               zero     0x2000'209c     0x4  mcu_control_analog.o [1]
  .bss               zero     0x2000'20a0     0x4  mcu_control_analog.o [1]
  .bss               zero     0x2000'20a4     0x4  mcu_control_analog.o [1]
  .bss               zero     0x2000'20a8     0x4  mcu_control_analog.o [1]
  .bss               zero     0x2000'20ac     0x4  mcu_control_analog.o [1]
  .bss               zero     0x2000'20b0     0x4  mcu_control_analog.o [1]
  .bss               zero     0x2000'20b4     0x4  mcu_control_analog.o [1]
  .bss               zero     0x2000'20b8     0x4  mcu_control_analog.o [1]
  .bss               zero     0x2000'20bc     0x4  mcu_control_analog.o [1]
  .bss               zero     0x2000'20c0     0x4  mcu_control_analog.o [1]
  .bss               zero     0x2000'20c4     0x4  mcu_control_analog.o [1]
  .bss               zero     0x2000'20c8     0x4  mcu_control_analog.o [1]
  .bss               zero     0x2000'20cc     0x4  mcu_control_analog.o [1]
  .bss               zero     0x2000'20d0     0x4  mcu_control_analog.o [1]
  .bss               zero     0x2000'20d4     0x4  mcu_redundant.o [1]
  .bss               zero     0x2000'20d8     0x4  mcu_redundant.o [1]
  .bss               zero     0x2000'20dc     0x4  mcu_redundant.o [1]
  .bss               zero     0x2000'20e0     0x4  mcu_redundant.o [1]
  .bss               zero     0x2000'20e4     0x4  mcu_redundant.o [1]
  .bss               zero     0x2000'20e8     0x4  stm32f10x_init.o [1]
  .bss               zero     0x2000'20ec     0x4  stm32f10x_init.o [1]
  .bss               zero     0x2000'20f0     0x4  stm32f10x_init.o [1]
  .bss               zero     0x2000'20f4     0x4  xfail_s.o [2]
  .bss               zero     0x2000'20f8     0x2  mcu_application.o [1]
  .bss               zero     0x2000'20fa     0x2  mcu_application.o [1]
  .bss               zero     0x2000'20fc     0x2  mcu_application.o [1]
  .bss               zero     0x2000'20fe     0x2  mcu_application.o [1]
  .bss               zero     0x2000'2100     0x2  mcu_application.o [1]
  .bss               zero     0x2000'2102     0x2  mcu_application.o [1]
  .bss               zero     0x2000'2104     0x2  mcu_control_analog.o [1]
  .bss               zero     0x2000'2106     0x1  mcu_application.o [1]
  .bss               zero     0x2000'2107     0x1  mcu_application.o [1]
  .bss               zero     0x2000'2108     0x1  mcu_application.o [1]
  .bss               zero     0x2000'2109     0x1  mcu_application.o [1]
  .bss               zero     0x2000'210a     0x1  mcu_application.o [1]
  .bss               zero     0x2000'210b     0x1  mcu_application.o [1]
  .bss               zero     0x2000'210c     0x1  mcu_application.o [1]
  .bss               zero     0x2000'210d     0x1  mcu_application.o [1]
  .bss               zero     0x2000'210e     0x1  mcu_application.o [1]
  .bss               zero     0x2000'210f     0x1  mcu_application.o [1]
  .bss               zero     0x2000'2110     0x1  mcu_application.o [1]
  .bss               zero     0x2000'2111     0x1  mcu_application.o [1]
  .bss               zero     0x2000'2112     0x1  mcu_application.o [1]
  .bss               zero     0x2000'2113     0x1  mcu_application.o [1]
  .bss               zero     0x2000'2114     0x1  mcu_application.o [1]
  .bss               zero     0x2000'2115     0x1  mcu_application.o [1]
  .bss               zero     0x2000'2116     0x1  mcu_application.o [1]
  .bss               zero     0x2000'2117     0x1  mcu_application.o [1]
  .bss               zero     0x2000'2118     0x1  mcu_control_analog.o [1]
  .bss               zero     0x2000'2119     0x1  mcu_control_analog.o [1]
  .bss               zero     0x2000'211a     0x1  mcu_control_analog.o [1]
  .bss               zero     0x2000'211b     0x1  mcu_control_analog.o [1]
  .bss               zero     0x2000'211c     0x1  mcu_control_analog.o [1]
  .bss               zero     0x2000'211d     0x1  mcu_peer.o [1]
                            - 0x2000'211e  0x2086

"P2", part 3 of 3:                          0x800
  CSTACK                      0x2000'2120   0x800  <Block>
    CSTACK           uninit   0x2000'2120   0x800  <Block tail>
                            - 0x2000'2920   0x800

Unused ranges:

         From           To      Size
         ----           --      ----
   0x800'a5c8   0x80f'ffff  0xf'5a38
  0x2000'2920  0x2001'7fff  0x1'56e0


*******************************************************************************
*** INIT TABLE
***

          Address      Size
          -------      ----
Zero (__iar_zero_init3)
    1 destination range, total size 0x2086:
          0x2000'0098  0x2086

Copy (__iar_copy_init3)
    1 source range, total size 0x98:
           0x800'8918    0x98
    1 destination range, total size 0x98:
          0x2000'0000    0x98



*******************************************************************************
*** MODULE SUMMARY
***

    Module                  ro code  ro data  rw data
    ------                  -------  -------  -------
command line/config:
    -------------------------------------------------
    Total:

C:\Users\User\Desktop\Work\IMPULSE\Intergrated_Impulse_Transmitter\Debug\Obj: [1]
    bfifo.o                     154
    bsb.o                       286
    checksum.o                   60      512
    main.o                      212                 4
    mcu_application.o         6'084    2'356    5'566
    mcu_com.o                   300       12      132
    mcu_config.o                296      212       20
    mcu_control_analog.o      3'272      608    1'855
    mcu_debug.o               1'200    2'184
    mcu_debug_shell.o           452      230      236
    mcu_equipment.o           2'036      268      176
    mcu_istream.o               598       96       28
    mcu_nb_packet.o             570       28
    mcu_peer.o                1'068      244      145
    mcu_redundant.o             968      880      172
    message_queue.o             150
    misc.o                      120
    startup_stm32f10x_hd.o      512
    stm32f10x_adc.o             504
    stm32f10x_dma.o             472
    stm32f10x_exti.o            188
    stm32f10x_flash.o            24
    stm32f10x_gpio.o            528
    stm32f10x_init.o          2'264               116
    stm32f10x_it.o              592
    stm32f10x_rcc.o             608       20       20
    stm32f10x_tim.o           1'200
    stm32f10x_usart.o           520
    system_stm32f10x.o          280        4        4
    -------------------------------------------------
    Total:                   25'518    7'654    8'474

dl7M_tln.a: [2]
    abort.o                       6
    exit.o                        4
    low_level_init.o              4
    sprintf.o                    64
    strncmp.o                    40
    vsnprint.o                   60
    xfail_s.o                    64                 4
    xprintffull_nomb.o        4'010        8
    xsnprout.o                   26
    xsprout.o                    10
    -------------------------------------------------
    Total:                    4'288        8        4

m7M_tl.a: [3]
    DblAdd.o                    378
    DblCmpGe.o                   46
    DblCmpLe.o                   46
    DblDiv.o                    582
    DblMul.o                    418
    DblSub.o                    226
    DblToFlt.o                  104
    DblToS32.o                   58
    DblToU32.o                   40
    FltAdd.o                    226
    FltCmpGe.o                   36
    FltCmpLe.o                   36
    FltDiv.o                    252
    FltMul.o                    216
    FltSub.o                    116
    FltToDbl.o                   72
    FltToU32.o                   34
    S32ToDbl.o                   34
    S32ToFlt.o                   36
    U32ToDbl.o                   26
    U32ToFlt.o                   28
    frexp.o                     112
    ldexp.o                     314
    -------------------------------------------------
    Total:                    3'436

rt7M_tl.a: [4]
    ABImemcpy.o                 166
    ABImemmove.o                150
    ABImemset.o                 102
    I64DivMod.o                 560
    I64DivZer.o                   2
    cexit.o                      10
    cmain.o                      30
    copy_init3.o                 46
    cstartup_M.o                 12
    data_init.o                  40
    memchr.o                     88
    memcmp.o                    104
    strchr.o                     22
    strlen.o                     54
    zero_init3.o                 58
    -------------------------------------------------
    Total:                    1'444

shb_l.a: [5]
    exit.o                       20
    -------------------------------------------------
    Total:                       20

    Gaps                         34        2
    Linker created                        36    2'048
-----------------------------------------------------
    Grand Total:             34'740    7'700   10'526


*******************************************************************************
*** ENTRY LIST
***

Entry                       Address    Size  Type      Object
-----                       -------    ----  ----      ------
.iar.init_table$$Base    0x800'9b04           --   Gb  - Linker created -
.iar.init_table$$Limit   0x800'9b28           --   Gb  - Linker created -
?main                    0x800'9d29          Code  Gb  cmain.o [4]
ADCPrescTable           0x2000'008c     0x4  Data  Lc  stm32f10x_rcc.o [1]
ADC_Cmd                  0x800'7fdd    0x1c  Code  Gb  stm32f10x_adc.o [1]
ADC_DMACmd               0x800'7ff9    0x1c  Code  Gb  stm32f10x_adc.o [1]
ADC_GetCalibrationStatus
                         0x800'803d    0x14  Code  Gb  stm32f10x_adc.o [1]
ADC_GetResetCalibrationStatus
                         0x800'801f    0x14  Code  Gb  stm32f10x_adc.o [1]
ADC_Init                 0x800'7f91    0x4c  Code  Gb  stm32f10x_adc.o [1]
ADC_InitStructure       0x2000'1f68    0x14  Data  Gb  stm32f10x_init.o [1]
ADC_RegularChannelConfig
                         0x800'806d   0x112  Code  Gb  stm32f10x_adc.o [1]
ADC_ResetCalibration     0x800'8015     0xa  Code  Gb  stm32f10x_adc.o [1]
ADC_SoftwareStartConvCmd
                         0x800'8051    0x1c  Code  Gb  stm32f10x_adc.o [1]
ADC_StartCalibration     0x800'8033     0xa  Code  Gb  stm32f10x_adc.o [1]
ADC_initial              0x800'7b49    0xc4  Code  Gb  stm32f10x_init.o [1]
APBAHBPrescTable        0x2000'007c    0x10  Data  Lc  stm32f10x_rcc.o [1]
BusFault_Handler         0x800'82b9     0x2  Code  Gb  stm32f10x_it.o [1]
CSTACK$$Base            0x2000'2120           --   Gb  - Linker created -
CSTACK$$Limit           0x2000'2920           --   Gb  - Linker created -
DMA1_Channel1_IRQHandler
                         0x800'8349    0x14  Code  Gb  stm32f10x_it.o [1]
DMA_ClearITPendingBit    0x800'5663    0x10  Code  Gb  stm32f10x_dma.o [1]
DMA_Cmd                  0x800'560b    0x1e  Code  Gb  stm32f10x_dma.o [1]
DMA_DeInit               0x800'54dd    0xf2  Code  Gb  stm32f10x_dma.o [1]
DMA_GetITStatus          0x800'5641    0x22  Code  Gb  stm32f10x_dma.o [1]
DMA_ITConfig             0x800'5629    0x18  Code  Gb  stm32f10x_dma.o [1]
DMA_Init                 0x800'55cf    0x3c  Code  Gb  stm32f10x_dma.o [1]
DMA_InitStructure       0x2000'1ea8    0x2c  Data  Gb  mcu_control_analog.o [1]
DMA_initial              0x800'2443    0x68  Code  Gb  mcu_control_analog.o [1]
DebugMon_Handler         0x800'82bf     0x2  Code  Gb  stm32f10x_it.o [1]
EXTI2_IRQHandler         0x800'847d    0x18  Code  Gb  stm32f10x_it.o [1]
EXTI_ClearITPendingBit   0x800'8229     0x6  Code  Gb  stm32f10x_exti.o [1]
EXTI_GetITStatus         0x800'8203    0x26  Code  Gb  stm32f10x_exti.o [1]
EXTI_Init                0x800'8189    0x7a  Code  Gb  stm32f10x_exti.o [1]
EXTI_InitStructure      0x2000'1fec     0x8  Data  Gb  stm32f10x_init.o [1]
EXTI_initial             0x800'7e05    0x40  Code  Gb  stm32f10x_init.o [1]
FLASH_PrefetchBufferCmd
                         0x800'7f01    0x14  Code  Gb  stm32f10x_flash.o [1]
GPIO_EXTILineConfig      0x800'1aa5    0x52  Code  Gb  stm32f10x_gpio.o [1]
GPIO_I_EXTERNAL_WATCHDOG_INPUT
                         0x800'0147     0xe  Code  Lc  mcu_application.o [1]
GPIO_I_LOCATION_INPUT    0x800'47d5     0xc  Code  Lc  mcu_config.o [1]
GPIO_I_Manual_Switch_INPUT
                         0x800'027f     0xe  Code  Lc  mcu_application.o [1]
GPIO_Init                0x800'18f5    0xea  Code  Gb  stm32f10x_gpio.o [1]
GPIO_InitStructure      0x2000'20e8     0x4  Data  Gb  stm32f10x_init.o [1]
GPIO_O_COWORKER_DO0      0x800'0169    0x16  Code  Lc  mcu_application.o [1]
GPIO_O_COWORKER_DO1      0x800'017f    0x16  Code  Lc  mcu_application.o [1]
GPIO_O_COWORKER_DO2      0x800'0195    0x16  Code  Lc  mcu_application.o [1]
GPIO_O_COWORKER_DO3      0x800'01ab    0x16  Code  Lc  mcu_application.o [1]
GPIO_O_COWORKER_DO4      0x800'01c1    0x16  Code  Lc  mcu_application.o [1]
GPIO_O_COWORKER_DO5      0x800'01d7    0x16  Code  Lc  mcu_application.o [1]
GPIO_O_COWORKER_DO6      0x800'01ed    0x16  Code  Lc  mcu_application.o [1]
GPIO_O_COWORKER_DO7      0x800'0203    0x16  Code  Lc  mcu_application.o [1]
GPIO_O_CPU_LED_STATUS    0x800'0155    0x14  Code  Lc  mcu_application.o [1]
GPIO_O_EXTERNAL_WATCHDOG_CLOCK
                         0x800'0131    0x16  Code  Lc  mcu_application.o [1]
GPIO_O_IMPULSE_CLR1      0x800'0219    0x14  Code  Lc  mcu_application.o [1]
GPIO_O_IMPULSE_CLR2      0x800'022d    0x14  Code  Lc  mcu_application.o [1]
GPIO_O_MCU_TIM_Data      0x800'026b    0x14  Code  Lc  mcu_application.o [1]
GPIO_O_MCU_TIM_State     0x800'0257    0x14  Code  Lc  mcu_application.o [1]
GPIO_O_SwitchOver_Control
                         0x800'0241    0x16  Code  Lc  mcu_application.o [1]
GPIO_PinRemapConfig      0x800'1a21    0x84  Code  Gb  stm32f10x_gpio.o [1]
GPIO_ReadInputData       0x800'19fb     0x6  Code  Gb  stm32f10x_gpio.o [1]
GPIO_ReadInputDataBit    0x800'19df    0x1c  Code  Gb  stm32f10x_gpio.o [1]
GPIO_Write               0x800'1a19     0x8  Code  Gb  stm32f10x_gpio.o [1]
GPIO_WriteBit            0x800'1a01    0x18  Code  Gb  stm32f10x_gpio.o [1]
GPIO_port_initial        0x800'7799   0x142  Code  Gb  stm32f10x_init.o [1]
GPIO_port_initial_PWM    0x800'76a9    0x58  Code  Gb  stm32f10x_init.o [1]
HardFault_Handler        0x800'82b5     0x2  Code  Gb  stm32f10x_it.o [1]
MemManage_Handler        0x800'82b7     0x2  Code  Gb  stm32f10x_it.o [1]
NB_PACKET_STREAM_MAX_SIZE
                         0x800'a504     0x4  Data  Lc  mcu_nb_packet.o [1]
NB_PACKET_STREAM_MIN_SIZE
                         0x800'a500     0x4  Data  Lc  mcu_nb_packet.o [1]
NMI_Handler              0x800'8245    0x2c  Code  Gb  stm32f10x_it.o [1]
NVIC_Init                0x800'7f19    0x66  Code  Gb  misc.o [1]
NVIC_InitStructure      0x2000'20ec     0x4  Data  Gb  stm32f10x_init.o [1]
POW                      0x800'0525    0x20  Code  Gb  mcu_application.o [1]
PendSV_Handler           0x800'82c1     0x2  Code  Gb  stm32f10x_it.o [1]
RCC_ADCCLKConfig         0x800'52ed    0x10  Code  Gb  stm32f10x_rcc.o [1]
RCC_AHBPeriphClockCmd    0x800'53d5    0x1c  Code  Gb  stm32f10x_rcc.o [1]
RCC_APB1PeriphClockCmd   0x800'540d    0x1c  Code  Gb  stm32f10x_rcc.o [1]
RCC_APB2PeriphClockCmd   0x800'53f1    0x1c  Code  Gb  stm32f10x_rcc.o [1]
RCC_ClearITPendingBit    0x800'5493     0x6  Code  Gb  stm32f10x_rcc.o [1]
RCC_ClockFreq           0x2000'1f54    0x14  Data  Gb  stm32f10x_init.o [1]
RCC_ClockSecuritySystemCmd
                         0x800'5429     0xa  Code  Gb  stm32f10x_rcc.o [1]
RCC_GetClocksFreq        0x800'52fd    0xd8  Code  Gb  stm32f10x_rcc.o [1]
RCC_GetFlagStatus        0x800'5433    0x46  Code  Gb  stm32f10x_rcc.o [1]
RCC_GetITStatus          0x800'5479    0x1a  Code  Gb  stm32f10x_rcc.o [1]
RCC_HSEConfig            0x800'527d    0x3a  Code  Gb  stm32f10x_rcc.o [1]
RCC_IRQHandler           0x800'8271    0x44  Code  Gb  stm32f10x_it.o [1]
RCC_ITConfig             0x800'52d1    0x1c  Code  Gb  stm32f10x_rcc.o [1]
RCC_PLLCmd               0x800'52b7     0xa  Code  Gb  stm32f10x_rcc.o [1]
RCC_SYSCLKConfig         0x800'52c1    0x10  Code  Gb  stm32f10x_rcc.o [1]
RCC_initial              0x800'7679    0x30  Code  Gb  stm32f10x_init.o [1]
Region$$Table$$Base      0x800'9b04           --   Gb  - Linker created -
Region$$Table$$Limit     0x800'9b28           --   Gb  - Linker created -
SVC_Handler              0x800'82bd     0x2  Code  Gb  stm32f10x_it.o [1]
SetSysClock              0x800'87ad     0x8  Code  Lc  system_stm32f10x.o [1]
SetSysClockTo72          0x800'87b5    0xae  Code  Lc  system_stm32f10x.o [1]
SysTick_Config           0x800'84c1    0x30  Code  Lc  main.o [1]
SysTick_Handler          0x800'82c3     0x8  Code  Gb  stm32f10x_it.o [1]
SystemCoreClock         0x2000'0090     0x4  Data  Gb  system_stm32f10x.o [1]
SystemInit               0x800'8769    0x44  Code  Gb  system_stm32f10x.o [1]
TI1_Config               0x800'33b3    0x68  Code  Lc  stm32f10x_tim.o [1]
TI2_Config               0x800'3429    0x74  Code  Lc  stm32f10x_tim.o [1]
TI3_Config               0x800'34a1    0x72  Code  Lc  stm32f10x_tim.o [1]
TI4_Config               0x800'3519    0x74  Code  Lc  stm32f10x_tim.o [1]
TIM2_IRQHandler          0x800'835d    0x40  Code  Gb  stm32f10x_it.o [1]
TIM3_IRQHandler          0x800'839d    0x40  Code  Gb  stm32f10x_it.o [1]
TIM4_IRQHandler          0x800'83dd    0x22  Code  Gb  stm32f10x_it.o [1]
TIM5_IRQHandler          0x800'83ff    0x1e  Code  Gb  stm32f10x_it.o [1]
TIM6_IRQHandler          0x800'841d    0x22  Code  Gb  stm32f10x_it.o [1]
TIM7_IRQHandler          0x800'843f    0x1e  Code  Gb  stm32f10x_it.o [1]
TIME2_initial            0x800'78db    0x90  Code  Gb  stm32f10x_init.o [1]
TIME3_initial            0x800'796b    0x8a  Code  Gb  stm32f10x_init.o [1]
TIME3_initial_PWM        0x800'7701    0x98  Code  Gb  stm32f10x_init.o [1]
TIME4_initial            0x800'79f5    0x56  Code  Gb  stm32f10x_init.o [1]
TIME5_initial            0x800'7a4b    0x56  Code  Gb  stm32f10x_init.o [1]
TIME6_initial            0x800'7aa1    0x56  Code  Gb  stm32f10x_init.o [1]
TIME7_initial            0x800'7af7    0x52  Code  Gb  stm32f10x_init.o [1]
TIM_ARRPreloadConfig     0x800'32f3    0x1e  Code  Gb  stm32f10x_tim.o [1]
TIM_ClearITPendingBit    0x800'33a9     0xa  Code  Gb  stm32f10x_tim.o [1]
TIM_Cmd                  0x800'32bd    0x1e  Code  Gb  stm32f10x_tim.o [1]
TIM_GetCapture1          0x800'3371     0x4  Code  Gb  stm32f10x_tim.o [1]
TIM_GetCapture4          0x800'3375     0x6  Code  Gb  stm32f10x_tim.o [1]
TIM_GetITStatus          0x800'337b    0x2e  Code  Gb  stm32f10x_tim.o [1]
TIM_ICInit               0x800'3213    0x98  Code  Gb  stm32f10x_tim.o [1]
TIM_ICInitStructure     0x2000'1fd0     0xc  Data  Gb  stm32f10x_init.o [1]
TIM_ITConfig             0x800'32db    0x18  Code  Gb  stm32f10x_tim.o [1]
TIM_OC1Init              0x800'317f    0x94  Code  Gb  stm32f10x_tim.o [1]
TIM_OC1PreloadConfig     0x800'3311    0x14  Code  Gb  stm32f10x_tim.o [1]
TIM_OCInitStructure     0x2000'1f8c    0x10  Data  Gb  stm32f10x_init.o [1]
TIM_SetIC1Prescaler      0x800'3325    0x12  Code  Gb  stm32f10x_tim.o [1]
TIM_SetIC2Prescaler      0x800'3337    0x14  Code  Gb  stm32f10x_tim.o [1]
TIM_SetIC3Prescaler      0x800'334b    0x12  Code  Gb  stm32f10x_tim.o [1]
TIM_SetIC4Prescaler      0x800'335d    0x14  Code  Gb  stm32f10x_tim.o [1]
TIM_TimeBaseInit         0x800'30f5    0x8a  Code  Gb  stm32f10x_tim.o [1]
TIM_TimeBaseStructure   0x2000'1fc4     0xc  Data  Gb  stm32f10x_init.o [1]
TimingDelay             0x2000'2060     0x4  Data  Lc  mcu_application.o [1]
TimingDelay_Decrement    0x800'04c5    0x12  Code  Gb  mcu_application.o [1]
USART1_IRQHandler        0x800'82cb    0x30  Code  Gb  stm32f10x_it.o [1]
USART1_initial           0x800'7c0d    0xf4  Code  Lc  stm32f10x_init.o [1]
USART2_IRQHandler        0x800'82fb    0x1e  Code  Gb  stm32f10x_it.o [1]
USART3_IRQHandler        0x800'8319    0x30  Code  Gb  stm32f10x_it.o [1]
USART3_initial           0x800'7d01   0x104  Code  Lc  stm32f10x_init.o [1]
USART_Cmd                0x800'229d    0x1e  Code  Gb  stm32f10x_usart.o [1]
USART_DMACmd             0x800'232b    0x18  Code  Gb  stm32f10x_usart.o [1]
USART_GetFlagStatus      0x800'2343    0x1c  Code  Gb  stm32f10x_usart.o [1]
USART_GetITStatus        0x800'235f    0x6a  Code  Gb  stm32f10x_usart.o [1]
USART_ITConfig           0x800'22bb    0x70  Code  Gb  stm32f10x_usart.o [1]
USART_Init               0x800'21c1    0xd6  Code  Gb  stm32f10x_usart.o [1]
USART_InitStructure     0x2000'1f9c    0x10  Data  Gb  stm32f10x_init.o [1]
UsageFault_Handler       0x800'82bb     0x2  Code  Gb  stm32f10x_it.o [1]
_3hz_frequency_CLOCK    0x2000'2088     0x4  Data  Lc  mcu_control_analog.o [1]
_3hz_frequency_FREQ     0x2000'208c     0x4  Data  Lc  mcu_control_analog.o [1]
_ADC_ValueTab           0x2000'1fac     0xc  Data  Lc  mcu_control_analog.o [1]
_LitobFullNoMb           0x800'6c9d   0x10a  Code  Lc  xprintffull_nomb.o [2]
_MCU_USART              0x2000'0010     0xc  Data  Lc  mcu_com.o [1]
_PrintfFullNoMb          0x800'5ef9   0xd80  Code  Gb  xprintffull_nomb.o [2]
_PutcharFullNoMb         0x800'6e0d    0x20  Code  Lc  xprintffull_nomb.o [2]
_PutcharsFullNoMb        0x800'6e2d    0x2e  Code  Lc  xprintffull_nomb.o [2]
_SNProut                 0x800'3c13    0x1a  Code  Gb  xsnprout.o [2]
_SProut                  0x800'3d27     0xa  Code  Gb  xsprout.o [2]
__NVIC_SetPriority       0x800'8495    0x2c  Code  Lc  main.o [1]
__aeabi_cdcmple          0x800'7219          Code  Gb  DblCmpLe.o [3]
__aeabi_cdrcmple         0x800'7249          Code  Gb  DblCmpGe.o [3]
__aeabi_cfcmple          0x800'5b61          Code  Gb  FltCmpLe.o [3]
__aeabi_cfrcmple         0x800'5e0d          Code  Gb  FltCmpGe.o [3]
__aeabi_d2f              0x800'5af9          Code  Gb  DblToFlt.o [3]
__aeabi_d2iz             0x800'5875          Code  Gb  DblToS32.o [3]
__aeabi_d2uiz            0x800'5b85          Code  Gb  DblToU32.o [3]
__aeabi_dadd             0x800'5bad          Code  Gb  DblAdd.o [3]
__aeabi_ddiv             0x800'58b1          Code  Gb  DblDiv.o [3]
__aeabi_dmul             0x800'56d1          Code  Gb  DblMul.o [3]
__aeabi_dsub             0x800'6fa1          Code  Gb  DblSub.o [3]
__aeabi_f2d              0x800'478d          Code  Gb  FltToDbl.o [3]
__aeabi_f2uiz            0x800'3d05          Code  Gb  FltToU32.o [3]
__aeabi_fadd             0x800'5d29          Code  Gb  FltAdd.o [3]
__aeabi_fdiv             0x800'35c1          Code  Gb  FltDiv.o [3]
__aeabi_fmul             0x800'3c2d          Code  Gb  FltMul.o [3]
__aeabi_i2d              0x800'73b5          Code  Gb  S32ToDbl.o [3]
__aeabi_i2f              0x800'5e31          Code  Gb  S32ToFlt.o [3]
__aeabi_ldiv0            0x800'7611          Code  Gb  I64DivZer.o [4]
__aeabi_memcpy           0x800'3b6d          Code  Gb  ABImemcpy.o [4]
__aeabi_memcpy4          0x800'3b8d          Code  Gb  ABImemcpy.o [4]
__aeabi_memcpy8          0x800'3b8d          Code  Gb  ABImemcpy.o [4]
__aeabi_memmove          0x800'6f09          Code  Gb  ABImemmove.o [4]
__aeabi_memmove4         0x800'6f09          Code  Gb  ABImemmove.o [4]
__aeabi_memmove8         0x800'6f09          Code  Gb  ABImemmove.o [4]
__aeabi_memset           0x800'3d31          Code  Gb  ABImemset.o [4]
__aeabi_ui2d             0x800'56b5          Code  Gb  U32ToDbl.o [3]
__aeabi_ui2f             0x800'35a5          Code  Gb  U32ToFlt.o [3]
__aeabi_uldivmod         0x800'73d9          Code  Gb  I64DivMod.o [4]
__cmain                  0x800'9d29          Code  Gb  cmain.o [4]
__exit                   0x800'7615    0x14  Code  Gb  exit.o [5]
__iar_Fail_s             0x800'7111    0x1c  Code  Gb  xfail_s.o [2]
__iar_Memchr             0x800'7151          Code  Gb  memchr.o [4]
__iar_Memset             0x800'3d31          Code  Gb  ABImemset.o [4]
__iar_Memset_word        0x800'3d39          Code  Gb  ABImemset.o [4]
__iar_Strchr             0x800'70f9          Code  Gb  strchr.o [4]
__iar_copy_init3         0x800'23ff    0x2e  Code  Gb  copy_init3.o [4]
__iar_dadd               0x800'6fb1          Code  Gb  DblSub.o [3]
__iar_data_init3         0x800'94f5    0x28  Code  Gb  data_init.o [4]
__iar_dsub               0x800'5bbd          Code  Gb  DblAdd.o [3]
__iar_dsubStart          0x800'5bcf          Code  Gb  DblAdd.o [3]
__iar_fadd               0x800'7085          Code  Gb  FltSub.o [3]
__iar_frexp              0x800'71b5          Code  Gb  frexp.o [3]
__iar_frexp64            0x800'71a9          Code  Gb  frexp.o [3]
__iar_frexpl             0x800'71b5          Code  Gb  frexp.o [3]
__iar_fsub               0x800'5d35          Code  Gb  FltAdd.o [3]
__iar_fsubStart          0x800'5d45          Code  Gb  FltAdd.o [3]
__iar_ldexp64            0x800'7279          Code  Gb  ldexp.o [3]
__iar_program_start      0x800'a451          Code  Gb  cstartup_M.o [4]
__iar_scalbln64          0x800'7279          Code  Gb  ldexp.o [3]
__iar_scalbn64           0x800'7279          Code  Gb  ldexp.o [3]
__iar_zero_init3         0x800'2187    0x3a  Code  Gb  zero_init3.o [4]
__low_level_init         0x800'9d47     0x4  Code  Gb  low_level_init.o [2]
__vector_table           0x800'0000          Data  Gb  startup_stm32f10x_hd.o [1]
_active_operating_time_second
                        0x2000'202c     0x4  Data  Lc  mcu_application.o [1]
_analog_data            0x2000'1d00    0x64  Data  Gb  mcu_control_analog.o [1]
_application_halt       0x2000'205c     0x4  Data  Gb  mcu_application.o [1]
_array_PA_0             0x2000'1420   0x17c  Data  Lc  mcu_control_analog.o [1]
_array_PA_1             0x2000'159c   0x17c  Data  Lc  mcu_control_analog.o [1]
_array_sampling_ac_sense
                        0x2000'1290   0x190  Data  Lc  mcu_control_analog.o [1]
_array_sampling_tx_current
                        0x2000'1a00    0xc8  Data  Lc  mcu_control_analog.o [1]
_call_main               0x800'9d35          Code  Gb  cmain.o [4]
_check_TIM2_freq_OVC    0x2000'2050     0x4  Data  Lc  mcu_application.o [1]
_check_rising_edge_tim2
                        0x2000'2048     0x4  Data  Lc  mcu_application.o [1]
_check_rising_edge_tim3
                        0x2000'204c     0x4  Data  Lc  mcu_application.o [1]
_com1_fifo_rx_buffer    0x2000'1718    0xfc  Data  Lc  mcu_application.o [1]
_com1_fifo_tx_buffer    0x2000'1e7c    0x2c  Data  Lc  mcu_application.o [1]
_com1_stream_rx_bsb_buffer
                        0x2000'1098   0x1f8  Data  Lc  mcu_application.o [1]
_com1_tx_buffer         0x2000'1f10    0x18  Data  Lc  mcu_application.o [1]
_com3_fifo_rx_buffer    0x2000'1dfc    0x40  Data  Lc  mcu_application.o [1]
_com3_fifo_tx_buffer    0x2000'0098  0x1000  Data  Lc  mcu_application.o [1]
_com_fifo               0x2000'1c88    0x78  Data  Gb  mcu_com.o [1]
_config                 0x2000'1f40    0x14  Data  Gb  mcu_config.o [1]
_count_active_fnd_display
                        0x2000'2034     0x4  Data  Lc  mcu_application.o [1]
_coworker_number        0x2000'20dc     0x4  Data  Lc  mcu_redundant.o [1]
_coworker_state         0x2000'20e0     0x4  Data  Lc  mcu_redundant.o [1]
_debug_shell_command_collection
                        0x2000'001c    0x60  Data  Lc  mcu_debug_shell.o [1]
_debug_shell_rx_bsb     0x2000'1fb8     0xc  Data  Lc  mcu_debug_shell.o [1]
_debug_shell_rx_bsb_buffer
                        0x2000'1c08    0x80  Data  Lc  mcu_debug_shell.o [1]
_dido_worker_state      0x2000'1db0    0x4c  Data  Lc  mcu_redundant.o [1]
_display_sequence       0x2000'2038     0x4  Data  Lc  mcu_application.o [1]
_equipment              0x2000'1ac8    0xb0  Data  Gb  mcu_equipment.o [1]
_exit                    0x800'9d51          Code  Gb  cexit.o [4]
_external_watchdog_clock_enabled
                        0x2000'0094     0x1  Data  Lc  mcu_application.o [1]
_external_watchdog_clock_output
                        0x2000'2030     0x4  Data  Lc  mcu_application.o [1]
_fail_condition_frequency
                        0x2000'2054     0x4  Data  Lc  mcu_application.o [1]
_fail_condition_outputvoltage
                        0x2000'2058     0x4  Data  Lc  mcu_application.o [1]
_flag_active_display    0x2000'0004     0x4  Data  Lc  mcu_application.o [1]
_flag_active_mode_switch
                        0x2000'203c     0x4  Data  Lc  mcu_application.o [1]
_flag_control_input     0x2000'210d     0x1  Data  Lc  mcu_application.o [1]
_flag_control_output    0x2000'210e     0x1  Data  Lc  mcu_application.o [1]
_flag_control_watch     0x2000'2112     0x1  Data  Lc  mcu_application.o [1]
_flag_get_impulse_voltage
                        0x2000'2107     0x1  Data  Lc  mcu_application.o [1]
_flag_get_output_voltage
                        0x2000'2106     0x1  Data  Lc  mcu_application.o [1]
_flag_get_tx_current    0x2000'2118     0x1  Data  Lc  mcu_control_analog.o [1]
_flag_make_display_data
                        0x2000'2040     0x4  Data  Lc  mcu_application.o [1]
_flag_mode_sw_sequence  0x2000'2044     0x4  Data  Lc  mcu_application.o [1]
_flag_transmit          0x2000'2115     0x1  Data  Lc  mcu_application.o [1]
_flag_update_equipment  0x2000'2113     0x1  Data  Lc  mcu_application.o [1]
_flag_update_ostream    0x2000'2114     0x1  Data  Lc  mcu_application.o [1]
_flag_worker_health_state
                        0x2000'0095     0x1  Data  Lc  mcu_application.o [1]
_flag_worker_state      0x2000'210f     0x1  Data  Lc  mcu_application.o [1]
_fnd0                   0x2000'1fdc     0x8  Data  Gb  mcu_application.o [1]
_fnd1                   0x2000'1fe4     0x8  Data  Gb  mcu_application.o [1]
_health_output_voltage  0x2000'0097     0x1  Data  Lc  mcu_application.o [1]
_impulse_voltage_measure_run
                        0x2000'210c     0x1  Data  Lc  mcu_application.o [1]
_input_manual_switch    0x2000'2110     0x1  Data  Lc  mcu_application.o [1]
_istream1               0x2000'1ef4    0x1c  Data  Gb  mcu_istream.o [1]
_main                    0x800'9d43          Code  Gb  cmain.o [4]
_measured_AC_voltage    0x2000'2104     0x2  Data  Lc  mcu_control_analog.o [1]
_measured_impulse_voltage_minus
                        0x2000'2080     0x4  Data  Lc  mcu_control_analog.o [1]
_measured_impulse_voltage_plus
                        0x2000'207c     0x4  Data  Lc  mcu_control_analog.o [1]
_measured_output_voltage
                        0x2000'2078     0x4  Data  Lc  mcu_control_analog.o [1]
_measured_tx_current    0x2000'2084     0x4  Data  Lc  mcu_control_analog.o [1]
_message                0x2000'1ed4    0x20  Data  Lc  mcu_application.o [1]
_mode_sw_timer_count_0100_msec
                        0x2000'2024     0x4  Data  Lc  mcu_application.o [1]
_nb_o_message           0x2000'1f7c    0x10  Data  Lc  mcu_application.o [1]
_nb_o_message_buffer    0x2000'1e3c    0x40  Data  Lc  mcu_application.o [1]
_nb_o_message_queue     0x2000'1f28    0x18  Data  Lc  mcu_application.o [1]
_nb_rx_buffer           0x2000'1814    0xfc  Data  Lc  mcu_application.o [1]
_operating_time_second  0x2000'2028     0x4  Data  Lc  mcu_application.o [1]
_output_smps_output_control
                        0x2000'2111     0x1  Data  Lc  mcu_application.o [1]
_output_switchover_control
                        0x2000'0096     0x1  Data  Lc  mcu_application.o [1]
_output_v_timer_count_0300_msec
                        0x2000'201c     0x4  Data  Lc  mcu_application.o [1]
_output_voltage_measure_run
                        0x2000'210b     0x1  Data  Lc  mcu_application.o [1]
_pair_dido_heartbeat    0x2000'1d64    0x4c  Data  Lc  mcu_redundant.o [1]
_peer_connection        0x2000'1b78    0x90  Data  Gb  mcu_peer.o [1]
_peer_timer_flag        0x2000'211d     0x1  Data  Lc  mcu_peer.o [1]
_status_mode_switch     0x2000'0000     0x4  Data  Lc  mcu_application.o [1]
_timer_count_0050_msec  0x2000'1ffc     0x4  Data  Lc  mcu_application.o [1]
_timer_count_0100_msec  0x2000'2000     0x4  Data  Lc  mcu_application.o [1]
_timer_count_0300_msec  0x2000'2004     0x4  Data  Lc  mcu_application.o [1]
_timer_count_0500_msec  0x2000'2008     0x4  Data  Lc  mcu_application.o [1]
_timer_count_1000_msec  0x2000'200c     0x4  Data  Lc  mcu_application.o [1]
_timer_count_2000_msec  0x2000'2014     0x4  Data  Lc  mcu_application.o [1]
_timer_count_5000_msec  0x2000'2010     0x4  Data  Lc  mcu_application.o [1]
_timer_count_50_msec    0x2000'1ff8     0x4  Data  Lc  mcu_application.o [1]
_timer_count_transmit   0x2000'2018     0x4  Data  Lc  mcu_application.o [1]
_timer_run              0x2000'2108     0x1  Data  Lc  mcu_application.o [1]
_tx_type                0x2000'20f0     0x4  Data  Gb  stm32f10x_init.o [1]
_voltage_Level_DC580    0x2000'2090     0x4  Data  Lc  mcu_control_analog.o [1]
_voltage_Level_impulse_minus
                        0x2000'2098     0x4  Data  Lc  mcu_control_analog.o [1]
_voltage_Level_impulse_plus
                        0x2000'2094     0x4  Data  Lc  mcu_control_analog.o [1]
_voltage_Level_tx_current
                        0x2000'209c     0x4  Data  Lc  mcu_control_analog.o [1]
_watch_output_voltage   0x2000'1910    0xf0  Data  Lc  mcu_control_analog.o [1]
_watchdog_fail          0x2000'210a     0x1  Data  Lc  mcu_application.o [1]
_watchdog_run           0x2000'2109     0x1  Data  Lc  mcu_application.o [1]
_watchdog_timer_count_0100_msec
                        0x2000'2020     0x4  Data  Lc  mcu_application.o [1]
_worker_fault           0x2000'20e4     0x4  Data  Lc  mcu_redundant.o [1]
_worker_number          0x2000'20d4     0x4  Data  Lc  mcu_redundant.o [1]
_worker_state           0x2000'20d8     0x4  Data  Lc  mcu_redundant.o [1]
abort                    0x800'7609     0x6  Code  Gb  abort.o [2]
analog_data_control_watch
                         0x800'2c7b    0x50  Code  Gb  mcu_control_analog.o [1]
application_halt         0x800'16eb    0x34  Code  Gb  mcu_application.o [1]
application_initialize   0x800'15b5    0x90  Code  Gb  mcu_application.o [1]
application_run          0x800'1731    0x6a  Code  Gb  mcu_application.o [1]
application_run_ouptut_pulse
                         0x800'171f     0x8  Code  Gb  mcu_application.o [1]
application_show_memory
                         0x800'1539    0x76  Code  Gb  mcu_application.o [1]
application_show_version
                         0x800'0de5    0x4c  Code  Gb  mcu_application.o [1]
application_show_version::APPLICATION_NAME
                        0x2000'0008     0x4  Data  Lc  mcu_application.o [1]
application_show_version::APPLICATION_VERSION
                        0x2000'000c     0x4  Data  Lc  mcu_application.o [1]
bfifo_initialize         0x800'4cc5    0x16  Code  Gb  bfifo.o [1]
bfifo_pop                0x800'4d07    0x2e  Code  Gb  bfifo.o [1]
bfifo_push               0x800'4cdb    0x2c  Code  Gb  bfifo.o [1]
bsb_clear                0x800'5189     0x6  Code  Gb  bsb.o [1]
bsb_erase                0x800'518f    0x42  Code  Gb  bsb.o [1]
bsb_erase_byte           0x800'51d1     0xe  Code  Gb  bsb.o [1]
bsb_get_pointer          0x800'517b     0x4  Code  Gb  bsb.o [1]
bsb_get_size             0x800'5177     0x4  Code  Gb  bsb.o [1]
bsb_get_space            0x800'517f     0xa  Code  Gb  bsb.o [1]
bsb_initialize           0x800'515f    0x18  Code  Gb  bsb.o [1]
bsb_push                 0x800'51df    0x6c  Code  Gb  bsb.o [1]
bsb_push_byte            0x800'524b    0x24  Code  Gb  bsb.o [1]
bsb_shrink_byte          0x800'526f     0xe  Code  Gb  bsb.o [1]
calc_crc16_ccitt_std     0x800'6ecd    0x38  Code  Gb  checksum.o [1]
calculate_inputcapture_TIM2
                         0x800'05e9    0x86  Code  Gb  mcu_application.o [1]
calculate_inputcapture_TIM2::_capture_number_TIM2
                        0x2000'20f8     0x2  Data  Lc  mcu_application.o [1]
calculate_inputcapture_TIM2::_readvalue1_TIM2
                        0x2000'20fa     0x2  Data  Lc  mcu_application.o [1]
calculate_inputcapture_TIM2::_readvalue2_TIM2
                        0x2000'20fc     0x2  Data  Lc  mcu_application.o [1]
calculate_inputcapture_TIM3
                         0x800'066f    0x7e  Code  Gb  mcu_application.o [1]
calculate_inputcapture_TIM3::_capture_number_TIM3
                        0x2000'20fe     0x2  Data  Lc  mcu_application.o [1]
calculate_inputcapture_TIM3::_readvalue1_TIM3
                        0x2000'2100     0x2  Data  Lc  mcu_application.o [1]
calculate_inputcapture_TIM3::_readvalue2_TIM3
                        0x2000'2102     0x2  Data  Lc  mcu_application.o [1]
check_fault              0x800'1471    0xbe  Code  Lc  mcu_application.o [1]
check_front_button       0x800'1205    0x54  Code  Gb  mcu_application.o [1]
check_front_button::_input_mode_sw
                        0x2000'2074     0x4  Data  Lc  mcu_application.o [1]
check_impuls_freqout     0x800'05c1    0x28  Code  Gb  mcu_application.o [1]
check_worker_halt        0x800'4947    0x12  Code  Gb  mcu_redundant.o [1]
clear_measured_data      0x800'2ee1     0xe  Code  Gb  mcu_control_analog.o [1]
com_flush                0x800'472f    0x16  Code  Gb  mcu_com.o [1]
com_recv_buffer          0x800'470b    0x24  Code  Gb  mcu_com.o [1]
com_recv_byte            0x800'46ef    0x1c  Code  Gb  mcu_com.o [1]
com_rx_irq_handler       0x800'4621    0x24  Code  Gb  mcu_com.o [1]
com_send_buffer          0x800'46cd    0x22  Code  Gb  mcu_com.o [1]
com_send_byte            0x800'468f    0x3e  Code  Gb  mcu_com.o [1]
com_tx_irq_handler       0x800'4645    0x4a  Code  Gb  mcu_com.o [1]
config_initialize        0x800'4835    0xa8  Code  Gb  mcu_config.o [1]
config_show              0x800'47f1    0x44  Code  Gb  mcu_config.o [1]
config_update_gpio_input
                         0x800'47e1    0x10  Code  Lc  mcu_config.o [1]
control_impulse_voltage_input
                         0x800'06ed    0x76  Code  Lc  mcu_application.o [1]
control_impulse_voltage_input::_active_measure_impulse_voltage
                        0x2000'2116     0x1  Data  Lc  mcu_application.o [1]
control_impulse_voltage_input::_impulse_measure_count
                        0x2000'2064     0x4  Data  Lc  mcu_application.o [1]
control_input            0x800'0ced    0x68  Code  Lc  mcu_application.o [1]
control_input::_io_input_count
                        0x2000'206c     0x4  Data  Lc  mcu_application.o [1]
control_input::_io_input_value
                        0x2000'2070     0x4  Data  Lc  mcu_application.o [1]
control_output           0x800'0d65    0x60  Code  Lc  mcu_application.o [1]
control_output_voltage_input
                         0x800'0763    0x50  Code  Lc  mcu_application.o [1]
control_output_voltage_input::_pre_worker_active
                        0x2000'2117     0x1  Data  Lc  mcu_application.o [1]
control_watch            0x800'0c1d    0xc6  Code  Lc  mcu_application.o [1]
control_watch::watchdog_fail_count
                        0x2000'2068     0x4  Data  Lc  mcu_application.o [1]
control_watch_pulse_frequency
                         0x800'2bd5    0xa6  Code  Gb  mcu_control_analog.o [1]
dbg_put_char             0x800'0545    0x1e  Code  Gb  mcu_application.o [1]
debug_flush              0x800'36bd     0xa  Code  Gb  mcu_debug.o [1]
debug_print_compiling_information
                         0x800'3b5d    0x10  Code  Gb  mcu_debug.o [1]
debug_printf             0x800'36c7    0x44  Code  Gb  mcu_debug.o [1]
debug_shell              0x800'4e5d    0xac  Code  Gb  mcu_debug_shell.o [1]
debug_shell_command      0x800'4ded    0x54  Code  Gb  mcu_debug_shell.o [1]
debug_shell_command_00   0x800'4d61     0x8  Code  Lc  mcu_debug_shell.o [1]
debug_shell_command_01   0x800'4d69     0x8  Code  Lc  mcu_debug_shell.o [1]
debug_shell_command_02   0x800'4d71     0xc  Code  Lc  mcu_debug_shell.o [1]
debug_shell_command_03   0x800'4d7d     0x8  Code  Lc  mcu_debug_shell.o [1]
debug_shell_command_04   0x800'4d85     0x8  Code  Lc  mcu_debug_shell.o [1]
debug_shell_command_05   0x800'4d8d     0x8  Code  Lc  mcu_debug_shell.o [1]
debug_shell_command_06   0x800'4d95     0x8  Code  Lc  mcu_debug_shell.o [1]
debug_shell_command_07   0x800'4d9d     0x8  Code  Lc  mcu_debug_shell.o [1]
debug_shell_command_08   0x800'4da5     0x8  Code  Lc  mcu_debug_shell.o [1]
debug_shell_command_09   0x800'4dad     0x8  Code  Lc  mcu_debug_shell.o [1]
debug_shell_command_10   0x800'4db5     0x8  Code  Lc  mcu_debug_shell.o [1]
debug_shell_initialize   0x800'4e41    0x1c  Code  Gb  mcu_debug_shell.o [1]
debug_shell_show_help    0x800'4dc7    0x26  Code  Gb  mcu_debug_shell.o [1]
debug_shell_show_prompt
                         0x800'4dbd     0xa  Code  Gb  mcu_debug_shell.o [1]
dido_heartbeat_initialize
                         0x800'4967    0x18  Code  Lc  mcu_redundant.o [1]
dido_worker_state_initialize
                         0x800'49b7    0x4c  Code  Lc  mcu_redundant.o [1]
display_maked_fnd_data   0x800'0f4d   0x144  Code  Gb  mcu_application.o [1]
equipment_get_type_string
                         0x800'3e43    0x28  Code  Gb  mcu_equipment.o [1]
equipment_initialize     0x800'3e2d    0x16  Code  Gb  mcu_equipment.o [1]
equipment_reset_data     0x800'3e6b    0xb0  Code  Gb  mcu_equipment.o [1]
equipment_reset_data_gathering_board
                         0x800'4305    0x18  Code  Gb  mcu_equipment.o [1]
equipment_reset_data_receiver
                         0x800'42ed    0x18  Code  Gb  mcu_equipment.o [1]
equipment_reset_data_transmitter
                         0x800'42d5    0x18  Code  Gb  mcu_equipment.o [1]
equipment_set_connection
                         0x800'401f    0x9c  Code  Gb  mcu_equipment.o [1]
equipment_set_data       0x800'3f1b   0x104  Code  Gb  mcu_equipment.o [1]
equipment_set_data_gathering_board
                         0x800'41d7    0x5c  Code  Gb  mcu_equipment.o [1]
equipment_set_data_receiver
                         0x800'417b    0x5c  Code  Gb  mcu_equipment.o [1]
equipment_set_data_transmitter
                         0x800'411f    0x5c  Code  Gb  mcu_equipment.o [1]
equipment_show           0x800'4503    0xe8  Code  Gb  mcu_equipment.o [1]
equipment_show_data_gathering_board
                         0x800'4461    0xa2  Code  Gb  mcu_equipment.o [1]
equipment_show_data_receiver
                         0x800'43bf    0xa2  Code  Gb  mcu_equipment.o [1]
equipment_show_data_transmitter
                         0x800'431d    0xa2  Code  Gb  mcu_equipment.o [1]
equipment_update         0x800'40bb    0x64  Code  Gb  mcu_equipment.o [1]
equipment_update_data_gathering_board
                         0x800'429f    0x36  Code  Gb  mcu_equipment.o [1]
equipment_update_receiver
                         0x800'4269    0x36  Code  Gb  mcu_equipment.o [1]
equipment_update_transmitter
                         0x800'4233    0x36  Code  Gb  mcu_equipment.o [1]
exit                     0x800'9d4b     0x4  Code  Gb  exit.o [2]
external_watchdog_clock_output_irq_handler
                         0x800'028d    0x28  Code  Lc  mcu_application.o [1]
fcs                      0x800'04d7    0x2a  Code  Gb  mcu_application.o [1]
fcs_conv                 0x800'0501    0x24  Code  Gb  mcu_application.o [1]
fnd_output_data          0x800'1151    0x4c  Code  Gb  mcu_application.o [1]
fnd_write                0x800'10a1    0x8a  Code  Gb  mcu_application.o [1]
frequency_data_initialize
                         0x800'242d    0x16  Code  Gb  mcu_control_analog.o [1]
frexp                    0x800'71a9          Code  Gb  frexp.o [3]
frexpl                   0x800'71a9          Code  Gb  frexp.o [3]
g_tableof_CRC16_CCITT_Normal
                         0x800'8568   0x200  Data  Lc  checksum.o [1]
get_3hz_frequency_FREQ_value
                         0x800'24d3     0x8  Code  Gb  mcu_control_analog.o [1]
get_AC_voltage_irq_handler
                         0x800'24e5   0x12c  Code  Gb  mcu_control_analog.o [1]
get_AC_voltage_irq_handler::_average_cycle_1
                        0x2000'20a4     0x4  Data  Lc  mcu_control_analog.o [1]
get_AC_voltage_irq_handler::_average_offset_ac_sense
                        0x2000'20a8     0x4  Data  Lc  mcu_control_analog.o [1]
get_AC_voltage_irq_handler::_count_ac_sense_avreage
                        0x2000'211a     0x1  Data  Lc  mcu_control_analog.o [1]
get_AC_voltage_irq_handler::_count_sampling_ac_voltage
                        0x2000'2119     0x1  Data  Lc  mcu_control_analog.o [1]
get_AC_voltage_irq_handler::_offset_value_ac_sense
                        0x2000'20a0     0x4  Data  Lc  mcu_control_analog.o [1]
get_ac_voltage_value     0x800'24ab     0x8  Code  Gb  mcu_control_analog.o [1]
get_imnpulse_voltage_minus_value
                         0x800'24c3     0x8  Code  Gb  mcu_control_analog.o [1]
get_imnpulse_voltage_plus_value
                         0x800'24bb     0x8  Code  Gb  mcu_control_analog.o [1]
get_impulse_voltage_irq_handler
                         0x800'02b5     0xa  Code  Gb  mcu_application.o [1]
get_input_data_impulse_voltage
                         0x800'2893   0x2dc  Code  Gb  mcu_control_analog.o [1]
get_input_data_impulse_voltage::_average_imp_minus
                        0x2000'20d0     0x4  Data  Lc  mcu_control_analog.o [1]
get_input_data_impulse_voltage::_average_imp_plus
                        0x2000'20cc     0x4  Data  Lc  mcu_control_analog.o [1]
get_input_data_impulse_voltage::_count_minus_average
                        0x2000'20c8     0x4  Data  Lc  mcu_control_analog.o [1]
get_input_data_impulse_voltage::_count_plus_average
                        0x2000'20c4     0x4  Data  Lc  mcu_control_analog.o [1]
get_input_data_impulse_voltage::average_IMP_MINUS_value
                        0x2000'20c0     0x4  Data  Lc  mcu_control_analog.o [1]
get_input_data_impulse_voltage::average_IMP_PLUS_value
                        0x2000'20bc     0x4  Data  Lc  mcu_control_analog.o [1]
get_input_data_output_voltage
                         0x800'2791   0x102  Code  Gb  mcu_control_analog.o [1]
get_input_data_output_voltage::_count_output_voltage
                        0x2000'20b8     0x4  Data  Lc  mcu_control_analog.o [1]
get_output_voltage_value
                         0x800'24b3     0x8  Code  Gb  mcu_control_analog.o [1]
get_pulse_frequency      0x800'2ccb    0x96  Code  Gb  mcu_control_analog.o [1]
get_tx_current_irq_handler
                         0x800'2611   0x134  Code  Gb  mcu_control_analog.o [1]
get_tx_current_irq_handler::_average_max_sampling
                        0x2000'20ac     0x4  Data  Lc  mcu_control_analog.o [1]
get_tx_current_irq_handler::_average_max_sampling_cur
                        0x2000'20b0     0x4  Data  Lc  mcu_control_analog.o [1]
get_tx_current_irq_handler::_avreage_current_sampling
                        0x2000'211c     0x1  Data  Lc  mcu_control_analog.o [1]
get_tx_current_irq_handler::_count_sampling_tx_current
                        0x2000'211b     0x1  Data  Lc  mcu_control_analog.o [1]
get_tx_current_value     0x800'24cb     0x8  Code  Gb  mcu_control_analog.o [1]
get_type_transmitter     0x800'84f1     0x6  Code  Gb  main.o [1]
get_worker_halt          0x800'4959     0xe  Code  Gb  mcu_redundant.o [1]
get_worker_state_string
                         0x800'48fd    0x4a  Code  Lc  mcu_redundant.o [1]
gpio_port_initial_branch
                         0x800'7629    0x50  Code  Gb  stm32f10x_init.o [1]
hotstandby_initialize    0x800'4a03    0x8a  Code  Gb  mcu_redundant.o [1]
hw_driver_initialize     0x800'1645    0x40  Code  Gb  mcu_application.o [1]
hw_gpio_initialize       0x800'168d    0x5e  Code  Gb  mcu_application.o [1]
input_frequency_capture_pin
                         0x800'2dfb    0xae  Code  Lc  mcu_control_analog.o [1]
input_frequency_show     0x800'2fb1    0x1a  Code  Gb  mcu_control_analog.o [1]
input_front_mode_button
                         0x800'11dd    0x20  Code  Gb  mcu_application.o [1]
io_control_initialize    0x800'0e55    0x1c  Code  Gb  mcu_application.o [1]
io_control_show          0x800'0e71    0x54  Code  Gb  mcu_application.o [1]
io_fifo_initialize       0x800'4d35    0x2a  Code  Gb  bfifo.o [1]
istream_check_timeout    0x800'1fb7    0x40  Code  Gb  mcu_istream.o [1]
istream_initialize       0x800'1f31    0x3e  Code  Gb  mcu_istream.o [1]
istream_packet_parse     0x800'1fff    0x22  Code  Gb  mcu_istream.o [1]
istream_packet_process   0x800'2027    0xcc  Code  Gb  mcu_istream.o [1]
istream_packet_process_dust
                         0x800'2021     0x6  Code  Gb  mcu_istream.o [1]
istream_packet_push      0x800'2105    0x82  Code  Gb  mcu_istream.o [1]
istream_set_rx_flag      0x800'1f6f    0x1a  Code  Gb  mcu_istream.o [1]
istream_set_timeout      0x800'1f89    0x2e  Code  Gb  mcu_istream.o [1]
istream_timer_irq_handler
                         0x800'1ff7     0x8  Code  Gb  mcu_istream.o [1]
ldexp                    0x800'7279          Code  Gb  ldexp.o [3]
ldexpl                   0x800'7279          Code  Gb  ldexp.o [3]
main                     0x800'84f7    0x54  Code  Gb  main.o [1]
make_fnd_data            0x800'12b5   0x19c  Code  Gb  mcu_application.o [1]
measured_analog_data_show
                         0x800'2f09    0xa2  Code  Gb  mcu_control_analog.o [1]
memchr                   0x800'7151          Code  Gb  memchr.o [4]
memcmp                   0x800'5e91          Code  Gb  memcmp.o [4]
message_queue_initialize
                         0x800'3d97    0x3e  Code  Gb  message_queue.o [1]
message_queue_push       0x800'3dd5    0x58  Code  Gb  message_queue.o [1]
message_show             0x800'07b3   0x140  Code  Gb  mcu_application.o [1]
nb_packet_check_sequence_range
                         0x800'50a1    0x5e  Code  Gb  mcu_nb_packet.o [1]
nb_packet_get            0x800'4ffb    0xa6  Code  Gb  mcu_nb_packet.o [1]
nb_packet_get_id_type    0x800'512b     0xa  Code  Gb  mcu_nb_packet.o [1]
nb_packet_get_id_unit    0x800'5135     0xc  Code  Gb  mcu_nb_packet.o [1]
nb_packet_get_id_worker
                         0x800'5141    0x1e  Code  Gb  mcu_nb_packet.o [1]
nb_packet_make_id        0x800'510d    0x1e  Code  Gb  mcu_nb_packet.o [1]
nb_packet_parse          0x800'4f25    0xd6  Code  Gb  mcu_nb_packet.o [1]
output_fnd_display       0x800'119d    0x38  Code  Gb  mcu_application.o [1]
output_voltage_control_watch
                         0x800'2745    0x4c  Code  Gb  mcu_control_analog.o [1]
output_voltage_control_watch::_output_voltage_fail_count
                        0x2000'20b4     0x4  Data  Lc  mcu_control_analog.o [1]
output_voltage_measure_irq_handler
                         0x800'02bf    0x30  Code  Lc  mcu_application.o [1]
pair_dido_heartbeat_initialize
                         0x800'497f    0x38  Code  Lc  mcu_redundant.o [1]
peer_connection_check_timeout
                         0x800'1bcf    0x40  Code  Gb  mcu_peer.o [1]
peer_connection_get_timeout
                         0x800'1bcb     0x4  Code  Gb  mcu_peer.o [1]
peer_connection_initialize
                         0x800'1b05    0x18  Code  Gb  mcu_peer.o [1]
peer_connection_set_rx_flag
                         0x800'1b1d    0x1a  Code  Gb  mcu_peer.o [1]
peer_connection_set_timeout
                         0x800'1b37    0x94  Code  Gb  mcu_peer.o [1]
peer_find_connection     0x800'1c17    0x5a  Code  Gb  mcu_peer.o [1]
peer_initialize          0x800'1c71    0x7a  Code  Gb  mcu_peer.o [1]
peer_reset_data          0x800'1e5d    0x14  Code  Gb  mcu_peer.o [1]
peer_rx_packet           0x800'1d5f    0xc0  Code  Gb  mcu_peer.o [1]
peer_set_data            0x800'1e1f    0x3e  Code  Gb  mcu_peer.o [1]
peer_show                0x800'1e71    0x9e  Code  Gb  mcu_peer.o [1]
peer_timer_irq_handler   0x800'1c0f     0x8  Code  Gb  mcu_peer.o [1]
peer_update              0x800'1ceb    0x74  Code  Gb  mcu_peer.o [1]
peripheral_initial       0x800'7e45    0x52  Code  Gb  stm32f10x_init.o [1]
print_bitfield_order     0x800'3919   0x140  Code  Lc  mcu_debug.o [1]
print_endianness         0x800'387f    0x94  Code  Lc  mcu_debug.o [1]
print_type_size          0x800'370b   0x174  Code  Lc  mcu_debug.o [1]
put_pulse_frequency      0x800'2d61    0x9a  Code  Gb  mcu_control_analog.o [1]
put_str                  0x800'0563    0x24  Code  Gb  mcu_application.o [1]
reception                0x800'0f01    0x2e  Code  Lc  mcu_application.o [1]
redundant_show           0x800'4abd   0x166  Code  Gb  mcu_redundant.o [1]
reset_sampling_data_pulse_frequency
                         0x800'2b6f    0x66  Code  Gb  mcu_control_analog.o [1]
rising_edge_flag_TIM2    0x800'0587    0x20  Code  Gb  mcu_application.o [1]
rising_edge_flag_TIM3    0x800'05a7    0x1a  Code  Gb  mcu_application.o [1]
scalbln                  0x800'7279          Code  Gb  ldexp.o [3]
scalblnl                 0x800'7279          Code  Gb  ldexp.o [3]
scalbn                   0x800'7279          Code  Gb  ldexp.o [3]
scalbnl                  0x800'7279          Code  Gb  ldexp.o [3]
scale                    0x800'6da7    0x46  Code  Lc  xprintffull_nomb.o [2]
sec_hand                0x2000'20f4     0x4  Data  Lc  xfail_s.o [2]
set_flag_rising_edge_pin_freq
                         0x800'24db     0xa  Code  Gb  mcu_control_analog.o [1]
sprintf                  0x800'474d    0x40  Code  Gb  sprintf.o [2]
standby_clear_measured_data
                         0x800'2ea9    0x38  Code  Gb  mcu_control_analog.o [1]
strchr                   0x800'70f9          Code  Gb  strchr.o [4]
strlen                   0x800'23c9          Code  Gb  strlen.o [4]
strncmp                  0x800'6ea3    0x28  Code  Gb  strncmp.o [2]
timer_500usec_irq_handler
                         0x800'04a9    0x1c  Code  Gb  mcu_application.o [1]
timer_boot_irq_handler   0x800'02ef    0x24  Code  Lc  mcu_application.o [1]
timer_run_irq_handler    0x800'032f   0x168  Code  Lc  mcu_application.o [1]
timer_watchdog_irq_handler
                         0x800'0497    0x12  Code  Gb  mcu_application.o [1]
transmit                 0x800'0a2d   0x1f0  Code  Lc  mcu_application.o [1]
tx_type                 0x2000'1ff4     0x4  Data  Gb  main.o [1]
update_equipment         0x800'0edd    0x16  Code  Lc  mcu_application.o [1]
update_istream           0x800'0ec9    0x10  Code  Lc  mcu_application.o [1]
update_ostream           0x800'08f3   0x13a  Code  Lc  mcu_application.o [1]
vsnprintf                0x800'5e55    0x3c  Code  Gb  vsnprint.o [2]
watchdog_run_irq_handler
                         0x800'0313    0x1c  Code  Lc  mcu_application.o [1]


[1] = C:\Users\User\Desktop\Work\IMPULSE\Intergrated_Impulse_Transmitter\Debug\Obj
[2] = dl7M_tln.a
[3] = m7M_tl.a
[4] = rt7M_tl.a
[5] = shb_l.a

  34'740 bytes of readonly  code memory
   7'700 bytes of readonly  data memory
  10'526 bytes of readwrite data memory

Errors: none
Warnings: none
