Archive member included to satisfy reference by file (symbol)

C:/ST/STM32CubeIDE_1.14.0/STM32CubeIDE/plugins/com.st.stm32cube.ide.mcu.externaltools.gnu-tools-for-stm32.11.3.rel1.win32_1.1.100.202309141235/tools/bin/../lib/gcc/arm-none-eabi/11.3.1/../../../../arm-none-eabi/lib/thumb/v7e-m+fp/hard\libc_nano.a(libc_a-exit.o)
                              C:/ST/STM32CubeIDE_1.14.0/STM32CubeIDE/plugins/com.st.stm32cube.ide.mcu.externaltools.gnu-tools-for-stm32.11.3.rel1.win32_1.1.100.202309141235/tools/bin/../lib/gcc/arm-none-eabi/11.3.1/../../../../arm-none-eabi/lib/thumb/v7e-m+fp/hard/crt0.o (exit)
C:/ST/STM32CubeIDE_1.14.0/STM32CubeIDE/plugins/com.st.stm32cube.ide.mcu.externaltools.gnu-tools-for-stm32.11.3.rel1.win32_1.1.100.202309141235/tools/bin/../lib/gcc/arm-none-eabi/11.3.1/../../../../arm-none-eabi/lib/thumb/v7e-m+fp/hard\libc_nano.a(libc_a-findfp.o)
                              C:/ST/STM32CubeIDE_1.14.0/STM32CubeIDE/plugins/com.st.stm32cube.ide.mcu.externaltools.gnu-tools-for-stm32.11.3.rel1.win32_1.1.100.202309141235/tools/bin/../lib/gcc/arm-none-eabi/11.3.1/../../../../arm-none-eabi/lib/thumb/v7e-m+fp/hard\libc_nano.a(libc_a-exit.o) (__stdio_exit_handler)
C:/ST/STM32CubeIDE_1.14.0/STM32CubeIDE/plugins/com.st.stm32cube.ide.mcu.externaltools.gnu-tools-for-stm32.11.3.rel1.win32_1.1.100.202309141235/tools/bin/../lib/gcc/arm-none-eabi/11.3.1/../../../../arm-none-eabi/lib/thumb/v7e-m+fp/hard\libc_nano.a(libc_a-fwalk.o)
                              C:/ST/STM32CubeIDE_1.14.0/STM32CubeIDE/plugins/com.st.stm32cube.ide.mcu.externaltools.gnu-tools-for-stm32.11.3.rel1.win32_1.1.100.202309141235/tools/bin/../lib/gcc/arm-none-eabi/11.3.1/../../../../arm-none-eabi/lib/thumb/v7e-m+fp/hard\libc_nano.a(libc_a-findfp.o) (_fwalk_sglue)
C:/ST/STM32CubeIDE_1.14.0/STM32CubeIDE/plugins/com.st.stm32cube.ide.mcu.externaltools.gnu-tools-for-stm32.11.3.rel1.win32_1.1.100.202309141235/tools/bin/../lib/gcc/arm-none-eabi/11.3.1/../../../../arm-none-eabi/lib/thumb/v7e-m+fp/hard\libc_nano.a(libc_a-stdio.o)
                              C:/ST/STM32CubeIDE_1.14.0/STM32CubeIDE/plugins/com.st.stm32cube.ide.mcu.externaltools.gnu-tools-for-stm32.11.3.rel1.win32_1.1.100.202309141235/tools/bin/../lib/gcc/arm-none-eabi/11.3.1/../../../../arm-none-eabi/lib/thumb/v7e-m+fp/hard\libc_nano.a(libc_a-findfp.o) (__sread)
C:/ST/STM32CubeIDE_1.14.0/STM32CubeIDE/plugins/com.st.stm32cube.ide.mcu.externaltools.gnu-tools-for-stm32.11.3.rel1.win32_1.1.100.202309141235/tools/bin/../lib/gcc/arm-none-eabi/11.3.1/../../../../arm-none-eabi/lib/thumb/v7e-m+fp/hard\libc_nano.a(libc_a-memset.o)
                              C:/ST/STM32CubeIDE_1.14.0/STM32CubeIDE/plugins/com.st.stm32cube.ide.mcu.externaltools.gnu-tools-for-stm32.11.3.rel1.win32_1.1.100.202309141235/tools/bin/../lib/gcc/arm-none-eabi/11.3.1/../../../../arm-none-eabi/lib/thumb/v7e-m+fp/hard/crt0.o (memset)
C:/ST/STM32CubeIDE_1.14.0/STM32CubeIDE/plugins/com.st.stm32cube.ide.mcu.externaltools.gnu-tools-for-stm32.11.3.rel1.win32_1.1.100.202309141235/tools/bin/../lib/gcc/arm-none-eabi/11.3.1/../../../../arm-none-eabi/lib/thumb/v7e-m+fp/hard\libc_nano.a(libc_a-closer.o)
                              C:/ST/STM32CubeIDE_1.14.0/STM32CubeIDE/plugins/com.st.stm32cube.ide.mcu.externaltools.gnu-tools-for-stm32.11.3.rel1.win32_1.1.100.202309141235/tools/bin/../lib/gcc/arm-none-eabi/11.3.1/../../../../arm-none-eabi/lib/thumb/v7e-m+fp/hard\libc_nano.a(libc_a-stdio.o) (_close_r)
C:/ST/STM32CubeIDE_1.14.0/STM32CubeIDE/plugins/com.st.stm32cube.ide.mcu.externaltools.gnu-tools-for-stm32.11.3.rel1.win32_1.1.100.202309141235/tools/bin/../lib/gcc/arm-none-eabi/11.3.1/../../../../arm-none-eabi/lib/thumb/v7e-m+fp/hard\libc_nano.a(libc_a-reent.o)
                              C:/ST/STM32CubeIDE_1.14.0/STM32CubeIDE/plugins/com.st.stm32cube.ide.mcu.externaltools.gnu-tools-for-stm32.11.3.rel1.win32_1.1.100.202309141235/tools/bin/../lib/gcc/arm-none-eabi/11.3.1/../../../../arm-none-eabi/lib/thumb/v7e-m+fp/hard\libc_nano.a(libc_a-closer.o) (errno)
C:/ST/STM32CubeIDE_1.14.0/STM32CubeIDE/plugins/com.st.stm32cube.ide.mcu.externaltools.gnu-tools-for-stm32.11.3.rel1.win32_1.1.100.202309141235/tools/bin/../lib/gcc/arm-none-eabi/11.3.1/../../../../arm-none-eabi/lib/thumb/v7e-m+fp/hard\libc_nano.a(libc_a-impure.o)
                              C:/ST/STM32CubeIDE_1.14.0/STM32CubeIDE/plugins/com.st.stm32cube.ide.mcu.externaltools.gnu-tools-for-stm32.11.3.rel1.win32_1.1.100.202309141235/tools/bin/../lib/gcc/arm-none-eabi/11.3.1/../../../../arm-none-eabi/lib/thumb/v7e-m+fp/hard\libc_nano.a(libc_a-reent.o) (_impure_ptr)
C:/ST/STM32CubeIDE_1.14.0/STM32CubeIDE/plugins/com.st.stm32cube.ide.mcu.externaltools.gnu-tools-for-stm32.11.3.rel1.win32_1.1.100.202309141235/tools/bin/../lib/gcc/arm-none-eabi/11.3.1/../../../../arm-none-eabi/lib/thumb/v7e-m+fp/hard\libc_nano.a(libc_a-lseekr.o)
[...]
Memory Configuration

Name             Origin             Length             Attributes
CCMRAM           0x0000000010000000 0x0000000000010000 xrw
RAM              0x0000000020000000 0x0000000000030000 xrw
FLASH            0x0000000008000000 0x0000000000200000 xr
*default*        0x0000000000000000 0xffffffffffffffff

Linker script and memory map

LOAD C:/ST/STM32CubeIDE_1.14.0/STM32CubeIDE/plugins/com.st.stm32cube.ide.mcu.externaltools.gnu-tools-for-stm32.11.3.rel1.win32_1.1.100.202309141235/tools/bin/../lib/gcc/arm-none-eabi/11.3.1/thumb/v7e-m+fp/hard/crti.o
LOAD C:/ST/STM32CubeIDE_1.14.0/STM32CubeIDE/plugins/com.st.stm32cube.ide.mcu.externaltools.gnu-tools-for-stm32.11.3.rel1.win32_1.1.100.202309141235/tools/bin/../lib/gcc/arm-none-eabi/11.3.1/thumb/v7e-m+fp/hard/crtbegin.o
LOAD C:/ST/STM32CubeIDE_1.14.0/STM32CubeIDE/plugins/com.st.stm32cube.ide.mcu.externaltools.gnu-tools-for-stm32.11.3.rel1.win32_1.1.100.202309141235/tools/bin/../lib/gcc/arm-none-eabi/11.3.1/../../../../arm-none-eabi/lib/thumb/v7e-m+fp/hard/crt0.o
LOAD ./Core/Src/main.o
LOAD ./Core/Src/ringbuf.o
LOAD ./Core/Src/stm32f4xx_hal_msp.o
LOAD ./Core/Src/stm32f4xx_it.o
LOAD ./Core/Src/syscalls.o
LOAD ./Core/Src/sysmem.o
LOAD ./Core/Src/system_stm32f4xx.o
LOAD ./Core/Startup/startup_stm32f429zitx.o
LOAD ./Drivers/STM32F4xx_HAL_Driver/Src/stm32f4xx_hal.o
LOAD ./Drivers/STM32F4xx_HAL_Driver/Src/stm32f4xx_hal_cortex.o
LOAD ./Drivers/STM32F4xx_HAL_Driver/Src/stm32f4xx_hal_dma.o
LOAD ./Drivers/STM32F4xx_HAL_Driver/Src/stm32f4xx_hal_dma_ex.o
LOAD ./Drivers/STM32F4xx_HAL_Driver/Src/stm32f4xx_hal_exti.o
LOAD ./Drivers/STM32F4xx_HAL_Driver/Src/stm32f4xx_hal_flash.o
LOAD ./Drivers/STM32F4xx_HAL_Driver/Src/stm32f4xx_hal_flash_ex.o
LOAD ./Drivers/STM32F4xx_HAL_Driver/Src/stm32f4xx_hal_flash_ramfunc.o
LOAD ./Drivers/STM32F4xx_HAL_Driver/Src/stm32f4xx_hal_gpio.o
LOAD ./Drivers/STM32F4xx_HAL_Driver/Src/stm32f4xx_hal_pwr.o
LOAD ./Drivers/STM32F4xx_HAL_Driver/Src/stm32f4xx_hal_pwr_ex.o
LOAD ./Drivers/STM32F4xx_HAL_Driver/Src/stm32f4xx_hal_rcc.o
LOAD ./Drivers/STM32F4xx_HAL_Driver/Src/stm32f4xx_hal_rcc_ex.o
LOAD ./Drivers/STM32F4xx_HAL_Driver/Src/stm32f4xx_hal_rng.o
LOAD ./Drivers/STM32F4xx_HAL_Driver/Src/stm32f4xx_hal_spi.o
LOAD ./Drivers/STM32F4xx_HAL_Driver/Src/stm32f4xx_hal_tim.o
LOAD ./Drivers/STM32F4xx_HAL_Driver/Src/stm32f4xx_hal_tim_ex.o
LOAD ./Drivers/STM32F4xx_HAL_Driver/Src/stm32f4xx_hal_uart.o
START GROUP
LOAD C:/ST/STM32CubeIDE_1.14.0/STM32CubeIDE/plugins/com.st.stm32cube.ide.mcu.externaltools.gnu-tools-for-stm32.11.3.rel1.win32_1.1.100.202309141235/tools/bin/../lib/gcc/arm-none-eabi/11.3.1/../../../../arm-none-eabi/lib/thumb/v7e-m+fp/hard\libc_nano.a
LOAD C:/ST/STM32CubeIDE_1.14.0/STM32CubeIDE/plugins/com.st.stm32cube.ide.mcu.externaltools.gnu-tools-for-stm32.11.3.rel1.win32_1.1.100.202309141235/tools/bin/../lib/gcc/arm-none-eabi/11.3.1/../../../../arm-none-eabi/lib/thumb/v7e-m+fp/hard\libm.a
END GROUP
START GROUP
LOAD C:/ST/STM32CubeIDE_1.14.0/STM32CubeIDE/plugins/com.st.stm32cube.ide.mcu.externaltools.gnu-tools-for-stm32.11.3.rel1.win32_1.1.100.202309141235/tools/bin/../lib/gcc/arm-none-eabi/11.3.1/thumb/v7e-m+fp/hard\libgcc.a
LOAD C:/ST/STM32CubeIDE_1.14.0/STM32CubeIDE/plugins/com.st.stm32cube.ide.mcu.externaltools.gnu-tools-for-stm32.11.3.rel1.win32_1.1.100.202309141235/tools/bin/../lib/gcc/arm-none-eabi/11.3.1/../../../../arm-none-eabi/lib/thumb/v7e-m+fp/hard\libc_nano.a
END GROUP
START GROUP
LOAD C:/ST/STM32CubeIDE_1.14.0/STM32CubeIDE/plugins/com.st.stm32cube.ide.mcu.externaltools.gnu-tools-for-stm32.11.3.rel1.win32_1.1.100.202309141235/tools/bin/../lib/gcc/arm-none-eabi/11.3.1/thumb/v7e-m+fp/hard\libgcc.a
LOAD C:/ST/STM32CubeIDE_1.14.0/STM32CubeIDE/plugins/com.st.stm32cube.ide.mcu.externaltools.gnu-tools-for-stm32.11.3.rel1.win32_1.1.100.202309141235/tools/bin/../lib/gcc/arm-none-eabi/11.3.1/../../../../arm-none-eabi/lib/thumb/v7e-m+fp/hard\libc_nano.a
LOAD C:/ST/STM32CubeIDE_1.14.0/STM32CubeIDE/plugins/com.st.stm32cube.ide.mcu.externaltools.gnu-tools-for-stm32.11.3.rel1.win32_1.1.100.202309141235/tools/bin/../lib/gcc/arm-none-eabi/11.3.1/../../../../arm-none-eabi/lib/thumb/v7e-m+fp/hard\libnosys.a
END GROUP
START GROUP
LOAD C:/ST/STM32CubeIDE_1.14.0/STM32CubeIDE/plugins/com.st.stm32cube.ide.mcu.externaltools.gnu-tools-for-stm32.11.3.rel1.win32_1.1.100.202309141235/tools/bin/../lib/gcc/arm-none-eabi/11.3.1/thumb/v7e-m+fp/hard\libgcc.a
LOAD C:/ST/STM32CubeIDE_1.14.0/STM32CubeIDE/plugins/com.st.stm32cube.ide.mcu.externaltools.gnu-tools-for-stm32.11.3.rel1.win32_1.1.100.202309141235/tools/bin/../lib/gcc/arm-none-eabi/11.3.1/../../../../arm-none-eabi/lib/thumb/v7e-m+fp/hard\libc_nano.a
LOAD C:/ST/STM32CubeIDE_1.14.0/STM32CubeIDE/plugins/com.st.stm32cube.ide.mcu.externaltools.gnu-tools-for-stm32.11.3.rel1.win32_1.1.100.202309141235/tools/bin/../lib/gcc/arm-none-eabi/11.3.1/../../../../arm-none-eabi/lib/thumb/v7e-m+fp/hard\libnosys.a
END GROUP
LOAD C:/ST/STM32CubeIDE_1.14.0/STM32CubeIDE/plugins/com.st.stm32cube.ide.mcu.externaltools.gnu-tools-for-stm32.11.3.rel1.win32_1.1.100.202309141235/tools/bin/../lib/gcc/arm-none-eabi/11.3.1/thumb/v7e-m+fp/hard/crtend.o
LOAD C:/ST/STM32CubeIDE_1.14.0/STM32CubeIDE/plugins/com.st.stm32cube.ide.mcu.externaltools.gnu-tools-for-stm32.11.3.rel1.win32_1.1.100.202309141235/tools/bin/../lib/gcc/arm-none-eabi/11.3.1/thumb/v7e-m+fp/hard/crtn.o
                0x0000000020030000                _estack = (ORIGIN (RAM) + LENGTH (RAM))
                0x0000000000000200                _Min_Heap_Size = 0x200
                0x0000000000000400                _Min_Stack_Size = 0x400

.isr_vector     0x0000000008000000      0x1ac
                0x0000000008000000                . = ALIGN (0x4)
 *(.isr_vector)
 .isr_vector    0x0000000008000000      0x1ac ./Core/Startup/startup_stm32f429zitx.o
                0x0000000008000000                g_pfnVectors
                0x00000000080001ac                . = ALIGN (0x4)

.text           0x00000000080001ac     0x81e0
                0x00000000080001ac                . = ALIGN (0x4)
 *(.text)
 .text          0x00000000080001ac       0x40 C:/ST/STM32CubeIDE_1.14.0/STM32CubeIDE/plugins/com.st.stm32cube.ide.mcu.externaltools.gnu-tools-for-stm32.11.3.rel1.win32_1.1.100.202309141235/tools/bin/../lib/gcc/arm-none-eabi/11.3.1/thumb/v7e-m+fp/hard/crtbegin.o
 .text          0x00000000080001ec      0x378 C:/ST/STM32CubeIDE_1.14.0/STM32CubeIDE/plugins/com.st.stm32cube.ide.mcu.externaltools.gnu-tools-for-stm32.11.3.rel1.win32_1.1.100.202309141235/tools/bin/../lib/gcc/arm-none-eabi/11.3.1/thumb/v7e-m+fp/hard\libgcc.a(_arm_addsubdf3.o)
                0x00000000080001ec                __aeabi_drsub
                0x00000000080001f4                __aeabi_dsub
                0x00000000080001f4                __subdf3
                0x00000000080001f8                __aeabi_dadd
                0x00000000080001f8                __adddf3
                0x0000000008000470                __floatunsidf
                0x0000000008000470                __aeabi_ui2d
                0x0000000008000490                __floatsidf
                0x0000000008000490                __aeabi_i2d
                0x00000000080004b4                __aeabi_f2d
                0x00000000080004b4                __extendsfdf2
                0x00000000080004f8                __floatundidf
                0x00000000080004f8                __aeabi_ul2d
                0x0000000008000508                __floatdidf
                0x0000000008000508                __aeabi_l2d
 .text          0x0000000008000564      0x424 C:/ST/STM32CubeIDE_1.14.0/STM32CubeIDE/plugins/com.st.stm32cube.ide.mcu.externaltools.gnu-tools-for-stm32.11.3.rel1.win32_1.1.100.202309141235/tools/bin/../lib/gcc/arm-none-eabi/11.3.1/thumb/v7e-m+fp/hard\libgcc.a(_arm_muldivdf3.o)
                0x0000000008000564                __aeabi_dmul
                0x0000000008000564                __muldf3
                0x00000000080007b8                __divdf3
                0x00000000080007b8                __aeabi_ddiv
 .text          0x0000000008000988       0x40 C:/ST/STM32CubeIDE_1.14.0/STM32CubeIDE/plugins/com.st.stm32cube.ide.mcu.externaltools.gnu-tools-for-stm32.11.3.rel1.win32_1.1.100.202309141235/tools/bin/../lib/gcc/arm-none-eabi/11.3.1/thumb/v7e-m+fp/hard\libgcc.a(_arm_fixunsdfsi.o)
                0x0000000008000988                __aeabi_d2uiz
                0x0000000008000988                __fixunsdfsi
 .text          0x00000000080009c8       0x30 C:/ST/STM32CubeIDE_1.14.0/STM32CubeIDE/plugins/com.st.stm32cube.ide.mcu.externaltools.gnu-tools-for-stm32.11.3.rel1.win32_1.1.100.202309141235/tools/bin/../lib/gcc/arm-none-eabi/11.3.1/thumb/v7e-m+fp/hard\libgcc.a(_aeabi_uldivmod.o)
                0x00000000080009c8                __aeabi_uldivmod
 .text          0x00000000080009f8      0x2c8 C:/ST/STM32CubeIDE_1.14.0/STM32CubeIDE/plugins/com.st.stm32cube.ide.mcu.externaltools.gnu-tools-for-stm32.11.3.rel1.win32_1.1.100.202309141235/tools/bin/../lib/gcc/arm-none-eabi/11.3.1/thumb/v7e-m+fp/hard\libgcc.a(_udivmoddi4.o)
                0x00000000080009f8                __udivmoddi4
 .text          0x0000000008000cc0        0x4 C:/ST/STM32CubeIDE_1.14.0/STM32CubeIDE/plugins/com.st.stm32cube.ide.mcu.externaltools.gnu-tools-for-stm32.11.3.rel1.win32_1.1.100.202309141235/tools/bin/../lib/gcc/arm-none-eabi/11.3.1/thumb/v7e-m+fp/hard\libgcc.a(_dvmd_tls.o)
                0x0000000008000cc0                __aeabi_idiv0
                0x0000000008000cc0                __aeabi_ldiv0
 *(.text*)
 .text._calcBaudRate
                0x0000000008000cc4       0x78 ./Core/Src/main.o
 .text.main     0x0000000008000d3c      0x270 ./Core/Src/main.o
                0x0000000008000d3c                main
 .text.SystemClock_Config
                0x0000000008000fac       0xe0 ./Core/Src/main.o
                0x0000000008000fac                SystemClock_Config
 .text.MX_RNG_Init
                0x000000000800108c       0x28 ./Core/Src/main.o
 .text.MX_SPI1_Init
                0x00000000080010b4       0x6c ./Core/Src/main.o
 .text.MX_TIM3_Init
                0x0000000008001120       0x9c ./Core/Src/main.o
 .text.MX_UART4_Init
                0x00000000080011bc       0x54 ./Core/Src/main.o
 .text.MX_UART5_Init
                0x0000000008001210       0x54 ./Core/Src/main.o
 .text.MX_UART7_Init
                0x0000000008001264       0x54 ./Core/Src/main.o
 .text.MX_UART8_Init
                0x00000000080012b8       0x54 ./Core/Src/main.o
 .text.MX_USART1_UART_Init
                0x000000000800130c       0x54 ./Core/Src/main.o
 .text.MX_USART2_UART_Init
                0x0000000008001360       0x54 ./Core/Src/main.o
 .text.MX_USART3_UART_Init
                0x00000000080013b4       0x54 ./Core/Src/main.o
 .text.MX_USART6_UART_Init
                0x0000000008001408       0x54 ./Core/Src/main.o
 .text.MX_GPIO_Init
                0x000000000800145c      0x218 ./Core/Src/main.o
 .text.initial_GPIO_LED
                0x0000000008001674       0xe0 ./Core/Src/main.o
                0x0000000008001674                initial_GPIO_LED
 .text.HAL_TIM_PeriodElapsedCallback
                0x0000000008001754      0x1c4 ./Core/Src/main.o
                0x0000000008001754                HAL_TIM_PeriodElapsedCallback
 .text.HAL_UART_RxCpltCallback
                0x0000000008001918      0x25c ./Core/Src/main.o
                0x0000000008001918                HAL_UART_RxCpltCallback
 .text.OnUart1_Recv
                0x0000000008001b74       0x24 ./Core/Src/main.o
                0x0000000008001b74                OnUart1_Recv
 .text.OnUart2_Recv
                0x0000000008001b98       0x24 ./Core/Src/main.o
                0x0000000008001b98                OnUart2_Recv
 .text.OnUart3_Recv
                0x0000000008001bbc       0x24 ./Core/Src/main.o
                0x0000000008001bbc                OnUart3_Recv
 .text.OnUart4_Recv
                0x0000000008001be0       0x24 ./Core/Src/main.o
                0x0000000008001be0                OnUart4_Recv
 .text.OnUart5_Recv
                0x0000000008001c04       0x24 ./Core/Src/main.o
                0x0000000008001c04                OnUart5_Recv
 .text.OnUart6_Recv
                0x0000000008001c28       0x24 ./Core/Src/main.o
                0x0000000008001c28                OnUart6_Recv
 .text.OnUart7_Recv
                0x0000000008001c4c       0x24 ./Core/Src/main.o
                0x0000000008001c4c                OnUart7_Recv
 .text.OnUart8_Recv
                0x0000000008001c70       0x24 ./Core/Src/main.o
                0x0000000008001c70                OnUart8_Recv
 .text.fcs_rx   0x0000000008001c94       0x46 ./Core/Src/main.o
                0x0000000008001c94                fcs_rx
 *fill*         0x0000000008001cda        0x2 
 .text.fcs_conv
                0x0000000008001cdc       0x4c ./Core/Src/main.o
                0x0000000008001cdc                fcs_conv
 .text.Packet_Verify
                0x0000000008001d28       0xd0 ./Core/Src/main.o
                0x0000000008001d28                Packet_Verify
 .text.POW      0x0000000008001df8       0x40 ./Core/Src/main.o
                0x0000000008001df8                POW
 .text.uartinput1
                0x0000000008001e38       0x84 ./Core/Src/main.o
                0x0000000008001e38                uartinput1
 .text.uartinput2
                0x0000000008001ebc       0x84 ./Core/Src/main.o
                0x0000000008001ebc                uartinput2
 .text.uartinput3
                0x0000000008001f40       0x84 ./Core/Src/main.o
                0x0000000008001f40                uartinput3
 .text.uartinput4
                0x0000000008001fc4       0x84 ./Core/Src/main.o
                0x0000000008001fc4                uartinput4
 .text.uartinput5
                0x0000000008002048       0x84 ./Core/Src/main.o
                0x0000000008002048                uartinput5
 .text.uartinput6
                0x00000000080020cc       0x84 ./Core/Src/main.o
                0x00000000080020cc                uartinput6
 .text.uartinput7
                0x0000000008002150       0x84 ./Core/Src/main.o
                0x0000000008002150                uartinput7
 .text.uartinput8
                0x00000000080021d4       0x84 ./Core/Src/main.o
                0x00000000080021d4                uartinput8
 .text.COM_Input_Parse1
                0x0000000008002258      0x2a0 ./Core/Src/main.o
                0x0000000008002258                COM_Input_Parse1
 .text.COM_Input_Parse2
                0x00000000080024f8      0x2a0 ./Core/Src/main.o
                0x00000000080024f8                COM_Input_Parse2
 .text.COM_Input_Parse3
                0x0000000008002798      0x2a0 ./Core/Src/main.o
                0x0000000008002798                COM_Input_Parse3
 .text.COM_Input_Parse4
                0x0000000008002a38      0x2a0 ./Core/Src/main.o
                0x0000000008002a38                COM_Input_Parse4
 .text.COM_Input_Parse5
                0x0000000008002cd8      0x2a0 ./Core/Src/main.o
                0x0000000008002cd8                COM_Input_Parse5
 .text.COM_Input_Parse6
                0x0000000008002f78      0x2a0 ./Core/Src/main.o
                0x0000000008002f78                COM_Input_Parse6
 .text.COM_Input_Parse7
                0x0000000008003218      0x2a0 ./Core/Src/main.o
                0x0000000008003218                COM_Input_Parse7
 .text.COM_Input_Parse8
                0x00000000080034b8      0x2a0 ./Core/Src/main.o
                0x00000000080034b8                COM_Input_Parse8
 .text.ascii_convert_to_hex
                0x0000000008003758      0x144 ./Core/Src/main.o
                0x0000000008003758                ascii_convert_to_hex
 .text.ascii_to_bcd
                0x000000000800389c       0xe0 ./Core/Src/main.o
                0x000000000800389c                ascii_to_bcd
 .text.Transmit_checksum
                0x000000000800397c       0xe0 ./Core/Src/main.o
                0x000000000800397c                Transmit_checksum
 .text.transmit_reset
                0x0000000008003a5c      0x138 ./Core/Src/main.o
                0x0000000008003a5c                transmit_reset
 .text.transmit
                0x0000000008003b94      0x128 ./Core/Src/main.o
                0x0000000008003b94                transmit
 .text.uarti2cspi_initAdvanced
                0x0000000008003cbc       0xbc ./Core/Src/main.o
                0x0000000008003cbc                uarti2cspi_initAdvanced
 .text.uarti2cspi_writeReg
                0x0000000008003d78       0x78 ./Core/Src/main.o
                0x0000000008003d78                uarti2cspi_writeReg
 .text.uarti2cspi_readReg
                0x0000000008003df0       0x54 ./Core/Src/main.o
                0x0000000008003df0                uarti2cspi_readReg
 .text.uarti2cspi_uartWrite
                0x0000000008003e44       0x64 ./Core/Src/main.o
                0x0000000008003e44                uarti2cspi_uartWrite
 .text.Error_Handler
                0x0000000008003ea8        0xa ./Core/Src/main.o
                0x0000000008003ea8                Error_Handler
 .text.ringbuf_init
                0x0000000008003eb2       0x5e ./Core/Src/ringbuf.o
                0x0000000008003eb2                ringbuf_init
 .text.ringbuf_get_readable_space
                0x0000000008003f10       0x42 ./Core/Src/ringbuf.o
                0x0000000008003f10                ringbuf_get_readable_space
 .text.ringbuf_get_writable_space
                0x0000000008003f52       0x56 ./Core/Src/ringbuf.o
                0x0000000008003f52                ringbuf_get_writable_space
 .text.ringbuf_peek
                0x0000000008003fa8       0xc0 ./Core/Src/ringbuf.o
                0x0000000008003fa8                ringbuf_peek
 .text.ringbuf_read
                0x0000000008004068       0xc6 ./Core/Src/ringbuf.o
                0x0000000008004068                ringbuf_read
 .text.ringbuf_write
                0x000000000800412e       0xc6 ./Core/Src/ringbuf.o
                0x000000000800412e                ringbuf_write
 .text.HAL_MspInit
                0x00000000080041f4       0x50 ./Core/Src/stm32f4xx_hal_msp.o
                0x00000000080041f4                HAL_MspInit
 .text.HAL_RNG_MspInit
                0x0000000008004244       0x44 ./Core/Src/stm32f4xx_hal_msp.o
                0x0000000008004244                HAL_RNG_MspInit
 .text.HAL_SPI_MspInit
                0x0000000008004288       0xa0 ./Core/Src/stm32f4xx_hal_msp.o
                0x0000000008004288                HAL_SPI_MspInit
 .text.HAL_TIM_Base_MspInit
                0x0000000008004328       0x50 ./Core/Src/stm32f4xx_hal_msp.o
                0x0000000008004328                HAL_TIM_Base_MspInit
 .text.HAL_UART_MspInit
                0x0000000008004378      0x44c ./Core/Src/stm32f4xx_hal_msp.o
                0x0000000008004378                HAL_UART_MspInit
 .text.NMI_Handler
                0x00000000080047c4        0x6 ./Core/Src/stm32f4xx_it.o
                0x00000000080047c4                NMI_Handler
 .text.HardFault_Handler
                0x00000000080047ca        0x6 ./Core/Src/stm32f4xx_it.o
                0x00000000080047ca                HardFault_Handler
 .text.MemManage_Handler
                0x00000000080047d0        0x6 ./Core/Src/stm32f4xx_it.o
                0x00000000080047d0                MemManage_Handler
 .text.BusFault_Handler
                0x00000000080047d6        0x6 ./Core/Src/stm32f4xx_it.o
                0x00000000080047d6                BusFault_Handler
 .text.UsageFault_Handler
                0x00000000080047dc        0x6 ./Core/Src/stm32f4xx_it.o
                0x00000000080047dc                UsageFault_Handler
 .text.SVC_Handler
                0x00000000080047e2        0xe ./Core/Src/stm32f4xx_it.o
                0x00000000080047e2                SVC_Handler
 .text.DebugMon_Handler
                0x00000000080047f0        0xe ./Core/Src/stm32f4xx_it.o
                0x00000000080047f0                DebugMon_Handler
 .text.PendSV_Handler
                0x00000000080047fe        0xe ./Core/Src/stm32f4xx_it.o
                0x00000000080047fe                PendSV_Handler
 .text.SysTick_Handler
                0x000000000800480c        0xc ./Core/Src/stm32f4xx_it.o
                0x000000000800480c                SysTick_Handler
 .text.TIM3_IRQHandler
                0x0000000008004818       0x14 ./Core/Src/stm32f4xx_it.o
                0x0000000008004818                TIM3_IRQHandler
 .text.SPI1_IRQHandler
                0x000000000800482c       0x14 ./Core/Src/stm32f4xx_it.o
                0x000000000800482c                SPI1_IRQHandler
 .text.USART1_IRQHandler
                0x0000000008004840       0x14 ./Core/Src/stm32f4xx_it.o
                0x0000000008004840                USART1_IRQHandler
 .text.USART2_IRQHandler
                0x0000000008004854       0x14 ./Core/Src/stm32f4xx_it.o
                0x0000000008004854                USART2_IRQHandler
 .text.USART3_IRQHandler
                0x0000000008004868       0x14 ./Core/Src/stm32f4xx_it.o
                0x0000000008004868                USART3_IRQHandler
 .text.UART4_IRQHandler
                0x000000000800487c       0x14 ./Core/Src/stm32f4xx_it.o
                0x000000000800487c                UART4_IRQHandler
 .text.UART5_IRQHandler
                0x0000000008004890       0x14 ./Core/Src/stm32f4xx_it.o
                0x0000000008004890                UART5_IRQHandler
 .text.USART6_IRQHandler
                0x00000000080048a4       0x14 ./Core/Src/stm32f4xx_it.o
                0x00000000080048a4                USART6_IRQHandler
 .text.UART7_IRQHandler
                0x00000000080048b8       0x14 ./Core/Src/stm32f4xx_it.o
                0x00000000080048b8                UART7_IRQHandler
 .text.UART8_IRQHandler
                0x00000000080048cc       0x14 ./Core/Src/stm32f4xx_it.o
                0x00000000080048cc                UART8_IRQHandler
 .text.SystemInit
                0x00000000080048e0       0x24 ./Core/Src/system_stm32f4xx.o
                0x00000000080048e0                SystemInit
 .text.Reset_Handler
                0x0000000008004904       0x50 ./Core/Startup/startup_stm32f429zitx.o
                0x0000000008004904                Reset_Handler
 .text.Default_Handler
                0x0000000008004954        0x2 ./Core/Startup/startup_stm32f429zitx.o
                0x0000000008004954                RTC_Alarm_IRQHandler
                0x0000000008004954                HASH_RNG_IRQHandler
                0x0000000008004954                EXTI2_IRQHandler
                0x0000000008004954                TIM8_CC_IRQHandler
                0x0000000008004954                SPI4_IRQHandler
                0x0000000008004954                TIM1_CC_IRQHandler
                0x0000000008004954                DMA2_Stream5_IRQHandler
                0x0000000008004954                DMA1_Stream5_IRQHandler
                0x0000000008004954                PVD_IRQHandler
                0x0000000008004954                SDIO_IRQHandler
                0x0000000008004954                TAMP_STAMP_IRQHandler
                0x0000000008004954                CAN2_RX1_IRQHandler
                0x0000000008004954                EXTI3_IRQHandler
                0x0000000008004954                TIM8_TRG_COM_TIM14_IRQHandler
                0x0000000008004954                TIM1_UP_TIM10_IRQHandler
                0x0000000008004954                TIM8_UP_TIM13_IRQHandler
                0x0000000008004954                I2C3_ER_IRQHandler
                0x0000000008004954                EXTI0_IRQHandler
                0x0000000008004954                I2C2_EV_IRQHandler
                0x0000000008004954                DMA1_Stream2_IRQHandler
                0x0000000008004954                CAN1_RX0_IRQHandler
                0x0000000008004954                FPU_IRQHandler
                0x0000000008004954                OTG_HS_WKUP_IRQHandler
                0x0000000008004954                LTDC_ER_IRQHandler
                0x0000000008004954                CAN2_SCE_IRQHandler
                0x0000000008004954                DMA2_Stream2_IRQHandler
                0x0000000008004954                TIM6_DAC_IRQHandler
                0x0000000008004954                TIM1_BRK_TIM9_IRQHandler
                0x0000000008004954                DCMI_IRQHandler
                0x0000000008004954                CAN2_RX0_IRQHandler
                0x0000000008004954                DMA2_Stream3_IRQHandler
                0x0000000008004954                CAN1_RX1_IRQHandler
                0x0000000008004954                DMA2_Stream0_IRQHandler
                0x0000000008004954                TIM4_IRQHandler
                0x0000000008004954                I2C1_EV_IRQHandler
                0x0000000008004954                DMA1_Stream6_IRQHandler
                0x0000000008004954                DMA1_Stream1_IRQHandler
                0x0000000008004954                RCC_IRQHandler
                0x0000000008004954                TIM8_BRK_TIM12_IRQHandler
                0x0000000008004954                Default_Handler
                0x0000000008004954                EXTI15_10_IRQHandler
                0x0000000008004954                ADC_IRQHandler
                0x0000000008004954                DMA1_Stream7_IRQHandler
                0x0000000008004954                SPI5_IRQHandler
                0x0000000008004954                TIM7_IRQHandler
                0x0000000008004954                CAN2_TX_IRQHandler
                0x0000000008004954                TIM5_IRQHandler
                0x0000000008004954                DMA2_Stream7_IRQHandler
                0x0000000008004954                I2C3_EV_IRQHandler
                0x0000000008004954                EXTI9_5_IRQHandler
                0x0000000008004954                RTC_WKUP_IRQHandler
                0x0000000008004954                LTDC_IRQHandler
                0x0000000008004954                ETH_WKUP_IRQHandler
                0x0000000008004954                SPI2_IRQHandler
                0x0000000008004954                OTG_HS_EP1_IN_IRQHandler
                0x0000000008004954                DMA1_Stream0_IRQHandler
                0x0000000008004954                CAN1_TX_IRQHandler
                0x0000000008004954                EXTI4_IRQHandler
                0x0000000008004954                ETH_IRQHandler
                0x0000000008004954                OTG_HS_EP1_OUT_IRQHandler
                0x0000000008004954                WWDG_IRQHandler
                0x0000000008004954                SPI6_IRQHandler
                0x0000000008004954                TIM2_IRQHandler
                0x0000000008004954                OTG_FS_WKUP_IRQHandler
                0x0000000008004954                TIM1_TRG_COM_TIM11_IRQHandler
                0x0000000008004954                OTG_HS_IRQHandler
                0x0000000008004954                DMA2D_IRQHandler
                0x0000000008004954                EXTI1_IRQHandler
                0x0000000008004954                I2C2_ER_IRQHandler
                0x0000000008004954                DMA2_Stream1_IRQHandler
                0x0000000008004954                CAN1_SCE_IRQHandler
                0x0000000008004954                FLASH_IRQHandler
                0x0000000008004954                DMA2_Stream4_IRQHandler
                0x0000000008004954                OTG_FS_IRQHandler
                0x0000000008004954                SPI3_IRQHandler
                0x0000000008004954                DMA1_Stream4_IRQHandler
                0x0000000008004954                I2C1_ER_IRQHandler
                0x0000000008004954                FMC_IRQHandler
                0x0000000008004954                DMA2_Stream6_IRQHandler
                0x0000000008004954                SAI1_IRQHandler
                0x0000000008004954                DMA1_Stream3_IRQHandler
 *fill*         0x0000000008004956        0x2 
 .text.HAL_Init
                0x0000000008004958       0x44 ./Drivers/STM32F4xx_HAL_Driver/Src/stm32f4xx_hal.o
                0x0000000008004958                HAL_Init
 .text.HAL_InitTick
                0x000000000800499c       0x60 ./Drivers/STM32F4xx_HAL_Driver/Src/stm32f4xx_hal.o
                0x000000000800499c                HAL_InitTick
 .text.HAL_IncTick
                0x00000000080049fc       0x28 ./Drivers/STM32F4xx_HAL_Driver/Src/stm32f4xx_hal.o
                0x00000000080049fc                HAL_IncTick
 .text.HAL_GetTick
                0x0000000008004a24       0x18 ./Drivers/STM32F4xx_HAL_Driver/Src/stm32f4xx_hal.o
                0x0000000008004a24                HAL_GetTick
 .text.HAL_Delay
                0x0000000008004a3c       0x48 ./Drivers/STM32F4xx_HAL_Driver/Src/stm32f4xx_hal.o
                0x0000000008004a3c                HAL_Delay
 .text.__NVIC_SetPriorityGrouping
                0x0000000008004a84       0x48 ./Drivers/STM32F4xx_HAL_Driver/Src/stm32f4xx_hal_cortex.o
 .text.__NVIC_GetPriorityGrouping
                0x0000000008004acc       0x1c ./Drivers/STM32F4xx_HAL_Driver/Src/stm32f4xx_hal_cortex.o
 .text.__NVIC_EnableIRQ
                0x0000000008004ae8       0x3c ./Drivers/STM32F4xx_HAL_Driver/Src/stm32f4xx_hal_cortex.o
 .text.__NVIC_SetPriority
                0x0000000008004b24       0x54 ./Drivers/STM32F4xx_HAL_Driver/Src/stm32f4xx_hal_cortex.o
 .text.NVIC_EncodePriority
                0x0000000008004b78       0x66 ./Drivers/STM32F4xx_HAL_Driver/Src/stm32f4xx_hal_cortex.o
 *fill*         0x0000000008004bde        0x2 
 .text.SysTick_Config
                0x0000000008004be0       0x44 ./Drivers/STM32F4xx_HAL_Driver/Src/stm32f4xx_hal_cortex.o
 .text.HAL_NVIC_SetPriorityGrouping
                0x0000000008004c24       0x16 ./Drivers/STM32F4xx_HAL_Driver/Src/stm32f4xx_hal_cortex.o
                0x0000000008004c24                HAL_NVIC_SetPriorityGrouping
 .text.HAL_NVIC_SetPriority
                0x0000000008004c3a       0x38 ./Drivers/STM32F4xx_HAL_Driver/Src/stm32f4xx_hal_cortex.o
                0x0000000008004c3a                HAL_NVIC_SetPriority
 .text.HAL_NVIC_EnableIRQ
                0x0000000008004c72       0x1c ./Drivers/STM32F4xx_HAL_Driver/Src/stm32f4xx_hal_cortex.o
                0x0000000008004c72                HAL_NVIC_EnableIRQ
 .text.HAL_SYSTICK_Config
                0x0000000008004c8e       0x18 ./Drivers/STM32F4xx_HAL_Driver/Src/stm32f4xx_hal_cortex.o
                0x0000000008004c8e                HAL_SYSTICK_Config
 .text.HAL_DMA_Abort
                0x0000000008004ca6       0xe0 ./Drivers/STM32F4xx_HAL_Driver/Src/stm32f4xx_hal_dma.o
                0x0000000008004ca6                HAL_DMA_Abort
 .text.HAL_DMA_Abort_IT
                0x0000000008004d86       0x44 ./Drivers/STM32F4xx_HAL_Driver/Src/stm32f4xx_hal_dma.o
                0x0000000008004d86                HAL_DMA_Abort_IT
 *fill*         0x0000000008004dca        0x2 
 .text.HAL_GPIO_Init
                0x0000000008004dcc      0x358 ./Drivers/STM32F4xx_HAL_Driver/Src/stm32f4xx_hal_gpio.o
                0x0000000008004dcc                HAL_GPIO_Init
 .text.HAL_GPIO_ReadPin
                0x0000000008005124       0x30 ./Drivers/STM32F4xx_HAL_Driver/Src/stm32f4xx_hal_gpio.o
                0x0000000008005124                HAL_GPIO_ReadPin
 .text.HAL_GPIO_WritePin
                0x0000000008005154       0x32 ./Drivers/STM32F4xx_HAL_Driver/Src/stm32f4xx_hal_gpio.o
                0x0000000008005154                HAL_GPIO_WritePin
 .text.HAL_GPIO_TogglePin
                0x0000000008005186       0x34 ./Drivers/STM32F4xx_HAL_Driver/Src/stm32f4xx_hal_gpio.o
                0x0000000008005186                HAL_GPIO_TogglePin
 *fill*         0x00000000080051ba        0x2 
 .text.HAL_PWREx_EnableOverDrive
                0x00000000080051bc       0xa0 ./Drivers/STM32F4xx_HAL_Driver/Src/stm32f4xx_hal_pwr_ex.o
                0x00000000080051bc                HAL_PWREx_EnableOverDrive
 .text.HAL_RCC_OscConfig
                0x000000000800525c      0x4f0 ./Drivers/STM32F4xx_HAL_Driver/Src/stm32f4xx_hal_rcc.o
                0x000000000800525c                HAL_RCC_OscConfig
 .text.HAL_RCC_ClockConfig
                0x000000000800574c      0x1cc ./Drivers/STM32F4xx_HAL_Driver/Src/stm32f4xx_hal_rcc.o
                0x000000000800574c                HAL_RCC_ClockConfig
 .text.HAL_RCC_GetSysClockFreq
                0x0000000008005918      0x20c ./Drivers/STM32F4xx_HAL_Driver/Src/stm32f4xx_hal_rcc.o
                0x0000000008005918                HAL_RCC_GetSysClockFreq
 .text.HAL_RCC_GetHCLKFreq
                0x0000000008005b24       0x18 ./Drivers/STM32F4xx_HAL_Driver/Src/stm32f4xx_hal_rcc.o
                0x0000000008005b24                HAL_RCC_GetHCLKFreq
 .text.HAL_RCC_GetPCLK1Freq
                0x0000000008005b3c       0x28 ./Drivers/STM32F4xx_HAL_Driver/Src/stm32f4xx_hal_rcc.o
                0x0000000008005b3c                HAL_RCC_GetPCLK1Freq
 .text.HAL_RCC_GetPCLK2Freq
                0x0000000008005b64       0x28 ./Drivers/STM32F4xx_HAL_Driver/Src/stm32f4xx_hal_rcc.o
                0x0000000008005b64                HAL_RCC_GetPCLK2Freq
 .text.HAL_RNG_Init
                0x0000000008005b8c       0x54 ./Drivers/STM32F4xx_HAL_Driver/Src/stm32f4xx_hal_rng.o
                0x0000000008005b8c                HAL_RNG_Init
 .text.HAL_RNG_GenerateRandomNumber
                0x0000000008005be0       0xac ./Drivers/STM32F4xx_HAL_Driver/Src/stm32f4xx_hal_rng.o
                0x0000000008005be0                HAL_RNG_GenerateRandomNumber
 .text.HAL_RNG_GetRandomNumber
                0x0000000008005c8c       0x2a ./Drivers/STM32F4xx_HAL_Driver/Src/stm32f4xx_hal_rng.o
                0x0000000008005c8c                HAL_RNG_GetRandomNumber
 .text.HAL_SPI_Init
                0x0000000008005cb6      0x112 ./Drivers/STM32F4xx_HAL_Driver/Src/stm32f4xx_hal_spi.o
                0x0000000008005cb6                HAL_SPI_Init
 .text.HAL_SPI_TransmitReceive
                0x0000000008005dc8      0x360 ./Drivers/STM32F4xx_HAL_Driver/Src/stm32f4xx_hal_spi.o
                0x0000000008005dc8                HAL_SPI_TransmitReceive
 .text.HAL_SPI_Transmit_IT
                0x0000000008006128      0x110 ./Drivers/STM32F4xx_HAL_Driver/Src/stm32f4xx_hal_spi.o
                0x0000000008006128                HAL_SPI_Transmit_IT
 .text.HAL_SPI_TransmitReceive_IT
                0x0000000008006238      0x124 ./Drivers/STM32F4xx_HAL_Driver/Src/stm32f4xx_hal_spi.o
                0x0000000008006238                HAL_SPI_TransmitReceive_IT
 .text.HAL_SPI_IRQHandler
                0x000000000800635c      0x1e8 ./Drivers/STM32F4xx_HAL_Driver/Src/stm32f4xx_hal_spi.o
                0x000000000800635c                HAL_SPI_IRQHandler
 .text.HAL_SPI_TxCpltCallback
                0x0000000008006544       0x14 ./Drivers/STM32F4xx_HAL_Driver/Src/stm32f4xx_hal_spi.o
                0x0000000008006544                HAL_SPI_TxCpltCallback
 .text.HAL_SPI_RxCpltCallback
                0x0000000008006558       0x14 ./Drivers/STM32F4xx_HAL_Driver/Src/stm32f4xx_hal_spi.o
                0x0000000008006558                HAL_SPI_RxCpltCallback
 .text.HAL_SPI_TxRxCpltCallback
                0x000000000800656c       0x14 ./Drivers/STM32F4xx_HAL_Driver/Src/stm32f4xx_hal_spi.o
                0x000000000800656c                HAL_SPI_TxRxCpltCallback
 .text.HAL_SPI_ErrorCallback
                0x0000000008006580       0x14 ./Drivers/STM32F4xx_HAL_Driver/Src/stm32f4xx_hal_spi.o
                0x0000000008006580                HAL_SPI_ErrorCallback
 .text.SPI_DMAAbortOnError
                0x0000000008006594       0x28 ./Drivers/STM32F4xx_HAL_Driver/Src/stm32f4xx_hal_spi.o
 .text.SPI_2linesRxISR_8BIT
                0x00000000080065bc       0x64 ./Drivers/STM32F4xx_HAL_Driver/Src/stm32f4xx_hal_spi.o
 .text.SPI_2linesTxISR_8BIT
                0x0000000008006620       0x60 ./Drivers/STM32F4xx_HAL_Driver/Src/stm32f4xx_hal_spi.o
 .text.SPI_2linesRxISR_16BIT
                0x0000000008006680       0x60 ./Drivers/STM32F4xx_HAL_Driver/Src/stm32f4xx_hal_spi.o
 .text.SPI_2linesTxISR_16BIT
                0x00000000080066e0       0x5e ./Drivers/STM32F4xx_HAL_Driver/Src/stm32f4xx_hal_spi.o
 .text.SPI_TxISR_8BIT
                0x000000000800673e       0x46 ./Drivers/STM32F4xx_HAL_Driver/Src/stm32f4xx_hal_spi.o
 .text.SPI_TxISR_16BIT
                0x0000000008006784       0x44 ./Drivers/STM32F4xx_HAL_Driver/Src/stm32f4xx_hal_spi.o
 .text.SPI_WaitFlagStateUntilTimeout
                0x00000000080067c8      0x110 ./Drivers/STM32F4xx_HAL_Driver/Src/stm32f4xx_hal_spi.o
 .text.SPI_EndRxTxTransaction
                0x00000000080068d8       0xa8 ./Drivers/STM32F4xx_HAL_Driver/Src/stm32f4xx_hal_spi.o
 .text.SPI_CloseRxTx_ISR
                0x0000000008006980       0xe8 ./Drivers/STM32F4xx_HAL_Driver/Src/stm32f4xx_hal_spi.o
 .text.SPI_CloseTx_ISR
                0x0000000008006a68       0xc4 ./Drivers/STM32F4xx_HAL_Driver/Src/stm32f4xx_hal_spi.o
 .text.HAL_TIM_Base_Init
                0x0000000008006b2c       0x9e ./Drivers/STM32F4xx_HAL_Driver/Src/stm32f4xx_hal_tim.o
                0x0000000008006b2c                HAL_TIM_Base_Init
 *fill*         0x0000000008006bca        0x2 
 .text.HAL_TIM_Base_Start_IT
                0x0000000008006bcc       0xe0 ./Drivers/STM32F4xx_HAL_Driver/Src/stm32f4xx_hal_tim.o
                0x0000000008006bcc                HAL_TIM_Base_Start_IT
 .text.HAL_TIM_IRQHandler
                0x0000000008006cac      0x1e0 ./Drivers/STM32F4xx_HAL_Driver/Src/stm32f4xx_hal_tim.o
                0x0000000008006cac                HAL_TIM_IRQHandler
 .text.HAL_TIM_ConfigClockSource
                0x0000000008006e8c      0x18e ./Drivers/STM32F4xx_HAL_Driver/Src/stm32f4xx_hal_tim.o
                0x0000000008006e8c                HAL_TIM_ConfigClockSource
 .text.HAL_TIM_OC_DelayElapsedCallback
                0x000000000800701a       0x14 ./Drivers/STM32F4xx_HAL_Driver/Src/stm32f4xx_hal_tim.o
                0x000000000800701a                HAL_TIM_OC_DelayElapsedCallback
 .text.HAL_TIM_IC_CaptureCallback
                0x000000000800702e       0x14 ./Drivers/STM32F4xx_HAL_Driver/Src/stm32f4xx_hal_tim.o
                0x000000000800702e                HAL_TIM_IC_CaptureCallback
 .text.HAL_TIM_PWM_PulseFinishedCallback
                0x0000000008007042       0x14 ./Drivers/STM32F4xx_HAL_Driver/Src/stm32f4xx_hal_tim.o
                0x0000000008007042                HAL_TIM_PWM_PulseFinishedCallback
 .text.HAL_TIM_TriggerCallback
                0x0000000008007056       0x14 ./Drivers/STM32F4xx_HAL_Driver/Src/stm32f4xx_hal_tim.o
                0x0000000008007056                HAL_TIM_TriggerCallback
 *fill*         0x000000000800706a        0x2 
 .text.TIM_Base_SetConfig
                0x000000000800706c      0x158 ./Drivers/STM32F4xx_HAL_Driver/Src/stm32f4xx_hal_tim.o
                0x000000000800706c                TIM_Base_SetConfig
 .text.TIM_TI1_ConfigInputStage
                0x00000000080071c4       0x5e ./Drivers/STM32F4xx_HAL_Driver/Src/stm32f4xx_hal_tim.o
 .text.TIM_TI2_ConfigInputStage
                0x0000000008007222       0x60 ./Drivers/STM32F4xx_HAL_Driver/Src/stm32f4xx_hal_tim.o
 .text.TIM_ITRx_SetConfig
                0x0000000008007282       0x36 ./Drivers/STM32F4xx_HAL_Driver/Src/stm32f4xx_hal_tim.o
 .text.TIM_ETR_SetConfig
                0x00000000080072b8       0x40 ./Drivers/STM32F4xx_HAL_Driver/Src/stm32f4xx_hal_tim.o
                0x00000000080072b8                TIM_ETR_SetConfig
 .text.HAL_TIMEx_MasterConfigSynchronization
                0x00000000080072f8       0xf8 ./Drivers/STM32F4xx_HAL_Driver/Src/stm32f4xx_hal_tim_ex.o
                0x00000000080072f8                HAL_TIMEx_MasterConfigSynchronization
 .text.HAL_TIMEx_CommutCallback
                0x00000000080073f0       0x14 ./Drivers/STM32F4xx_HAL_Driver/Src/stm32f4xx_hal_tim_ex.o
                0x00000000080073f0                HAL_TIMEx_CommutCallback
 .text.HAL_TIMEx_BreakCallback
                0x0000000008007404       0x14 ./Drivers/STM32F4xx_HAL_Driver/Src/stm32f4xx_hal_tim_ex.o
                0x0000000008007404                HAL_TIMEx_BreakCallback
 .text.HAL_UART_Init
                0x0000000008007418       0xa0 ./Drivers/STM32F4xx_HAL_Driver/Src/stm32f4xx_hal_uart.o
                0x0000000008007418                HAL_UART_Init
 .text.HAL_UART_Receive_IT
                0x00000000080074b8       0x4a ./Drivers/STM32F4xx_HAL_Driver/Src/stm32f4xx_hal_uart.o
                0x00000000080074b8                HAL_UART_Receive_IT
 *fill*         0x0000000008007502        0x2 
 .text.HAL_UART_IRQHandler
                0x0000000008007504      0x524 ./Drivers/STM32F4xx_HAL_Driver/Src/stm32f4xx_hal_uart.o
                0x0000000008007504                HAL_UART_IRQHandler
 .text.HAL_UART_TxCpltCallback
                0x0000000008007a28       0x14 ./Drivers/STM32F4xx_HAL_Driver/Src/stm32f4xx_hal_uart.o
                0x0000000008007a28                HAL_UART_TxCpltCallback
 .text.HAL_UART_ErrorCallback
                0x0000000008007a3c       0x14 ./Drivers/STM32F4xx_HAL_Driver/Src/stm32f4xx_hal_uart.o
                0x0000000008007a3c                HAL_UART_ErrorCallback
 .text.HAL_UARTEx_RxEventCallback
                0x0000000008007a50       0x18 ./Drivers/STM32F4xx_HAL_Driver/Src/stm32f4xx_hal_uart.o
                0x0000000008007a50                HAL_UARTEx_RxEventCallback
 .text.UART_Start_Receive_IT
                0x0000000008007a68       0x74 ./Drivers/STM32F4xx_HAL_Driver/Src/stm32f4xx_hal_uart.o
                0x0000000008007a68                UART_Start_Receive_IT
 .text.UART_EndRxTransfer
                0x0000000008007adc       0xc6 ./Drivers/STM32F4xx_HAL_Driver/Src/stm32f4xx_hal_uart.o
 .text.UART_DMAAbortOnError
                0x0000000008007ba2       0x28 ./Drivers/STM32F4xx_HAL_Driver/Src/stm32f4xx_hal_uart.o
 .text.UART_Transmit_IT
                0x0000000008007bca       0xa0 ./Drivers/STM32F4xx_HAL_Driver/Src/stm32f4xx_hal_uart.o
 .text.UART_EndTransmit_IT
                0x0000000008007c6a       0x30 ./Drivers/STM32F4xx_HAL_Driver/Src/stm32f4xx_hal_uart.o
 .text.UART_Receive_IT
                0x0000000008007c9a      0x17c ./Drivers/STM32F4xx_HAL_Driver/Src/stm32f4xx_hal_uart.o
 *fill*         0x0000000008007e16        0x2 
 .text.UART_SetConfig
                0x0000000008007e18      0x4e8 ./Drivers/STM32F4xx_HAL_Driver/Src/stm32f4xx_hal_uart.o
 .text.memset   0x0000000008008300       0x10 C:/ST/STM32CubeIDE_1.14.0/STM32CubeIDE/plugins/com.st.stm32cube.ide.mcu.externaltools.gnu-tools-for-stm32.11.3.rel1.win32_1.1.100.202309141235/tools/bin/../lib/gcc/arm-none-eabi/11.3.1/../../../../arm-none-eabi/lib/thumb/v7e-m+fp/hard\libc_nano.a(libc_a-memset.o)
                0x0000000008008300                memset
 .text.__libc_init_array
                0x0000000008008310       0x48 C:/ST/STM32CubeIDE_1.14.0/STM32CubeIDE/plugins/com.st.stm32cube.ide.mcu.externaltools.gnu-tools-for-stm32.11.3.rel1.win32_1.1.100.202309141235/tools/bin/../lib/gcc/arm-none-eabi/11.3.1/../../../../arm-none-eabi/lib/thumb/v7e-m+fp/hard\libc_nano.a(libc_a-init.o)
                0x0000000008008310                __libc_init_array
 .text.memcpy   0x0000000008008358       0x1c C:/ST/STM32CubeIDE_1.14.0/STM32CubeIDE/plugins/com.st.stm32cube.ide.mcu.externaltools.gnu-tools-for-stm32.11.3.rel1.win32_1.1.100.202309141235/tools/bin/../lib/gcc/arm-none-eabi/11.3.1/../../../../arm-none-eabi/lib/thumb/v7e-m+fp/hard\libc_nano.a(libc_a-memcpy-stub.o)
                0x0000000008008358                memcpy
 *(.glue_7)
 .glue_7        0x0000000008008374        0x0 linker stubs
 *(.glue_7t)
 .glue_7t       0x0000000008008374        0x0 linker stubs
 *(.eh_frame)
 .eh_frame      0x0000000008008374        0x0 C:/ST/STM32CubeIDE_1.14.0/STM32CubeIDE/plugins/com.st.stm32cube.ide.mcu.externaltools.gnu-tools-for-stm32.11.3.rel1.win32_1.1.100.202309141235/tools/bin/../lib/gcc/arm-none-eabi/11.3.1/thumb/v7e-m+fp/hard/crtbegin.o
 *(.init)
 .init          0x0000000008008374        0x4 C:/ST/STM32CubeIDE_1.14.0/STM32CubeIDE/plugins/com.st.stm32cube.ide.mcu.externaltools.gnu-tools-for-stm32.11.3.rel1.win32_1.1.100.202309141235/tools/bin/../lib/gcc/arm-none-eabi/11.3.1/thumb/v7e-m+fp/hard/crti.o
                0x0000000008008374                _init
 .init          0x0000000008008378        0x8 C:/ST/STM32CubeIDE_1.14.0/STM32CubeIDE/plugins/com.st.stm32cube.ide.mcu.externaltools.gnu-tools-for-stm32.11.3.rel1.win32_1.1.100.202309141235/tools/bin/../lib/gcc/arm-none-eabi/11.3.1/thumb/v7e-m+fp/hard/crtn.o
 *(.fini)
 .fini          0x0000000008008380        0x4 C:/ST/STM32CubeIDE_1.14.0/STM32CubeIDE/plugins/com.st.stm32cube.ide.mcu.externaltools.gnu-tools-for-stm32.11.3.rel1.win32_1.1.100.202309141235/tools/bin/../lib/gcc/arm-none-eabi/11.3.1/thumb/v7e-m+fp/hard/crti.o
                0x0000000008008380                _fini
 .fini          0x0000000008008384        0x8 C:/ST/STM32CubeIDE_1.14.0/STM32CubeIDE/plugins/com.st.stm32cube.ide.mcu.externaltools.gnu-tools-for-stm32.11.3.rel1.win32_1.1.100.202309141235/tools/bin/../lib/gcc/arm-none-eabi/11.3.1/thumb/v7e-m+fp/hard/crtn.o
                0x000000000800838c                . = ALIGN (0x4)
                0x000000000800838c                _etext = .

.vfp11_veneer   0x000000000800838c        0x0
 .vfp11_veneer  0x000000000800838c        0x0 linker stubs

.v4_bx          0x000000000800838c        0x0
 .v4_bx         0x000000000800838c        0x0 linker stubs

.iplt           0x000000000800838c        0x0
 .iplt          0x000000000800838c        0x0 C:/ST/STM32CubeIDE_1.14.0/STM32CubeIDE/plugins/com.st.stm32cube.ide.mcu.externaltools.gnu-tools-for-stm32.11.3.rel1.win32_1.1.100.202309141235/tools/bin/../lib/gcc/arm-none-eabi/11.3.1/thumb/v7e-m+fp/hard/crtbegin.o

.rodata         0x000000000800838c       0x18
                0x000000000800838c                . = ALIGN (0x4)
 *(.rodata)
 *(.rodata*)
 .rodata.AHBPrescTable
                0x000000000800838c       0x10 ./Core/Src/system_stm32f4xx.o
                0x000000000800838c                AHBPrescTable
 .rodata.APBPrescTable
                0x000000000800839c        0x8 ./Core/Src/system_stm32f4xx.o
                0x000000000800839c                APBPrescTable
                0x00000000080083a4                . = ALIGN (0x4)

.ARM.extab      0x00000000080083a4        0x0
                0x00000000080083a4                . = ALIGN (0x4)
 *(.ARM.extab* .gnu.linkonce.armextab.*)
                0x00000000080083a4                . = ALIGN (0x4)

.ARM            0x00000000080083a4        0x8
                0x00000000080083a4                . = ALIGN (0x4)
                0x00000000080083a4                __exidx_start = .
 *(.ARM.exidx*)
 .ARM.exidx     0x00000000080083a4        0x8 C:/ST/STM32CubeIDE_1.14.0/STM32CubeIDE/plugins/com.st.stm32cube.ide.mcu.externaltools.gnu-tools-for-stm32.11.3.rel1.win32_1.1.100.202309141235/tools/bin/../lib/gcc/arm-none-eabi/11.3.1/thumb/v7e-m+fp/hard\libgcc.a(_udivmoddi4.o)
                0x00000000080083ac                __exidx_end = .
                0x00000000080083ac                . = ALIGN (0x4)

.rel.dyn        0x00000000080083ac        0x0
 .rel.iplt      0x00000000080083ac        0x0 C:/ST/STM32CubeIDE_1.14.0/STM32CubeIDE/plugins/com.st.stm32cube.ide.mcu.externaltools.gnu-tools-for-stm32.11.3.rel1.win32_1.1.100.202309141235/tools/bin/../lib/gcc/arm-none-eabi/11.3.1/thumb/v7e-m+fp/hard/crtbegin.o

.preinit_array  0x00000000080083ac        0x0
                0x00000000080083ac                . = ALIGN (0x4)
                0x00000000080083ac                PROVIDE (__preinit_array_start = .)
 *(.preinit_array*)
                0x00000000080083ac                PROVIDE (__preinit_array_end = .)
                0x00000000080083ac                . = ALIGN (0x4)

.init_array     0x00000000080083ac        0x4
                0x00000000080083ac                . = ALIGN (0x4)
                0x00000000080083ac                PROVIDE (__init_array_start = .)
 *(SORT_BY_NAME(.init_array.*))
 *(.init_array*)
 .init_array    0x00000000080083ac        0x4 C:/ST/STM32CubeIDE_1.14.0/STM32CubeIDE/plugins/com.st.stm32cube.ide.mcu.externaltools.gnu-tools-for-stm32.11.3.rel1.win32_1.1.100.202309141235/tools/bin/../lib/gcc/arm-none-eabi/11.3.1/thumb/v7e-m+fp/hard/crtbegin.o
                0x00000000080083b0                PROVIDE (__init_array_end = .)
                0x00000000080083b0                . = ALIGN (0x4)

.fini_array     0x00000000080083b0        0x4
                0x00000000080083b0                . = ALIGN (0x4)
                [!provide]                        PROVIDE (__fini_array_start = .)
 *(SORT_BY_NAME(.fini_array.*))
 *(.fini_array*)
 .fini_array    0x00000000080083b0        0x4 C:/ST/STM32CubeIDE_1.14.0/STM32CubeIDE/plugins/com.st.stm32cube.ide.mcu.externaltools.gnu-tools-for-stm32.11.3.rel1.win32_1.1.100.202309141235/tools/bin/../lib/gcc/arm-none-eabi/11.3.1/thumb/v7e-m+fp/hard/crtbegin.o
                [!provide]                        PROVIDE (__fini_array_end = .)
                0x00000000080083b4                . = ALIGN (0x4)
                0x00000000080083b4                _sidata = LOADADDR (.data)

.data           0x0000000020000000       0x54 load address 0x00000000080083b4
                0x0000000020000000                . = ALIGN (0x4)
                0x0000000020000000                _sdata = .
 *(.data)
 *(.data*)
 .data._data_   0x0000000020000000       0x1e ./Core/Src/main.o
 *fill*         0x000000002000001e        0x2 
 .data.UARTI2CSPI_OSCILATOR_FREQ
                0x0000000020000020        0x4 ./Core/Src/main.o
                0x0000000020000020                UARTI2CSPI_OSCILATOR_FREQ
 .data.UARTI2CSPI_PRESCALER_DEF
                0x0000000020000024        0x4 ./Core/Src/main.o
                0x0000000020000024                UARTI2CSPI_PRESCALER_DEF
 .data.max.93   0x0000000020000028        0x4 ./Core/Src/main.o
 .data.max.89   0x000000002000002c        0x4 ./Core/Src/main.o
 .data.max.85   0x0000000020000030        0x4 ./Core/Src/main.o
 .data.max.81   0x0000000020000034        0x4 ./Core/Src/main.o
 .data.max.77   0x0000000020000038        0x4 ./Core/Src/main.o
 .data.max.73   0x000000002000003c        0x4 ./Core/Src/main.o
 .data.max.69   0x0000000020000040        0x4 ./Core/Src/main.o
 .data.max.65   0x0000000020000044        0x4 ./Core/Src/main.o
 .data.SystemCoreClock
                0x0000000020000048        0x4 ./Core/Src/system_stm32f4xx.o
                0x0000000020000048                SystemCoreClock
 .data.uwTickPrio
                0x000000002000004c        0x4 ./Drivers/STM32F4xx_HAL_Driver/Src/stm32f4xx_hal.o
                0x000000002000004c                uwTickPrio
 .data.uwTickFreq
                0x0000000020000050        0x1 ./Drivers/STM32F4xx_HAL_Driver/Src/stm32f4xx_hal.o
                0x0000000020000050                uwTickFreq
 *(.RamFunc)
 *(.RamFunc*)
                0x0000000020000054                . = ALIGN (0x4)
 *fill*         0x0000000020000051        0x3 
                0x0000000020000054                _edata = .
                0x0000000008008408                _siccmram = LOADADDR (.ccmram)

.igot.plt       0x0000000020000054        0x0 load address 0x0000000008008408
 .igot.plt      0x0000000020000054        0x0 C:/ST/STM32CubeIDE_1.14.0/STM32CubeIDE/plugins/com.st.stm32cube.ide.mcu.externaltools.gnu-tools-for-stm32.11.3.rel1.win32_1.1.100.202309141235/tools/bin/../lib/gcc/arm-none-eabi/11.3.1/thumb/v7e-m+fp/hard/crtbegin.o

.ccmram         0x0000000010000000        0x0 load address 0x0000000008008408
                0x0000000010000000                . = ALIGN (0x4)
                0x0000000010000000                _sccmram = .
 *(.ccmram)
 *(.ccmram*)
                0x0000000010000000                . = ALIGN (0x4)
                0x0000000010000000                _eccmram = .
                0x0000000010000000                . = ALIGN (0x4)

.bss            0x0000000020000054     0x12d0
                0x0000000020000054                _sbss = .
                0x0000000020000054                __bss_start__ = _sbss
 *(.bss)
 .bss           0x0000000020000054       0x1c C:/ST/STM32CubeIDE_1.14.0/STM32CubeIDE/plugins/com.st.stm32cube.ide.mcu.externaltools.gnu-tools-for-stm32.11.3.rel1.win32_1.1.100.202309141235/tools/bin/../lib/gcc/arm-none-eabi/11.3.1/thumb/v7e-m+fp/hard/crtbegin.o
 *(.bss*)
 .bss.hrng      0x0000000020000070       0x10 ./Core/Src/main.o
                0x0000000020000070                hrng
 .bss.hspi1     0x0000000020000080       0x58 ./Core/Src/main.o
                0x0000000020000080                hspi1
 .bss.htim3     0x00000000200000d8       0x48 ./Core/Src/main.o
                0x00000000200000d8                htim3
 .bss.huart4    0x0000000020000120       0x48 ./Core/Src/main.o
                0x0000000020000120                huart4
 .bss.huart5    0x0000000020000168       0x48 ./Core/Src/main.o
                0x0000000020000168                huart5
 .bss.huart7    0x00000000200001b0       0x48 ./Core/Src/main.o
                0x00000000200001b0                huart7
 .bss.huart8    0x00000000200001f8       0x48 ./Core/Src/main.o
                0x00000000200001f8                huart8
 .bss.huart1    0x0000000020000240       0x48 ./Core/Src/main.o
                0x0000000020000240                huart1
 .bss.huart2    0x0000000020000288       0x48 ./Core/Src/main.o
                0x0000000020000288                huart2
 .bss.huart3    0x00000000200002d0       0x48 ./Core/Src/main.o
                0x00000000200002d0                huart3
 .bss.huart6    0x0000000020000318       0x48 ./Core/Src/main.o
                0x0000000020000318                huart6
 .bss._flag_transmit
                0x0000000020000360        0x1 ./Core/Src/main.o
 *fill*         0x0000000020000361        0x3 
 .bss.g_uart1_rxringbuf
                0x0000000020000364       0x14 ./Core/Src/main.o
 .bss.g_uart1_rxbuf
                0x0000000020000378      0x100 ./Core/Src/main.o
 .bss.g_uart2_rxringbuf
                0x0000000020000478       0x14 ./Core/Src/main.o
 .bss.g_uart2_rxbuf
                0x000000002000048c      0x100 ./Core/Src/main.o
 .bss.g_uart3_rxringbuf
                0x000000002000058c       0x14 ./Core/Src/main.o
 .bss.g_uart3_rxbuf
                0x00000000200005a0      0x100 ./Core/Src/main.o
 .bss.g_uart4_rxringbuf
                0x00000000200006a0       0x14 ./Core/Src/main.o
 .bss.g_uart4_rxbuf
                0x00000000200006b4      0x100 ./Core/Src/main.o
 .bss.g_uart5_rxringbuf
                0x00000000200007b4       0x14 ./Core/Src/main.o
 .bss.g_uart5_rxbuf
                0x00000000200007c8      0x100 ./Core/Src/main.o
 .bss.g_uart6_rxringbuf
                0x00000000200008c8       0x14 ./Core/Src/main.o
 .bss.g_uart6_rxbuf
                0x00000000200008dc      0x100 ./Core/Src/main.o
 .bss.g_uart7_rxringbuf
                0x00000000200009dc       0x14 ./Core/Src/main.o
 .bss.g_uart7_rxbuf
                0x00000000200009f0      0x100 ./Core/Src/main.o
 .bss.g_uart8_rxringbuf
                0x0000000020000af0       0x14 ./Core/Src/main.o
 .bss.g_uart8_rxbuf
                0x0000000020000b04      0x100 ./Core/Src/main.o
 .bss.COM1_data
                0x0000000020000c04        0x1 ./Core/Src/main.o
 .bss.COM2_data
                0x0000000020000c05        0x1 ./Core/Src/main.o
 .bss.COM3_data
                0x0000000020000c06        0x1 ./Core/Src/main.o
 .bss.COM4_data
                0x0000000020000c07        0x1 ./Core/Src/main.o
 .bss.COM5_data
                0x0000000020000c08        0x1 ./Core/Src/main.o
 .bss.COM6_data
                0x0000000020000c09        0x1 ./Core/Src/main.o
 .bss.COM7_data
                0x0000000020000c0a        0x1 ./Core/Src/main.o
 .bss.COM8_data
                0x0000000020000c0b        0x1 ./Core/Src/main.o
 .bss._DG_tx_buf
                0x0000000020000c0c      0x10e ./Core/Src/main.o
 *fill*         0x0000000020000d1a        0x2 
 .bss._timer_count_0020_msec
                0x0000000020000d1c        0x4 ./Core/Src/main.o
 .bss._COM1_rx_timeout_count
                0x0000000020000d20        0x4 ./Core/Src/main.o
 .bss._COM2_rx_timeout_count
                0x0000000020000d24        0x4 ./Core/Src/main.o
 .bss._COM3_rx_timeout_count
                0x0000000020000d28        0x4 ./Core/Src/main.o
 .bss._COM4_rx_timeout_count
                0x0000000020000d2c        0x4 ./Core/Src/main.o
 .bss._COM5_rx_timeout_count
                0x0000000020000d30        0x4 ./Core/Src/main.o
 .bss._COM6_rx_timeout_count
                0x0000000020000d34        0x4 ./Core/Src/main.o
 .bss._COM7_rx_timeout_count
                0x0000000020000d38        0x4 ./Core/Src/main.o
 .bss._COM8_rx_timeout_count
                0x0000000020000d3c        0x4 ./Core/Src/main.o
 .bss._COM1_tx_timeout_count
                0x0000000020000d40        0x4 ./Core/Src/main.o
 .bss._COM2_tx_timeout_count
                0x0000000020000d44        0x4 ./Core/Src/main.o
 .bss._COM3_tx_timeout_count
                0x0000000020000d48        0x4 ./Core/Src/main.o
 .bss._COM4_tx_timeout_count
                0x0000000020000d4c        0x4 ./Core/Src/main.o
 .bss._COM5_tx_timeout_count
                0x0000000020000d50        0x4 ./Core/Src/main.o
 .bss._COM6_tx_timeout_count
                0x0000000020000d54        0x4 ./Core/Src/main.o
 .bss._COM7_tx_timeout_count
                0x0000000020000d58        0x4 ./Core/Src/main.o
 .bss._COM8_tx_timeout_count
                0x0000000020000d5c        0x4 ./Core/Src/main.o
 .bss.buf.92    0x0000000020000d60       0x2e ./Core/Src/main.o
 .bss.size.91   0x0000000020000d8e        0x1 ./Core/Src/main.o
 *fill*         0x0000000020000d8f        0x1 
 .bss.offset.90
                0x0000000020000d90        0x4 ./Core/Src/main.o
 .bss.buf.88    0x0000000020000d94       0x2e ./Core/Src/main.o
 .bss.size.87   0x0000000020000dc2        0x1 ./Core/Src/main.o
 *fill*         0x0000000020000dc3        0x1 
 .bss.offset.86
                0x0000000020000dc4        0x4 ./Core/Src/main.o
 .bss.buf.84    0x0000000020000dc8       0x2e ./Core/Src/main.o
 .bss.size.83   0x0000000020000df6        0x1 ./Core/Src/main.o
 *fill*         0x0000000020000df7        0x1 
 .bss.offset.82
                0x0000000020000df8        0x4 ./Core/Src/main.o
 .bss.buf.80    0x0000000020000dfc       0x2e ./Core/Src/main.o
 .bss.size.79   0x0000000020000e2a        0x1 ./Core/Src/main.o
 *fill*         0x0000000020000e2b        0x1 
 .bss.offset.78
                0x0000000020000e2c        0x4 ./Core/Src/main.o
 .bss.buf.76    0x0000000020000e30       0x2e ./Core/Src/main.o
 .bss.size.75   0x0000000020000e5e        0x1 ./Core/Src/main.o
 *fill*         0x0000000020000e5f        0x1 
 .bss.offset.74
                0x0000000020000e60        0x4 ./Core/Src/main.o
 .bss.buf.72    0x0000000020000e64       0x2e ./Core/Src/main.o
 .bss.size.71   0x0000000020000e92        0x1 ./Core/Src/main.o
 *fill*         0x0000000020000e93        0x1 
 .bss.offset.70
                0x0000000020000e94        0x4 ./Core/Src/main.o
 .bss.buf.68    0x0000000020000e98       0x2e ./Core/Src/main.o
 .bss.size.67   0x0000000020000ec6        0x1 ./Core/Src/main.o
 *fill*         0x0000000020000ec7        0x1 
 .bss.offset.66
                0x0000000020000ec8        0x4 ./Core/Src/main.o
 .bss.buf.64    0x0000000020000ecc       0x2e ./Core/Src/main.o
 .bss.size.63   0x0000000020000efa        0x1 ./Core/Src/main.o
 *fill*         0x0000000020000efb        0x1 
 .bss.offset.62
                0x0000000020000efc        0x4 ./Core/Src/main.o
 .bss.chk.61    0x0000000020000f00        0x1 ./Core/Src/main.o
 *fill*         0x0000000020000f01        0x3 
 .bss.parsebuf.60
                0x0000000020000f04       0x2e ./Core/Src/main.o
 .bss.bootup_flag.59
                0x0000000020000f32        0x1 ./Core/Src/main.o
 *fill*         0x0000000020000f33        0x1 
 .bss.prev_parsebuf.58
                0x0000000020000f34       0x2e ./Core/Src/main.o
 .bss.i.57      0x0000000020000f62        0x1 ./Core/Src/main.o
 *fill*         0x0000000020000f63        0x1 
 .bss.val_savebuf.56
                0x0000000020000f64       0x1a ./Core/Src/main.o
 *fill*         0x0000000020000f7e        0x2 
 .bss.hax_val_savebuf.55
                0x0000000020000f80        0x2 ./Core/Src/main.o
 .bss.chk.54    0x0000000020000f82        0x1 ./Core/Src/main.o
 *fill*         0x0000000020000f83        0x1 
 .bss.parsebuf.53
                0x0000000020000f84       0x2e ./Core/Src/main.o
 .bss.bootup_flag.52
                0x0000000020000fb2        0x1 ./Core/Src/main.o
 *fill*         0x0000000020000fb3        0x1 
 .bss.prev_parsebuf.51
                0x0000000020000fb4       0x2e ./Core/Src/main.o
 .bss.i.50      0x0000000020000fe2        0x1 ./Core/Src/main.o
 *fill*         0x0000000020000fe3        0x1 
 .bss.val_savebuf.49
                0x0000000020000fe4       0x1a ./Core/Src/main.o
 *fill*         0x0000000020000ffe        0x2 
 .bss.hax_val_savebuf.48
                0x0000000020001000        0x2 ./Core/Src/main.o
 .bss.chk.47    0x0000000020001002        0x1 ./Core/Src/main.o
 *fill*         0x0000000020001003        0x1 
 .bss.parsebuf.46
                0x0000000020001004       0x2e ./Core/Src/main.o
 .bss.bootup_flag.45
                0x0000000020001032        0x1 ./Core/Src/main.o
 *fill*         0x0000000020001033        0x1 
 .bss.prev_parsebuf.44
                0x0000000020001034       0x2e ./Core/Src/main.o
 .bss.i.43      0x0000000020001062        0x1 ./Core/Src/main.o
 *fill*         0x0000000020001063        0x1 
 .bss.val_savebuf.42
                0x0000000020001064       0x1a ./Core/Src/main.o
 *fill*         0x000000002000107e        0x2 
 .bss.hax_val_savebuf.41
                0x0000000020001080        0x2 ./Core/Src/main.o
 .bss.chk.40    0x0000000020001082        0x1 ./Core/Src/main.o
 *fill*         0x0000000020001083        0x1 
 .bss.parsebuf.39
                0x0000000020001084       0x2e ./Core/Src/main.o
 .bss.bootup_flag.38
                0x00000000200010b2        0x1 ./Core/Src/main.o
 *fill*         0x00000000200010b3        0x1 
 .bss.prev_parsebuf.37
                0x00000000200010b4       0x2e ./Core/Src/main.o
 .bss.i.36      0x00000000200010e2        0x1 ./Core/Src/main.o
 *fill*         0x00000000200010e3        0x1 
 .bss.val_savebuf.35
                0x00000000200010e4       0x1a ./Core/Src/main.o
 *fill*         0x00000000200010fe        0x2 
 .bss.hax_val_savebuf.34
                0x0000000020001100        0x2 ./Core/Src/main.o
 .bss.chk.33    0x0000000020001102        0x1 ./Core/Src/main.o
 *fill*         0x0000000020001103        0x1 
 .bss.parsebuf.32
                0x0000000020001104       0x2e ./Core/Src/main.o
 .bss.bootup_flag.31
                0x0000000020001132        0x1 ./Core/Src/main.o
 *fill*         0x0000000020001133        0x1 
 .bss.prev_parsebuf.30
                0x0000000020001134       0x2e ./Core/Src/main.o
 .bss.i.29      0x0000000020001162        0x1 ./Core/Src/main.o
 *fill*         0x0000000020001163        0x1 
 .bss.val_savebuf.28
                0x0000000020001164       0x1a ./Core/Src/main.o
 *fill*         0x000000002000117e        0x2 
 .bss.hax_val_savebuf.27
                0x0000000020001180        0x2 ./Core/Src/main.o
 .bss.chk.26    0x0000000020001182        0x1 ./Core/Src/main.o
 *fill*         0x0000000020001183        0x1 
 .bss.parsebuf.25
                0x0000000020001184       0x2e ./Core/Src/main.o
 .bss.bootup_flag.24
                0x00000000200011b2        0x1 ./Core/Src/main.o
 *fill*         0x00000000200011b3        0x1 
 .bss.prev_parsebuf.23
                0x00000000200011b4       0x2e ./Core/Src/main.o
 .bss.i.22      0x00000000200011e2        0x1 ./Core/Src/main.o
 *fill*         0x00000000200011e3        0x1 
 .bss.val_savebuf.21
                0x00000000200011e4       0x1a ./Core/Src/main.o
 *fill*         0x00000000200011fe        0x2 
 .bss.hax_val_savebuf.20
                0x0000000020001200        0x2 ./Core/Src/main.o
 .bss.chk.19    0x0000000020001202        0x1 ./Core/Src/main.o
 *fill*         0x0000000020001203        0x1 
 .bss.parsebuf.18
                0x0000000020001204       0x2e ./Core/Src/main.o
 .bss.bootup_flag.17
                0x0000000020001232        0x1 ./Core/Src/main.o
 *fill*         0x0000000020001233        0x1 
 .bss.prev_parsebuf.16
                0x0000000020001234       0x2e ./Core/Src/main.o
 .bss.i.15      0x0000000020001262        0x1 ./Core/Src/main.o
 *fill*         0x0000000020001263        0x1 
 .bss.val_savebuf.14
                0x0000000020001264       0x1a ./Core/Src/main.o
 *fill*         0x000000002000127e        0x2 
 .bss.hax_val_savebuf.13
                0x0000000020001280        0x2 ./Core/Src/main.o
 .bss.chk.12    0x0000000020001282        0x1 ./Core/Src/main.o
 *fill*         0x0000000020001283        0x1 
 .bss.parsebuf.11
                0x0000000020001284       0x2e ./Core/Src/main.o
 .bss.bootup_flag.10
                0x00000000200012b2        0x1 ./Core/Src/main.o
 *fill*         0x00000000200012b3        0x1 
 .bss.prev_parsebuf.9
                0x00000000200012b4       0x2e ./Core/Src/main.o
 .bss.i.8       0x00000000200012e2        0x1 ./Core/Src/main.o
 *fill*         0x00000000200012e3        0x1 
 .bss.val_savebuf.7
                0x00000000200012e4       0x1a ./Core/Src/main.o
 *fill*         0x00000000200012fe        0x2 
 .bss.hax_val_savebuf.6
                0x0000000020001300        0x2 ./Core/Src/main.o
 .bss.j.5       0x0000000020001302        0x1 ./Core/Src/main.o
 *fill*         0x0000000020001303        0x1 
 .bss.m.4       0x0000000020001304        0x4 ./Core/Src/main.o
 .bss.chk.3     0x0000000020001308        0x9 ./Core/Src/main.o
 *fill*         0x0000000020001311        0x3 
 .bss.l.2       0x0000000020001314        0x4 ./Core/Src/main.o
 .bss.i.1       0x0000000020001318        0x4 ./Core/Src/main.o
 .bss.j.0       0x000000002000131c        0x4 ./Core/Src/main.o
 .bss.uwTick    0x0000000020001320        0x4 ./Drivers/STM32F4xx_HAL_Driver/Src/stm32f4xx_hal.o
                0x0000000020001320                uwTick
 *(COMMON)
                0x0000000020001324                . = ALIGN (0x4)
                0x0000000020001324                _ebss = .
                0x0000000020001324                __bss_end__ = _ebss

._user_heap_stack
                0x0000000020001324      0x604
                0x0000000020001328                . = ALIGN (0x8)
 *fill*         0x0000000020001324        0x4 
                [!provide]                        PROVIDE (end = .)
                0x0000000020001328                PROVIDE (_end = .)
                0x0000000020001528                . = (. + _Min_Heap_Size)
 *fill*         0x0000000020001328      0x200 
                0x0000000020001928                . = (. + _Min_Stack_Size)
 *fill*         0x0000000020001528      0x400 
                0x0000000020001928                . = ALIGN (0x8)

/DISCARD/
 libc.a(*)
 libm.a(*)
 libgcc.a(*)

.ARM.attributes
                0x0000000000000000       0x30
 *(.ARM.attributes)
 .ARM.attributes
                0x0000000000000000       0x1e C:/ST/STM32CubeIDE_1.14.0/STM32CubeIDE/plugins/com.st.stm32cube.ide.mcu.externaltools.gnu-tools-for-stm32.11.3.rel1.win32_1.1.100.202309141235/tools/bin/../lib/gcc/arm-none-eabi/11.3.1/thumb/v7e-m+fp/hard/crti.o
 .ARM.attributes
                0x000000000000001e       0x34 C:/ST/STM32CubeIDE_1.14.0/STM32CubeIDE/plugins/com.st.stm32cube.ide.mcu.externaltools.gnu-tools-for-stm32.11.3.rel1.win32_1.1.100.202309141235/tools/bin/../lib/gcc/arm-none-eabi/11.3.1/thumb/v7e-m+fp/hard/crtbegin.o
 .ARM.attributes
                0x0000000000000052       0x34 ./Core/Src/main.o
 .ARM.attributes
                0x0000000000000086       0x34 ./Core/Src/ringbuf.o
 .ARM.attributes
                0x00000000000000ba       0x34 ./Core/Src/stm32f4xx_hal_msp.o
 .ARM.attributes
                0x00000000000000ee       0x34 ./Core/Src/stm32f4xx_it.o
 .ARM.attributes
                0x0000000000000122       0x34 ./Core/Src/system_stm32f4xx.o
 .ARM.attributes
                0x0000000000000156       0x21 ./Core/Startup/startup_stm32f429zitx.o
 .ARM.attributes
                0x0000000000000177       0x34 ./Drivers/STM32F4xx_HAL_Driver/Src/stm32f4xx_hal.o
 .ARM.attributes
                0x00000000000001ab       0x34 ./Drivers/STM32F4xx_HAL_Driver/Src/stm32f4xx_hal_cortex.o
 .ARM.attributes
                0x00000000000001df       0x34 ./Drivers/STM32F4xx_HAL_Driver/Src/stm32f4xx_hal_dma.o
 .ARM.attributes
                0x0000000000000213       0x34 ./Drivers/STM32F4xx_HAL_Driver/Src/stm32f4xx_hal_gpio.o
 .ARM.attributes
                0x0000000000000247       0x34 ./Drivers/STM32F4xx_HAL_Driver/Src/stm32f4xx_hal_pwr_ex.o
 .ARM.attributes
                0x000000000000027b       0x34 ./Drivers/STM32F4xx_HAL_Driver/Src/stm32f4xx_hal_rcc.o
 .ARM.attributes
                0x00000000000002af       0x34 ./Drivers/STM32F4xx_HAL_Driver/Src/stm32f4xx_hal_rng.o
 .ARM.attributes
                0x00000000000002e3       0x34 ./Drivers/STM32F4xx_HAL_Driver/Src/stm32f4xx_hal_spi.o
 .ARM.attributes
                0x0000000000000317       0x34 ./Drivers/STM32F4xx_HAL_Driver/Src/stm32f4xx_hal_tim.o
 .ARM.attributes
                0x000000000000034b       0x34 ./Drivers/STM32F4xx_HAL_Driver/Src/stm32f4xx_hal_tim_ex.o
 .ARM.attributes
                0x000000000000037f       0x34 ./Drivers/STM32F4xx_HAL_Driver/Src/stm32f4xx_hal_uart.o
 .ARM.attributes
                0x00000000000003b3       0x34 C:/ST/STM32CubeIDE_1.14.0/STM32CubeIDE/plugins/com.st.stm32cube.ide.mcu.externaltools.gnu-tools-for-stm32.11.3.rel1.win32_1.1.100.202309141235/tools/bin/../lib/gcc/arm-none-eabi/11.3.1/../../../../arm-none-eabi/lib/thumb/v7e-m+fp/hard\libc_nano.a(libc_a-memset.o)
 .ARM.attributes
                0x00000000000003e7       0x34 C:/ST/STM32CubeIDE_1.14.0/STM32CubeIDE/plugins/com.st.stm32cube.ide.mcu.externaltools.gnu-tools-for-stm32.11.3.rel1.win32_1.1.100.202309141235/tools/bin/../lib/gcc/arm-none-eabi/11.3.1/../../../../arm-none-eabi/lib/thumb/v7e-m+fp/hard\libc_nano.a(libc_a-init.o)
 .ARM.attributes
                0x000000000000041b       0x34 C:/ST/STM32CubeIDE_1.14.0/STM32CubeIDE/plugins/com.st.stm32cube.ide.mcu.externaltools.gnu-tools-for-stm32.11.3.rel1.win32_1.1.100.202309141235/tools/bin/../lib/gcc/arm-none-eabi/11.3.1/../../../../arm-none-eabi/lib/thumb/v7e-m+fp/hard\libc_nano.a(libc_a-memcpy-stub.o)
 .ARM.attributes
                0x000000000000044f       0x1e C:/ST/STM32CubeIDE_1.14.0/STM32CubeIDE/plugins/com.st.stm32cube.ide.mcu.externaltools.gnu-tools-for-stm32.11.3.rel1.win32_1.1.100.202309141235/tools/bin/../lib/gcc/arm-none-eabi/11.3.1/thumb/v7e-m+fp/hard\libgcc.a(_arm_addsubdf3.o)
 .ARM.attributes
                0x000000000000046d       0x1e C:/ST/STM32CubeIDE_1.14.0/STM32CubeIDE/plugins/com.st.stm32cube.ide.mcu.externaltools.gnu-tools-for-stm32.11.3.rel1.win32_1.1.100.202309141235/tools/bin/../lib/gcc/arm-none-eabi/11.3.1/thumb/v7e-m+fp/hard\libgcc.a(_arm_muldivdf3.o)
 .ARM.attributes
                0x000000000000048b       0x1e C:/ST/STM32CubeIDE_1.14.0/STM32CubeIDE/plugins/com.st.stm32cube.ide.mcu.externaltools.gnu-tools-for-stm32.11.3.rel1.win32_1.1.100.202309141235/tools/bin/../lib/gcc/arm-none-eabi/11.3.1/thumb/v7e-m+fp/hard\libgcc.a(_arm_fixunsdfsi.o)
 .ARM.attributes
                0x00000000000004a9       0x1e C:/ST/STM32CubeIDE_1.14.0/STM32CubeIDE/plugins/com.st.stm32cube.ide.mcu.externaltools.gnu-tools-for-stm32.11.3.rel1.win32_1.1.100.202309141235/tools/bin/../lib/gcc/arm-none-eabi/11.3.1/thumb/v7e-m+fp/hard\libgcc.a(_aeabi_uldivmod.o)
 .ARM.attributes
                0x00000000000004c7       0x34 C:/ST/STM32CubeIDE_1.14.0/STM32CubeIDE/plugins/com.st.stm32cube.ide.mcu.externaltools.gnu-tools-for-stm32.11.3.rel1.win32_1.1.100.202309141235/tools/bin/../lib/gcc/arm-none-eabi/11.3.1/thumb/v7e-m+fp/hard\libgcc.a(_udivmoddi4.o)
 .ARM.attributes
                0x00000000000004fb       0x1e C:/ST/STM32CubeIDE_1.14.0/STM32CubeIDE/plugins/com.st.stm32cube.ide.mcu.externaltools.gnu-tools-for-stm32.11.3.rel1.win32_1.1.100.202309141235/tools/bin/../lib/gcc/arm-none-eabi/11.3.1/thumb/v7e-m+fp/hard\libgcc.a(_dvmd_tls.o)
 .ARM.attributes
                0x0000000000000519       0x1e C:/ST/STM32CubeIDE_1.14.0/STM32CubeIDE/plugins/com.st.stm32cube.ide.mcu.externaltools.gnu-tools-for-stm32.11.3.rel1.win32_1.1.100.202309141235/tools/bin/../lib/gcc/arm-none-eabi/11.3.1/thumb/v7e-m+fp/hard/crtn.o
OUTPUT(DGX.elf elf32-littlearm)
LOAD linker stubs
LOAD C:/ST/STM32CubeIDE_1.14.0/STM32CubeIDE/plugins/com.st.stm32cube.ide.mcu.externaltools.gnu-tools-for-stm32.11.3.rel1.win32_1.1.100.202309141235/tools/bin/../lib/gcc/arm-none-eabi/11.3.1/../../../../arm-none-eabi/lib/thumb/v7e-m+fp/hard\libc.a
LOAD C:/ST/STM32CubeIDE_1.14.0/STM32CubeIDE/plugins/com.st.stm32cube.ide.mcu.externaltools.gnu-tools-for-stm32.11.3.rel1.win32_1.1.100.202309141235/tools/bin/../lib/gcc/arm-none-eabi/11.3.1/../../../../arm-none-eabi/lib/thumb/v7e-m+fp/hard\libm.a
LOAD C:/ST/STM32CubeIDE_1.14.0/STM32CubeIDE/plugins/com.st.stm32cube.ide.mcu.externaltools.gnu-tools-for-stm32.11.3.rel1.win32_1.1.100.202309141235/tools/bin/../lib/gcc/arm-none-eabi/11.3.1/thumb/v7e-m+fp/hard\libgcc.a

.comment        0x0000000000000000       0x43
 .comment       0x0000000000000000       0x43 C:/ST/STM32CubeIDE_1.14.0/STM32CubeIDE/plugins/com.st.stm32cube.ide.mcu.externaltools.gnu-tools-for-stm32.11.3.rel1.win32_1.1.100.202309141235/tools/bin/../lib/gcc/arm-none-eabi/11.3.1/thumb/v7e-m+fp/hard/crtbegin.o
                                         0x44 (size before relaxing)
 .comment       0x0000000000000043       0x44 ./Core/Src/main.o
 .comment       0x0000000000000043       0x44 ./Core/Src/ringbuf.o
 .comment       0x0000000000000043       0x44 ./Core/Src/stm32f4xx_hal_msp.o
 .comment       0x0000000000000043       0x44 ./Core/Src/stm32f4xx_it.o
 .comment       0x0000000000000043       0x44 ./Core/Src/system_stm32f4xx.o
 .comment       0x0000000000000043       0x44 ./Drivers/STM32F4xx_HAL_Driver/Src/stm32f4xx_hal.o
 .comment       0x0000000000000043       0x44 ./Drivers/STM32F4xx_HAL_Driver/Src/stm32f4xx_hal_cortex.o
 .comment       0x0000000000000043       0x44 ./Drivers/STM32F4xx_HAL_Driver/Src/stm32f4xx_hal_dma.o
 .comment       0x0000000000000043       0x44 ./Drivers/STM32F4xx_HAL_Driver/Src/stm32f4xx_hal_gpio.o
 .comment       0x0000000000000043       0x44 ./Drivers/STM32F4xx_HAL_Driver/Src/stm32f4xx_hal_pwr_ex.o
 .comment       0x0000000000000043       0x44 ./Drivers/STM32F4xx_HAL_Driver/Src/stm32f4xx_hal_rcc.o
 .comment       0x0000000000000043       0x44 ./Drivers/STM32F4xx_HAL_Driver/Src/stm32f4xx_hal_rng.o
 .comment       0x0000000000000043       0x44 ./Drivers/STM32F4xx_HAL_Driver/Src/stm32f4xx_hal_spi.o
 .comment       0x0000000000000043       0x44 ./Drivers/STM32F4xx_HAL_Driver/Src/stm32f4xx_hal_tim.o
 .comment       0x0000000000000043       0x44 ./Drivers/STM32F4xx_HAL_Driver/Src/stm32f4xx_hal_tim_ex.o
 .comment       0x0000000000000043       0x44 ./Drivers/STM32F4xx_HAL_Driver/Src/stm32f4xx_hal_uart.o

.debug_info     0x0000000000000000    0x11d24
 .debug_info    0x0000000000000000     0x32a8 ./Core/Src/main.o
 .debug_info    0x00000000000032a8      0x3fe ./Core/Src/ringbuf.o
 .debug_info    0x00000000000036a6     0x1557 ./Core/Src/stm32f4xx_hal_msp.o
 .debug_info    0x0000000000004bfd      0xcf1 ./Core/Src/stm32f4xx_it.o
 .debug_info    0x00000000000058ee      0x52e ./Core/Src/system_stm32f4xx.o
 .debug_info    0x0000000000005e1c       0x23 ./Core/Startup/startup_stm32f429zitx.o
 .debug_info    0x0000000000005e3f      0x9ba ./Drivers/STM32F4xx_HAL_Driver/Src/stm32f4xx_hal.o
 .debug_info    0x00000000000067f9      0xd8d ./Drivers/STM32F4xx_HAL_Driver/Src/stm32f4xx_hal_cortex.o
 .debug_info    0x0000000000007586      0x8e7 ./Drivers/STM32F4xx_HAL_Driver/Src/stm32f4xx_hal_dma.o
 .debug_info    0x0000000000007e6d      0x6db ./Drivers/STM32F4xx_HAL_Driver/Src/stm32f4xx_hal_gpio.o
 .debug_info    0x0000000000008548      0x6be ./Drivers/STM32F4xx_HAL_Driver/Src/stm32f4xx_hal_pwr_ex.o
 .debug_info    0x0000000000008c06      0x8c9 ./Drivers/STM32F4xx_HAL_Driver/Src/stm32f4xx_hal_rcc.o
 .debug_info    0x00000000000094cf      0x493 ./Drivers/STM32F4xx_HAL_Driver/Src/stm32f4xx_hal_rng.o
 .debug_info    0x0000000000009962     0x15fb ./Drivers/STM32F4xx_HAL_Driver/Src/stm32f4xx_hal_spi.o
 .debug_info    0x000000000000af5d     0x299d ./Drivers/STM32F4xx_HAL_Driver/Src/stm32f4xx_hal_tim.o
 .debug_info    0x000000000000d8fa     0x14db ./Drivers/STM32F4xx_HAL_Driver/Src/stm32f4xx_hal_tim_ex.o
 .debug_info    0x000000000000edd5     0x2f4f ./Drivers/STM32F4xx_HAL_Driver/Src/stm32f4xx_hal_uart.o

.debug_abbrev   0x0000000000000000     0x2489
 .debug_abbrev  0x0000000000000000      0x3a6 ./Core/Src/main.o
 .debug_abbrev  0x00000000000003a6      0x16a ./Core/Src/ringbuf.o
 .debug_abbrev  0x0000000000000510      0x23b ./Core/Src/stm32f4xx_hal_msp.o
 .debug_abbrev  0x000000000000074b      0x1c8 ./Core/Src/stm32f4xx_it.o
 .debug_abbrev  0x0000000000000913      0x11a ./Core/Src/system_stm32f4xx.o
 .debug_abbrev  0x0000000000000a2d       0x12 ./Core/Startup/startup_stm32f429zitx.o
 .debug_abbrev  0x0000000000000a3f      0x214 ./Drivers/STM32F4xx_HAL_Driver/Src/stm32f4xx_hal.o
 .debug_abbrev  0x0000000000000c53      0x328 ./Drivers/STM32F4xx_HAL_Driver/Src/stm32f4xx_hal_cortex.o
 .debug_abbrev  0x0000000000000f7b      0x264 ./Drivers/STM32F4xx_HAL_Driver/Src/stm32f4xx_hal_dma.o
 .debug_abbrev  0x00000000000011df      0x1d4 ./Drivers/STM32F4xx_HAL_Driver/Src/stm32f4xx_hal_gpio.o
 .debug_abbrev  0x00000000000013b3      0x1cf ./Drivers/STM32F4xx_HAL_Driver/Src/stm32f4xx_hal_pwr_ex.o
 .debug_abbrev  0x0000000000001582      0x2b6 ./Drivers/STM32F4xx_HAL_Driver/Src/stm32f4xx_hal_rcc.o
 .debug_abbrev  0x0000000000001838      0x1c4 ./Drivers/STM32F4xx_HAL_Driver/Src/stm32f4xx_hal_rng.o
 .debug_abbrev  0x00000000000019fc      0x284 ./Drivers/STM32F4xx_HAL_Driver/Src/stm32f4xx_hal_spi.o
 .debug_abbrev  0x0000000000001c80      0x278 ./Drivers/STM32F4xx_HAL_Driver/Src/stm32f4xx_hal_tim.o
 .debug_abbrev  0x0000000000001ef8      0x283 ./Drivers/STM32F4xx_HAL_Driver/Src/stm32f4xx_hal_tim_ex.o
 .debug_abbrev  0x000000000000217b      0x30e ./Drivers/STM32F4xx_HAL_Driver/Src/stm32f4xx_hal_uart.o

.debug_aranges  0x0000000000000000     0x1130
 .debug_aranges
                0x0000000000000000      0x1f8 ./Core/Src/main.o
 .debug_aranges
                0x00000000000001f8       0x50 ./Core/Src/ringbuf.o
 .debug_aranges
                0x0000000000000248       0x60 ./Core/Src/stm32f4xx_hal_msp.o
 .debug_aranges
                0x00000000000002a8       0xb0 ./Core/Src/stm32f4xx_it.o
 .debug_aranges
                0x0000000000000358       0x28 ./Core/Src/system_stm32f4xx.o
 .debug_aranges
                0x0000000000000380       0x28 ./Core/Startup/startup_stm32f429zitx.o
 .debug_aranges
                0x00000000000003a8      0x100 ./Drivers/STM32F4xx_HAL_Driver/Src/stm32f4xx_hal.o
 .debug_aranges
                0x00000000000004a8      0x120 ./Drivers/STM32F4xx_HAL_Driver/Src/stm32f4xx_hal_cortex.o
 .debug_aranges
                0x00000000000005c8       0x90 ./Drivers/STM32F4xx_HAL_Driver/Src/stm32f4xx_hal_dma.o
 .debug_aranges
                0x0000000000000658       0x58 ./Drivers/STM32F4xx_HAL_Driver/Src/stm32f4xx_hal_gpio.o
 .debug_aranges
                0x00000000000006b0       0x60 ./Drivers/STM32F4xx_HAL_Driver/Src/stm32f4xx_hal_pwr_ex.o
 .debug_aranges
                0x0000000000000710       0x88 ./Drivers/STM32F4xx_HAL_Driver/Src/stm32f4xx_hal_rcc.o
 .debug_aranges
                0x0000000000000798       0x88 ./Drivers/STM32F4xx_HAL_Driver/Src/stm32f4xx_hal_rng.o
 .debug_aranges
                0x0000000000000820      0x1d0 ./Drivers/STM32F4xx_HAL_Driver/Src/stm32f4xx_hal_spi.o
 .debug_aranges
                0x00000000000009f0      0x3d0 ./Drivers/STM32F4xx_HAL_Driver/Src/stm32f4xx_hal_tim.o
 .debug_aranges
                0x0000000000000dc0      0x168 ./Drivers/STM32F4xx_HAL_Driver/Src/stm32f4xx_hal_tim_ex.o
 .debug_aranges
                0x0000000000000f28      0x208 ./Drivers/STM32F4xx_HAL_Driver/Src/stm32f4xx_hal_uart.o

.debug_rnglists
                0x0000000000000000      0xd7e
 .debug_rnglists
                0x0000000000000000      0x194 ./Core/Src/main.o
 .debug_rnglists
                0x0000000000000194       0x3a ./Core/Src/ringbuf.o
 .debug_rnglists
                0x00000000000001ce       0x46 ./Core/Src/stm32f4xx_hal_msp.o
 .debug_rnglists
                0x0000000000000214       0x7f ./Core/Src/stm32f4xx_it.o
 .debug_rnglists
                0x0000000000000293       0x1a ./Core/Src/system_stm32f4xx.o
 .debug_rnglists
                0x00000000000002ad       0x19 ./Core/Startup/startup_stm32f429zitx.o
 .debug_rnglists
                0x00000000000002c6       0xbb ./Drivers/STM32F4xx_HAL_Driver/Src/stm32f4xx_hal.o
 .debug_rnglists
                0x0000000000000381       0xd4 ./Drivers/STM32F4xx_HAL_Driver/Src/stm32f4xx_hal_cortex.o
 .debug_rnglists
                0x0000000000000455       0x70 ./Drivers/STM32F4xx_HAL_Driver/Src/stm32f4xx_hal_dma.o
 .debug_rnglists
                0x00000000000004c5       0x3f ./Drivers/STM32F4xx_HAL_Driver/Src/stm32f4xx_hal_gpio.o
 .debug_rnglists
                0x0000000000000504       0x47 ./Drivers/STM32F4xx_HAL_Driver/Src/stm32f4xx_hal_pwr_ex.o
 .debug_rnglists
                0x000000000000054b       0x66 ./Drivers/STM32F4xx_HAL_Driver/Src/stm32f4xx_hal_rcc.o
 .debug_rnglists
                0x00000000000005b1       0x63 ./Drivers/STM32F4xx_HAL_Driver/Src/stm32f4xx_hal_rng.o
 .debug_rnglists
                0x0000000000000614      0x16f ./Drivers/STM32F4xx_HAL_Driver/Src/stm32f4xx_hal_spi.o
 .debug_rnglists
                0x0000000000000783      0x31a ./Drivers/STM32F4xx_HAL_Driver/Src/stm32f4xx_hal_tim.o
 .debug_rnglists
                0x0000000000000a9d      0x125 ./Drivers/STM32F4xx_HAL_Driver/Src/stm32f4xx_hal_tim_ex.o
 .debug_rnglists
                0x0000000000000bc2      0x1bc ./Drivers/STM32F4xx_HAL_Driver/Src/stm32f4xx_hal_uart.o

.debug_macro    0x0000000000000000    0x24469
 .debug_macro   0x0000000000000000      0x324 ./Core/Src/main.o
 .debug_macro   0x0000000000000324      0xaa8 ./Core/Src/main.o
 .debug_macro   0x0000000000000dcc      0x2a7 ./Core/Src/main.o
 .debug_macro   0x0000000000001073       0x2e ./Core/Src/main.o
 .debug_macro   0x00000000000010a1       0x28 ./Core/Src/main.o
 .debug_macro   0x00000000000010c9       0x22 ./Core/Src/main.o
 .debug_macro   0x00000000000010eb       0x8e ./Core/Src/main.o
 .debug_macro   0x0000000000001179       0x51 ./Core/Src/main.o
 .debug_macro   0x00000000000011ca      0x103 ./Core/Src/main.o
 .debug_macro   0x00000000000012cd       0x6a ./Core/Src/main.o
 .debug_macro   0x0000000000001337      0x1df ./Core/Src/main.o
 .debug_macro   0x0000000000001516       0x1c ./Core/Src/main.o
 .debug_macro   0x0000000000001532       0x22 ./Core/Src/main.o
 .debug_macro   0x0000000000001554       0xfb ./Core/Src/main.o
 .debug_macro   0x000000000000164f     0x1011 ./Core/Src/main.o
 .debug_macro   0x0000000000002660      0x11f ./Core/Src/main.o
 .debug_macro   0x000000000000277f    0x17fd8 ./Core/Src/main.o
 .debug_macro   0x000000000001a757       0x6d ./Core/Src/main.o
 .debug_macro   0x000000000001a7c4     0x3703 ./Core/Src/main.o
 .debug_macro   0x000000000001dec7      0x174 ./Core/Src/main.o
 .debug_macro   0x000000000001e03b       0x5c ./Core/Src/main.o
 .debug_macro   0x000000000001e097      0xcba ./Core/Src/main.o
 .debug_macro   0x000000000001ed51      0x9e9 ./Core/Src/main.o
 .debug_macro   0x000000000001f73a      0x115 ./Core/Src/main.o
 .debug_macro   0x000000000001f84f      0x156 ./Core/Src/main.o
 .debug_macro   0x000000000001f9a5       0xa5 ./Core/Src/main.o
 .debug_macro   0x000000000001fa4a      0x182 ./Core/Src/main.o
 .debug_macro   0x000000000001fbcc      0x287 ./Core/Src/main.o
 .debug_macro   0x000000000001fe53       0x5f ./Core/Src/main.o
 .debug_macro   0x000000000001feb2      0x236 ./Core/Src/main.o
 .debug_macro   0x00000000000200e8      0x132 ./Core/Src/main.o
 .debug_macro   0x000000000002021a      0x41d ./Core/Src/main.o
 .debug_macro   0x0000000000020637       0x2e ./Core/Src/main.o
 .debug_macro   0x0000000000020665      0x127 ./Core/Src/main.o
 .debug_macro   0x000000000002078c       0xe2 ./Core/Src/main.o
 .debug_macro   0x000000000002086e       0x89 ./Core/Src/main.o
 .debug_macro   0x00000000000208f7       0xa4 ./Core/Src/main.o
 .debug_macro   0x000000000002099b      0x225 ./Core/Src/main.o
 .debug_macro   0x0000000000020bc0      0x8ed ./Core/Src/main.o
 .debug_macro   0x00000000000214ad       0x4d ./Core/Src/main.o
 .debug_macro   0x00000000000214fa      0x2aa ./Core/Src/main.o
 .debug_macro   0x00000000000217a4      0x134 ./Core/Src/main.o
 .debug_macro   0x00000000000218d8      0x148 ./Core/Src/main.o
 .debug_macro   0x0000000000021a20       0x1c ./Core/Src/main.o
 .debug_macro   0x0000000000021a3c       0x61 ./Core/Src/main.o
 .debug_macro   0x0000000000021a9d       0x2a ./Core/Src/main.o
 .debug_macro   0x0000000000021ac7       0x43 ./Core/Src/main.o
 .debug_macro   0x0000000000021b0a       0x34 ./Core/Src/main.o
 .debug_macro   0x0000000000021b3e       0x16 ./Core/Src/main.o
 .debug_macro   0x0000000000021b54       0x43 ./Core/Src/main.o
 .debug_macro   0x0000000000021b97       0x34 ./Core/Src/main.o
 .debug_macro   0x0000000000021bcb       0x10 ./Core/Src/main.o
 .debug_macro   0x0000000000021bdb       0x58 ./Core/Src/main.o
 .debug_macro   0x0000000000021c33       0x8e ./Core/Src/main.o
 .debug_macro   0x0000000000021cc1       0x1c ./Core/Src/main.o
 .debug_macro   0x0000000000021cdd      0x177 ./Core/Src/main.o
 .debug_macro   0x0000000000021e54      0x369 ./Core/Src/main.o
 .debug_macro   0x00000000000221bd      0x19b ./Core/Src/main.o
 .debug_macro   0x0000000000022358       0x1c ./Core/Src/main.o
 .debug_macro   0x0000000000022374       0x35 ./Core/Src/main.o
 .debug_macro   0x00000000000223a9       0x10 ./Core/Src/main.o
 .debug_macro   0x00000000000223b9       0x1c ./Core/Src/main.o
 .debug_macro   0x00000000000223d5       0x16 ./Core/Src/main.o
 .debug_macro   0x00000000000223eb      0x147 ./Core/Src/main.o
 .debug_macro   0x0000000000022532       0x16 ./Core/Src/main.o
 .debug_macro   0x0000000000022548       0x20 ./Core/Src/main.o
 .debug_macro   0x0000000000022568       0x22 ./Core/Src/main.o
 .debug_macro   0x000000000002258a       0x10 ./Core/Src/main.o
 .debug_macro   0x000000000002259a      0x11f ./Core/Src/main.o
 .debug_macro   0x00000000000226b9      0x117 ./Core/Src/ringbuf.o
 .debug_macro   0x00000000000227d0       0x5b ./Core/Src/ringbuf.o
 .debug_macro   0x000000000002282b       0x94 ./Core/Src/ringbuf.o
 .debug_macro   0x00000000000228bf       0x57 ./Core/Src/ringbuf.o
 .debug_macro   0x0000000000022916       0x10 ./Core/Src/ringbuf.o
 .debug_macro   0x0000000000022926      0x1f1 ./Core/Src/stm32f4xx_hal_msp.o
 .debug_macro   0x0000000000022b17      0x1fb ./Core/Src/stm32f4xx_it.o
 .debug_macro   0x0000000000022d12      0x1e2 ./Core/Src/system_stm32f4xx.o
 .debug_macro   0x0000000000022ef4      0x242 ./Drivers/STM32F4xx_HAL_Driver/Src/stm32f4xx_hal.o
 .debug_macro   0x0000000000023136      0x1e2 ./Drivers/STM32F4xx_HAL_Driver/Src/stm32f4xx_hal_cortex.o
 .debug_macro   0x0000000000023318      0x1e8 ./Drivers/STM32F4xx_HAL_Driver/Src/stm32f4xx_hal_dma.o
 .debug_macro   0x0000000000023500      0x1e8 ./Drivers/STM32F4xx_HAL_Driver/Src/stm32f4xx_hal_gpio.o
 .debug_macro   0x00000000000236e8      0x1fa ./Drivers/STM32F4xx_HAL_Driver/Src/stm32f4xx_hal_pwr_ex.o
 .debug_macro   0x00000000000238e2      0x206 ./Drivers/STM32F4xx_HAL_Driver/Src/stm32f4xx_hal_rcc.o
 .debug_macro   0x0000000000023ae8      0x1e8 ./Drivers/STM32F4xx_HAL_Driver/Src/stm32f4xx_hal_rng.o
 .debug_macro   0x0000000000023cd0      0x1f1 ./Drivers/STM32F4xx_HAL_Driver/Src/stm32f4xx_hal_spi.o
 .debug_macro   0x0000000000023ec1      0x1e3 ./Drivers/STM32F4xx_HAL_Driver/Src/stm32f4xx_hal_tim.o
 .debug_macro   0x00000000000240a4      0x1e2 ./Drivers/STM32F4xx_HAL_Driver/Src/stm32f4xx_hal_tim_ex.o
 .debug_macro   0x0000000000024286      0x1e3 ./Drivers/STM32F4xx_HAL_Driver/Src/stm32f4xx_hal_uart.o

.debug_line     0x0000000000000000    0x13179
 .debug_line    0x0000000000000000     0x20af ./Core/Src/main.o
 .debug_line    0x00000000000020af      0x759 ./Core/Src/ringbuf.o
 .debug_line    0x0000000000002808      0xa29 ./Core/Src/stm32f4xx_hal_msp.o
 .debug_line    0x0000000000003231      0x92f ./Core/Src/stm32f4xx_it.o
 .debug_line    0x0000000000003b60      0x7fe ./Core/Src/system_stm32f4xx.o
 .debug_line    0x000000000000435e       0x7a ./Core/Startup/startup_stm32f429zitx.o
 .debug_line    0x00000000000043d8      0xa9a ./Drivers/STM32F4xx_HAL_Driver/Src/stm32f4xx_hal.o
 .debug_line    0x0000000000004e72      0xd30 ./Drivers/STM32F4xx_HAL_Driver/Src/stm32f4xx_hal_cortex.o
 .debug_line    0x0000000000005ba2      0xfc8 ./Drivers/STM32F4xx_HAL_Driver/Src/stm32f4xx_hal_dma.o
 .debug_line    0x0000000000006b6a      0xc00 ./Drivers/STM32F4xx_HAL_Driver/Src/stm32f4xx_hal_gpio.o
 .debug_line    0x000000000000776a      0x98d ./Drivers/STM32F4xx_HAL_Driver/Src/stm32f4xx_hal_pwr_ex.o
 .debug_line    0x00000000000080f7      0xddd ./Drivers/STM32F4xx_HAL_Driver/Src/stm32f4xx_hal_rcc.o
 .debug_line    0x0000000000008ed4      0x9f9 ./Drivers/STM32F4xx_HAL_Driver/Src/stm32f4xx_hal_rng.o
 .debug_line    0x00000000000098cd     0x1d3b ./Drivers/STM32F4xx_HAL_Driver/Src/stm32f4xx_hal_spi.o
 .debug_line    0x000000000000b608     0x37f0 ./Drivers/STM32F4xx_HAL_Driver/Src/stm32f4xx_hal_tim.o
 .debug_line    0x000000000000edf8     0x1a60 ./Drivers/STM32F4xx_HAL_Driver/Src/stm32f4xx_hal_tim_ex.o
 .debug_line    0x0000000000010858     0x2921 ./Drivers/STM32F4xx_HAL_Driver/Src/stm32f4xx_hal_uart.o

.debug_str      0x0000000000000000    0xde59c
 .debug_str     0x0000000000000000    0xdaccc ./Core/Src/main.o
                                      0xdb0e9 (size before relaxing)
 .debug_str     0x00000000000daccc       0x75 ./Core/Src/ringbuf.o
                                       0x67e3 (size before relaxing)
 .debug_str     0x00000000000dad41      0x664 ./Core/Src/stm32f4xx_hal_msp.o
                                      0xd5ced (size before relaxing)
 .debug_str     0x00000000000db3a5      0x1af ./Core/Src/stm32f4xx_it.o
                                      0xd562d (size before relaxing)
 .debug_str     0x00000000000db554       0xdb ./Core/Src/system_stm32f4xx.o
                                      0xd477c (size before relaxing)
 .debug_str     0x00000000000db62f       0x34 ./Core/Startup/startup_stm32f429zitx.o
                                         0x6a (size before relaxing)
 .debug_str     0x00000000000db663      0x63e ./Drivers/STM32F4xx_HAL_Driver/Src/stm32f4xx_hal.o
                                      0xd539f (size before relaxing)
 .debug_str     0x00000000000dbca1      0x333 ./Drivers/STM32F4xx_HAL_Driver/Src/stm32f4xx_hal_cortex.o
                                      0xd509b (size before relaxing)
 .debug_str     0x00000000000dbfd4      0x315 ./Drivers/STM32F4xx_HAL_Driver/Src/stm32f4xx_hal_dma.o
                                      0xd4b83 (size before relaxing)
 .debug_str     0x00000000000dc2e9       0xfd ./Drivers/STM32F4xx_HAL_Driver/Src/stm32f4xx_hal_gpio.o
                                      0xd48f7 (size before relaxing)
 .debug_str     0x00000000000dc3e6      0x135 ./Drivers/STM32F4xx_HAL_Driver/Src/stm32f4xx_hal_pwr_ex.o
                                      0xd4954 (size before relaxing)
 .debug_str     0x00000000000dc51b      0x233 ./Drivers/STM32F4xx_HAL_Driver/Src/stm32f4xx_hal_rcc.o
                                      0xd4bb0 (size before relaxing)
 .debug_str     0x00000000000dc74e      0x157 ./Drivers/STM32F4xx_HAL_Driver/Src/stm32f4xx_hal_rng.o
                                      0xd4869 (size before relaxing)
 .debug_str     0x00000000000dc8a5      0x506 ./Drivers/STM32F4xx_HAL_Driver/Src/stm32f4xx_hal_spi.o
                                      0xd502d (size before relaxing)
 .debug_str     0x00000000000dcdab      0xd9d ./Drivers/STM32F4xx_HAL_Driver/Src/stm32f4xx_hal_tim.o
                                      0xd5af3 (size before relaxing)
 .debug_str     0x00000000000ddb48      0x493 ./Drivers/STM32F4xx_HAL_Driver/Src/stm32f4xx_hal_tim_ex.o
                                      0xd52ff (size before relaxing)
 .debug_str     0x00000000000ddfdb      0x5c1 ./Drivers/STM32F4xx_HAL_Driver/Src/stm32f4xx_hal_uart.o
                                      0xd517e (size before relaxing)

.debug_frame    0x0000000000000000     0x49f4
 .debug_frame   0x0000000000000000      0x824 ./Core/Src/main.o
 .debug_frame   0x0000000000000824      0x11c ./Core/Src/ringbuf.o
 .debug_frame   0x0000000000000940      0x164 ./Core/Src/stm32f4xx_hal_msp.o
 .debug_frame   0x0000000000000aa4      0x21c ./Core/Src/stm32f4xx_it.o
 .debug_frame   0x0000000000000cc0       0x58 ./Core/Src/system_stm32f4xx.o
 .debug_frame   0x0000000000000d18      0x3b4 ./Drivers/STM32F4xx_HAL_Driver/Src/stm32f4xx_hal.o
 .debug_frame   0x00000000000010cc      0x4b8 ./Drivers/STM32F4xx_HAL_Driver/Src/stm32f4xx_hal_cortex.o
 .debug_frame   0x0000000000001584      0x250 ./Drivers/STM32F4xx_HAL_Driver/Src/stm32f4xx_hal_dma.o
 .debug_frame   0x00000000000017d4      0x14c ./Drivers/STM32F4xx_HAL_Driver/Src/stm32f4xx_hal_gpio.o
 .debug_frame   0x0000000000001920      0x14c ./Drivers/STM32F4xx_HAL_Driver/Src/stm32f4xx_hal_pwr_ex.o
 .debug_frame   0x0000000000001a6c      0x1f4 ./Drivers/STM32F4xx_HAL_Driver/Src/stm32f4xx_hal_rcc.o
 .debug_frame   0x0000000000001c60      0x22c ./Drivers/STM32F4xx_HAL_Driver/Src/stm32f4xx_hal_rng.o
 .debug_frame   0x0000000000001e8c      0x828 ./Drivers/STM32F4xx_HAL_Driver/Src/stm32f4xx_hal_spi.o
 .debug_frame   0x00000000000026b4     0x11c0 ./Drivers/STM32F4xx_HAL_Driver/Src/stm32f4xx_hal_tim.o
 .debug_frame   0x0000000000003874      0x638 ./Drivers/STM32F4xx_HAL_Driver/Src/stm32f4xx_hal_tim_ex.o
 .debug_frame   0x0000000000003eac      0x954 ./Drivers/STM32F4xx_HAL_Driver/Src/stm32f4xx_hal_uart.o
 .debug_frame   0x0000000000004800       0x20 C:/ST/STM32CubeIDE_1.14.0/STM32CubeIDE/plugins/com.st.stm32cube.ide.mcu.externaltools.gnu-tools-for-stm32.11.3.rel1.win32_1.1.100.202309141235/tools/bin/../lib/gcc/arm-none-eabi/11.3.1/../../../../arm-none-eabi/lib/thumb/v7e-m+fp/hard\libc_nano.a(libc_a-memset.o)